--------- beginning of system
03-03 14:49:55.873  1018  1216 D DisplayManagerService: Display listener for pid 5755 died.
03-03 14:49:55.873  1018  1711 I ActivityManager: Process com.gionee.cloud.gpe (pid 5755) has died
03-03 14:49:55.873  1018  1711 D ActivityManager: SVC-handleAppDiedLocked: app = ProcessRecord{9aec76e 5755:com.gionee.cloud.gpe/u0a67}, app.pid = 5755
03-03 14:49:55.873  1018  1711 D ActivityManager: cleanUpApplicationRecord -- 5755
03-03 14:49:55.873  1018  1711 D ActivityManager: removeDyingProviderLocked: cpr=ContentProviderRecord{1154f7e u0 com.gionee.cloud.gpe/.provider.NotifyPushProvider} always=false inLaunching=false
03-03 14:49:55.873  1018  1711 D ActivityManager: SVC-mBroadcastQueues: com.android.server.am.BroadcastQueue@200e9c
03-03 14:49:55.873  1018  1711 D ActivityManager: SVC-mBroadcastQueues: com.android.server.am.BroadcastQueue@ac1f0a5
03-03 14:49:55.874  1018  1711 W ActivityManager: Re-adding persistent process ProcessRecord{9aec76e 5755:com.gionee.cloud.gpe/u0a67}
03-03 14:49:55.978  5773  5773 D ActivityThread: installProvider: context.getPackageName()=com.gionee.cloud.gpe
03-03 14:49:56.065  1018  1904 D ActivityManager: publishContentProviders: from caller=android.app.ApplicationThreadProxy@dbf6cdf (pid=5773)
03-03 14:49:56.069  1018  1048 D ActivityManager: getContentProviderImpl: from caller=android.app.ApplicationThreadProxy@657f7fb (pid=5773, userId=0) to get content provider settings cpr=ContentProviderRecord{9ff2abc u0 com.android.providers.settings/.SettingsProvider}
03-03 14:49:56.069  1018  1048 D ActivityManager: getContentProviderImpl: updateLruProcessLocked cpr.proc=ProcessRecord{5da5ec4 1018:system/1000}
03-03 14:49:56.070  5773  5773 D ActivityThread: holder:android.app.IActivityManager$ContentProviderHolder@720faef, holder.provider:android.content.ContentProviderProxy@959d9fc
03-03 14:49:56.071  1018  1711 D ActivityManager: getContentProviderImpl: from caller=android.app.ApplicationThreadProxy@8254018 (pid=5773, userId=0) to get content provider com.amigo.chameleon.provider cpr=ContentProviderRecord{fbfbc72 u0 com.amigo.chameleon/.provider.ChameleonProvider}
03-03 14:49:56.071  1018  1711 D ActivityManager: getContentProviderImpl: updateLruProcessLocked cpr.proc=ProcessRecord{23a28c3 23163:com.amigo.chameleon/u0a0}
03-03 14:49:56.073  5773  5773 D ActivityThread: holder:android.app.IActivityManager$ContentProviderHolder@5016da, holder.provider:android.content.ContentProviderProxy@fac570b
03-03 14:49:56.132  1018  1904 D DisplayManagerService: Display listener for pid 5773 died.
03-03 14:49:56.132  1018  1216 I ActivityManager: Process com.gionee.cloud.gpe (pid 5773) has died
03-03 14:49:56.133  1018  1216 D ActivityManager: SVC-handleAppDiedLocked: app = ProcessRecord{9aec76e 5773:com.gionee.cloud.gpe/u0a67}, app.pid = 5773
03-03 14:49:56.133  1018  1216 D ActivityManager: cleanUpApplicationRecord -- 5773
03-03 14:49:56.133  1018  1216 D ActivityManager: removeDyingProviderLocked: cpr=ContentProviderRecord{bf3ca71 u0 com.gionee.cloud.gpe/.provider.NotifyPushProvider} always=false inLaunching=false
03-03 14:49:56.133  1018  1216 D ActivityManager: SVC-mBroadcastQueues: com.android.server.am.BroadcastQueue@200e9c
03-03 14:49:56.133  1018  1216 D ActivityManager: SVC-mBroadcastQueues: com.android.server.am.BroadcastQueue@ac1f0a5
03-03 14:49:56.133  1018  1216 W ActivityManager: Re-adding persistent process ProcessRecord{9aec76e 5773:com.gionee.cloud.gpe/u0a67}
03-03 14:49:56.269  5787  5787 D ActivityThread: installProvider: context.getPackageName()=com.gionee.cloud.gpe
03-03 14:49:56.381  1018  6022 D ActivityManager: publishContentProviders: from caller=android.app.ApplicationThreadProxy@2e1d056 (pid=5787)
03-03 14:49:56.384  1018  1712 D ActivityManager: getContentProviderImpl: from caller=android.app.ApplicationThreadProxy@3c29be2 (pid=5787, userId=0) to get content provider settings cpr=ContentProviderRecord{9ff2abc u0 com.android.providers.settings/.SettingsProvider}
03-03 14:49:56.384  1018  1712 D ActivityManager: getContentProviderImpl: updateLruProcessLocked cpr.proc=ProcessRecord{5da5ec4 1018:system/1000}
03-03 14:49:56.385  5787  5787 D ActivityThread: holder:android.app.IActivityManager$ContentProviderHolder@720faef, holder.provider:android.content.ContentProviderProxy@959d9fc
03-03 14:49:56.386  1018  1216 D ActivityManager: getContentProviderImpl: from caller=android.app.ApplicationThreadProxy@8276b73 (pid=5787, userId=0) to get content provider com.amigo.chameleon.provider cpr=ContentProviderRecord{fbfbc72 u0 com.amigo.chameleon/.provider.ChameleonProvider}
03-03 14:49:56.386  1018  1216 D ActivityManager: getContentProviderImpl: updateLruProcessLocked cpr.proc=ProcessRecord{23a28c3 23163:com.amigo.chameleon/u0a0}
03-03 14:49:56.388  5787  5787 D ActivityThread: holder:android.app.IActivityManager$ContentProviderHolder@5016da, holder.provider:android.content.ContentProviderProxy@fac570b
03-03 14:49:56.443  1018  1904 I ActivityManager: Process com.gionee.cloud.gpe (pid 5787) has died
03-03 14:49:56.443  1018  1904 D ActivityManager: SVC-handleAppDiedLocked: app = ProcessRecord{9aec76e 5787:com.gionee.cloud.gpe/u0a67}, app.pid = 5787
03-03 14:49:56.443  1018  1904 D ActivityManager: cleanUpApplicationRecord -- 5787
03-03 14:49:56.443  1018  1904 D ActivityManager: removeDyingProviderLocked: cpr=ContentProviderRecord{977fa30 u0 com.gionee.cloud.gpe/.provider.NotifyPushProvider} always=false inLaunching=false
03-03 14:49:56.443  1018  1904 D ActivityManager: SVC-mBroadcastQueues: com.android.server.am.BroadcastQueue@200e9c
03-03 14:49:56.443  1018  1904 D ActivityManager: SVC-mBroadcastQueues: com.android.server.am.BroadcastQueue@ac1f0a5
03-03 14:49:56.443  1018  1896 D DisplayManagerService: Display listener for pid 5787 died.
03-03 14:49:56.444  1018  1904 W ActivityManager: Re-adding persistent process ProcessRecord{9aec76e 5787:com.gionee.cloud.gpe/u0a67}
03-03 14:49:56.558  5806  5806 D ActivityThread: installProvider: context.getPackageName()=com.gionee.cloud.gpe
03-03 14:49:56.643  1018  1712 D ActivityManager: publishContentProviders: from caller=android.app.ApplicationThreadProxy@77056a9 (pid=5806)
03-03 14:49:56.646  1018  1216 D ActivityManager: getContentProviderImpl: from caller=android.app.ApplicationThreadProxy@5ceb465 (pid=5806, userId=0) to get content provider settings cpr=ContentProviderRecord{9ff2abc u0 com.android.providers.settings/.SettingsProvider}
03-03 14:49:56.646  1018  1216 D ActivityManager: getContentProviderImpl: updateLruProcessLocked cpr.proc=ProcessRecord{5da5ec4 1018:system/1000}
03-03 14:49:56.647  5806  5806 D ActivityThread: holder:android.app.IActivityManager$ContentProviderHolder@720faef, holder.provider:android.content.ContentProviderProxy@959d9fc
03-03 14:49:56.648  1018  1718 D ActivityManager: getContentProviderImpl: from caller=android.app.ApplicationThreadProxy@f17c53a (pid=5806, userId=0) to get content provider com.amigo.chameleon.provider cpr=ContentProviderRecord{fbfbc72 u0 com.amigo.chameleon/.provider.ChameleonProvider}
03-03 14:49:56.648  1018  1718 D ActivityManager: getContentProviderImpl: updateLruProcessLocked cpr.proc=ProcessRecord{23a28c3 23163:com.amigo.chameleon/u0a0}
03-03 14:49:56.650  5806  5806 D ActivityThread: holder:android.app.IActivityManager$ContentProviderHolder@5016da, holder.provider:android.content.ContentProviderProxy@fac570b
03-03 14:49:56.702  1018  1048 D DisplayManagerService: Display listener for pid 5806 died.
03-03 14:49:56.702  1018  1894 I ActivityManager: Process com.gionee.cloud.gpe (pid 5806) has died
03-03 14:49:56.703  1018  1894 D ActivityManager: SVC-handleAppDiedLocked: app = ProcessRecord{9aec76e 5806:com.gionee.cloud.gpe/u0a67}, app.pid = 5806
03-03 14:49:56.703  1018  1894 D ActivityManager: cleanUpApplicationRecord -- 5806
03-03 14:49:56.703  1018  1894 D ActivityManager: removeDyingProviderLocked: cpr=ContentProviderRecord{12d5eb u0 com.gionee.cloud.gpe/.provider.NotifyPushProvider} always=false inLaunching=false
03-03 14:49:56.703  1018  1894 D ActivityManager: SVC-mBroadcastQueues: com.android.server.am.BroadcastQueue@200e9c
03-03 14:49:56.703  1018  1894 D ActivityManager: SVC-mBroadcastQueues: com.android.server.am.BroadcastQueue@ac1f0a5
03-03 14:49:56.703  1018  1894 W ActivityManager: Re-adding persistent process ProcessRecord{9aec76e 5806:com.gionee.cloud.gpe/u0a67}
03-03 14:49:56.838  5820  5820 D ActivityThread: installProvider: context.getPackageName()=com.gionee.cloud.gpe
03-03 14:49:56.923  1018  1216 D ActivityManager: publishContentProviders: from caller=android.app.ApplicationThreadProxy@3f4df48 (pid=5820)
03-03 14:49:56.926  1018  6022 D ActivityManager: getContentProviderImpl: from caller=android.app.ApplicationThreadProxy@1ca7f4 (pid=5820, userId=0) to get content provider settings cpr=ContentProviderRecord{9ff2abc u0 com.android.providers.settings/.SettingsProvider}
03-03 14:49:56.927  1018  6022 D ActivityManager: getContentProviderImpl: updateLruProcessLocked cpr.proc=ProcessRecord{5da5ec4 1018:system/1000}
03-03 14:49:56.927  5820  5820 D ActivityThread: holder:android.app.IActivityManager$ContentProviderHolder@720faef, holder.provider:android.content.ContentProviderProxy@959d9fc
03-03 14:49:56.928  1018  1894 D ActivityManager: getContentProviderImpl: from caller=android.app.ApplicationThreadProxy@2180b1d (pid=5820, userId=0) to get content provider com.amigo.chameleon.provider cpr=ContentProviderRecord{fbfbc72 u0 com.amigo.chameleon/.provider.ChameleonProvider}
03-03 14:49:56.928  1018  1894 D ActivityManager: getContentProviderImpl: updateLruProcessLocked cpr.proc=ProcessRecord{23a28c3 23163:com.amigo.chameleon/u0a0}
03-03 14:49:56.930  5820  5820 D ActivityThread: holder:android.app.IActivityManager$ContentProviderHolder@5016da, holder.provider:android.content.ContentProviderProxy@fac570b
03-03 14:49:56.992  1018  1048 D DisplayManagerService: Display listener for pid 5820 died.
03-03 14:49:56.992  1018  1896 I ActivityManager: Process com.gionee.cloud.gpe (pid 5820) has died
03-03 14:49:56.993  1018  1896 D ActivityManager: SVC-handleAppDiedLocked: app = ProcessRecord{9aec76e 5820:com.gionee.cloud.gpe/u0a67}, app.pid = 5820
03-03 14:49:56.993  1018  1896 D ActivityManager: cleanUpApplicationRecord -- 5820
03-03 14:49:56.993  1018  1896 D ActivityManager: removeDyingProviderLocked: cpr=ContentProviderRecord{d0dc192 u0 com.gionee.cloud.gpe/.provider.NotifyPushProvider} always=false inLaunching=false
03-03 14:49:56.993  1018  1896 D ActivityManager: SVC-mBroadcastQueues: com.android.server.am.BroadcastQueue@200e9c
03-03 14:49:56.993  1018  1896 D ActivityManager: SVC-mBroadcastQueues: com.android.server.am.BroadcastQueue@ac1f0a5
03-03 14:49:56.993  1018  1896 W ActivityManager: Re-adding persistent process ProcessRecord{9aec76e 5820:com.gionee.cloud.gpe/u0a67}
03-03 14:49:57.118  5836  5836 D ActivityThread: installProvider: context.getPackageName()=com.gionee.cloud.gpe
03-03 14:49:57.211  1018  1712 D ActivityManager: publishContentProviders: from caller=android.app.ApplicationThreadProxy@8c21763 (pid=5836)
03-03 14:49:57.216  1018  1048 D ActivityManager: getContentProviderImpl: from caller=android.app.ApplicationThreadProxy@b34c6bf (pid=5836, userId=0) to get content provider settings cpr=ContentProviderRecord{9ff2abc u0 com.android.providers.settings/.SettingsProvider}
03-03 14:49:57.216  1018  1048 D ActivityManager: getContentProviderImpl: updateLruProcessLocked cpr.proc=ProcessRecord{5da5ec4 1018:system/1000}
03-03 14:49:57.218  5836  5836 D ActivityThread: holder:android.app.IActivityManager$ContentProviderHolder@720faef, holder.provider:android.content.ContentProviderProxy@959d9fc
03-03 14:49:57.220  1018  1896 D ActivityManager: getContentProviderImpl: from caller=android.app.ApplicationThreadProxy@c1018c (pid=5836, userId=0) to get content provider com.amigo.chameleon.provider cpr=ContentProviderRecord{fbfbc72 u0 com.amigo.chameleon/.provider.ChameleonProvider}
03-03 14:49:57.220  1018  1896 D ActivityManager: getContentProviderImpl: updateLruProcessLocked cpr.proc=ProcessRecord{23a28c3 23163:com.amigo.chameleon/u0a0}
03-03 14:49:57.223  5836  5836 D ActivityThread: holder:android.app.IActivityManager$ContentProviderHolder@5016da, holder.provider:android.content.ContentProviderProxy@fac570b
03-03 14:49:57.272  1018  1217 I ActivityManager: Process com.gionee.cloud.gpe (pid 5836) has died
03-03 14:49:57.273  1018  1217 D ActivityManager: SVC-handleAppDiedLocked: app = ProcessRecord{9aec76e 5836:com.gionee.cloud.gpe/u0a67}, app.pid = 5836
03-03 14:49:57.273  1018  1217 D ActivityManager: cleanUpApplicationRecord -- 5836
03-03 14:49:57.273  1018  1217 D ActivityManager: removeDyingProviderLocked: cpr=ContentProviderRecord{eee80d5 u0 com.gionee.cloud.gpe/.provider.NotifyPushProvider} always=false inLaunching=false
03-03 14:49:57.273  1018  1217 D ActivityManager: SVC-mBroadcastQueues: com.android.server.am.BroadcastQueue@200e9c
03-03 14:49:57.273  1018  1217 D ActivityManager: SVC-mBroadcastQueues: com.android.server.am.BroadcastQueue@ac1f0a5
03-03 14:49:57.273  1018  6022 D DisplayManagerService: Display listener for pid 5836 died.
03-03 14:49:57.275  1018  1217 W ActivityManager: Re-adding persistent process ProcessRecord{9aec76e 5836:com.gionee.cloud.gpe/u0a67}
03-03 14:49:57.381  5852  5852 D ActivityThread: installProvider: context.getPackageName()=com.gionee.cloud.gpe
03-03 14:49:57.477  1018  1216 D ActivityManager: publishContentProviders: from caller=android.app.ApplicationThreadProxy@8bf0ea (pid=5852)
03-03 14:49:57.482  1018  1904 D ActivityManager: getContentProviderImpl: from caller=android.app.ApplicationThreadProxy@db031b6 (pid=5852, userId=0) to get content provider settings cpr=ContentProviderRecord{9ff2abc u0 com.android.providers.settings/.SettingsProvider}
03-03 14:49:57.482  1018  1904 D ActivityManager: getContentProviderImpl: updateLruProcessLocked cpr.proc=ProcessRecord{5da5ec4 1018:system/1000}
03-03 14:49:57.483  5852  5852 D ActivityThread: holder:android.app.IActivityManager$ContentProviderHolder@720faef, holder.provider:android.content.ContentProviderProxy@959d9fc
03-03 14:49:57.484  1018  1217 D ActivityManager: getContentProviderImpl: from caller=android.app.ApplicationThreadProxy@beeceb7 (pid=5852, userId=0) to get content provider com.amigo.chameleon.provider cpr=ContentProviderRecord{fbfbc72 u0 com.amigo.chameleon/.provider.ChameleonProvider}
03-03 14:49:57.484  1018  1217 D ActivityManager: getContentProviderImpl: updateLruProcessLocked cpr.proc=ProcessRecord{23a28c3 23163:com.amigo.chameleon/u0a0}
03-03 14:49:57.486  5852  5852 D ActivityThread: holder:android.app.IActivityManager$ContentProviderHolder@5016da, holder.provider:android.content.ContentProviderProxy@fac570b
03-03 14:49:57.552  1018  1904 D DisplayManagerService: Display listener for pid 5852 died.
03-03 14:49:57.553  1018  6022 I ActivityManager: Process com.gionee.cloud.gpe (pid 5852) has died
03-03 14:49:57.553  1018  6022 D ActivityManager: SVC-handleAppDiedLocked: app = ProcessRecord{9aec76e 5852:com.gionee.cloud.gpe/u0a67}, app.pid = 5852
03-03 14:49:57.553  1018  6022 D ActivityManager: cleanUpApplicationRecord -- 5852
03-03 14:49:57.553  1018  6022 D ActivityManager: removeDyingProviderLocked: cpr=ContentProviderRecord{33f624 u0 com.gionee.cloud.gpe/.provider.NotifyPushProvider} always=false inLaunching=false
03-03 14:49:57.553  1018  6022 D ActivityManager: SVC-mBroadcastQueues: com.android.server.am.BroadcastQueue@200e9c
03-03 14:49:57.553  1018  6022 D ActivityManager: SVC-mBroadcastQueues: com.android.server.am.BroadcastQueue@ac1f0a5
03-03 14:49:57.554  1018  6022 W ActivityManager: Re-adding persistent process ProcessRecord{9aec76e 5852:com.gionee.cloud.gpe/u0a67}
03-03 14:49:57.683  5868  5868 D ActivityThread: installProvider: context.getPackageName()=com.gionee.cloud.gpe
03-03 14:49:57.775  1018  1048 D ActivityManager: publishContentProviders: from caller=android.app.ApplicationThreadProxy@ef6f58d (pid=5868)
03-03 14:49:57.778  1018  1217 D ActivityManager: getContentProviderImpl: from caller=android.app.ApplicationThreadProxy@fea5d89 (pid=5868, userId=0) to get content provider settings cpr=ContentProviderRecord{9ff2abc u0 com.android.providers.settings/.SettingsProvider}
03-03 14:49:57.778  1018  1217 D ActivityManager: getContentProviderImpl: updateLruProcessLocked cpr.proc=ProcessRecord{5da5ec4 1018:system/1000}
03-03 14:49:57.779  5868  5868 D ActivityThread: holder:android.app.IActivityManager$ContentProviderHolder@720faef, holder.provider:android.content.ContentProviderProxy@959d9fc
03-03 14:49:57.780  1018  1894 D ActivityManager: getContentProviderImpl: from caller=android.app.ApplicationThreadProxy@3fc18e (pid=5868, userId=0) to get content provider com.amigo.chameleon.provider cpr=ContentProviderRecord{fbfbc72 u0 com.amigo.chameleon/.provider.ChameleonProvider}
03-03 14:49:57.780  1018  1894 D ActivityManager: getContentProviderImpl: updateLruProcessLocked cpr.proc=ProcessRecord{23a28c3 23163:com.amigo.chameleon/u0a0}
03-03 14:49:57.782  5868  5868 D ActivityThread: holder:android.app.IActivityManager$ContentProviderHolder@5016da, holder.provider:android.content.ContentProviderProxy@fac570b
03-03 14:49:57.832  1018  1711 D DisplayManagerService: Display listener for pid 5868 died.
03-03 14:49:57.832  1018  1896 I ActivityManager: Process com.gionee.cloud.gpe (pid 5868) has died
03-03 14:49:57.833  1018  1896 D ActivityManager: SVC-handleAppDiedLocked: app = ProcessRecord{9aec76e 5868:com.gionee.cloud.gpe/u0a67}, app.pid = 5868
03-03 14:49:57.833  1018  1896 D ActivityManager: cleanUpApplicationRecord -- 5868
03-03 14:49:57.833  1018  1896 D ActivityManager: removeDyingProviderLocked: cpr=ContentProviderRecord{9f2ddaf u0 com.gionee.cloud.gpe/.provider.NotifyPushProvider} always=false inLaunching=false
03-03 14:49:57.833  1018  1896 D ActivityManager: SVC-mBroadcastQueues: com.android.server.am.BroadcastQueue@200e9c
03-03 14:49:57.833  1018  1896 D ActivityManager: SVC-mBroadcastQueues: com.android.server.am.BroadcastQueue@ac1f0a5
03-03 14:49:57.833  1018  1896 W ActivityManager: Re-adding persistent process ProcessRecord{9aec76e 5868:com.gionee.cloud.gpe/u0a67}
03-03 14:49:57.939  5884  5884 D ActivityThread: installProvider: context.getPackageName()=com.gionee.cloud.gpe
03-03 14:49:58.027  1018  1217 D ActivityManager: publishContentProviders: from caller=android.app.ApplicationThreadProxy@4de5bc (pid=5884)
03-03 14:49:58.031  1018  1894 D ActivityManager: getContentProviderImpl: from caller=android.app.ApplicationThreadProxy@af1a1a8 (pid=5884, userId=0) to get content provider settings cpr=ContentProviderRecord{9ff2abc u0 com.android.providers.settings/.SettingsProvider}
03-03 14:49:58.031  1018  1894 D ActivityManager: getContentProviderImpl: updateLruProcessLocked cpr.proc=ProcessRecord{5da5ec4 1018:system/1000}
03-03 14:49:58.031  5884  5884 D ActivityThread: holder:android.app.IActivityManager$ContentProviderHolder@720faef, holder.provider:android.content.ContentProviderProxy@959d9fc
03-03 14:49:58.033  1018  1896 D ActivityManager: getContentProviderImpl: from caller=android.app.ApplicationThreadProxy@81334c1 (pid=5884, userId=0) to get content provider com.amigo.chameleon.provider cpr=ContentProviderRecord{fbfbc72 u0 com.amigo.chameleon/.provider.ChameleonProvider}
03-03 14:49:58.033  1018  1896 D ActivityManager: getContentProviderImpl: updateLruProcessLocked cpr.proc=ProcessRecord{23a28c3 23163:com.amigo.chameleon/u0a0}
03-03 14:49:58.035  5884  5884 D ActivityThread: holder:android.app.IActivityManager$ContentProviderHolder@5016da, holder.provider:android.content.ContentProviderProxy@fac570b
03-03 14:49:58.092  1018  6022 D DisplayManagerService: Display listener for pid 5884 died.
03-03 14:49:58.092  1018  1711 I ActivityManager: Process com.gionee.cloud.gpe (pid 5884) has died
03-03 14:49:58.093  1018  1711 D ActivityManager: SVC-handleAppDiedLocked: app = ProcessRecord{9aec76e 5884:com.gionee.cloud.gpe/u0a67}, app.pid = 5884
03-03 14:49:58.093  1018  1711 D ActivityManager: cleanUpApplicationRecord -- 5884
03-03 14:49:58.093  1018  1711 D ActivityManager: removeDyingProviderLocked: cpr=ContentProviderRecord{8867466 u0 com.gionee.cloud.gpe/.provider.NotifyPushProvider} always=false inLaunching=false
03-03 14:49:58.093  1018  1711 D ActivityManager: SVC-mBroadcastQueues: com.android.server.am.BroadcastQueue@200e9c
03-03 14:49:58.093  1018  1711 D ActivityManager: SVC-mBroadcastQueues: com.android.server.am.BroadcastQueue@ac1f0a5
03-03 14:49:58.093  1018  1711 W ActivityManager: Re-adding persistent process ProcessRecord{9aec76e 5884:com.gionee.cloud.gpe/u0a67}
03-03 14:49:58.211  5901  5901 D ActivityThread: installProvider: context.getPackageName()=com.gionee.cloud.gpe
03-03 14:49:58.299  1018  1216 D ActivityManager: publishContentProviders: from caller=android.app.ApplicationThreadProxy@59ad3a7 (pid=5901)
03-03 14:49:58.303  1018  1894 D ActivityManager: getContentProviderImpl: from caller=android.app.ApplicationThreadProxy@c970343 (pid=5901, userId=0) to get content provider settings cpr=ContentProviderRecord{9ff2abc u0 com.android.providers.settings/.SettingsProvider}
03-03 14:49:58.303  1018  1894 D ActivityManager: getContentProviderImpl: updateLruProcessLocked cpr.proc=ProcessRecord{5da5ec4 1018:system/1000}
03-03 14:49:58.304  5901  5901 D ActivityThread: holder:android.app.IActivityManager$ContentProviderHolder@720faef, holder.provider:android.content.ContentProviderProxy@959d9fc
03-03 14:49:58.305  1018  1711 D ActivityManager: getContentProviderImpl: from caller=android.app.ApplicationThreadProxy@81cfdc0 (pid=5901, userId=0) to get content provider com.amigo.chameleon.provider cpr=ContentProviderRecord{fbfbc72 u0 com.amigo.chameleon/.provider.ChameleonProvider}
03-03 14:49:58.305  1018  1711 D ActivityManager: getContentProviderImpl: updateLruProcessLocked cpr.proc=ProcessRecord{23a28c3 23163:com.amigo.chameleon/u0a0}
03-03 14:49:58.307  5901  5901 D ActivityThread: holder:android.app.IActivityManager$ContentProviderHolder@5016da, holder.provider:android.content.ContentProviderProxy@fac570b
03-03 14:49:58.362  1018  1216 D DisplayManagerService: Display listener for pid 5901 died.
03-03 14:49:58.362  1018  6022 I ActivityManager: Process com.gionee.cloud.gpe (pid 5901) has died
03-03 14:49:58.363  1018  6022 D ActivityManager: SVC-handleAppDiedLocked: app = ProcessRecord{9aec76e 5901:com.gionee.cloud.gpe/u0a67}, app.pid = 5901
03-03 14:49:58.363  1018  6022 D ActivityManager: cleanUpApplicationRecord -- 5901
03-03 14:49:58.363  1018  6022 D ActivityManager: removeDyingProviderLocked: cpr=ContentProviderRecord{c28baf9 u0 com.gionee.cloud.gpe/.provider.NotifyPushProvider} always=false inLaunching=false
03-03 14:49:58.363  1018  6022 D ActivityManager: SVC-mBroadcastQueues: com.android.server.am.BroadcastQueue@200e9c
03-03 14:49:58.363  1018  6022 D ActivityManager: SVC-mBroadcastQueues: com.android.server.am.BroadcastQueue@ac1f0a5
03-03 14:49:58.363  1018  6022 W ActivityManager: Re-adding persistent process ProcessRecord{9aec76e 5901:com.gionee.cloud.gpe/u0a67}
03-03 14:49:58.509  5918  5918 D ActivityThread: installProvider: context.getPackageName()=com.gionee.cloud.gpe
03-03 14:49:58.612  1018  1048 D ActivityManager: publishContentProviders: from caller=android.app.ApplicationThreadProxy@be5aa3e (pid=5918)
03-03 14:49:58.615  1018  1712 D ActivityManager: getContentProviderImpl: from caller=android.app.ApplicationThreadProxy@18e2c4a (pid=5918, userId=0) to get content provider settings cpr=ContentProviderRecord{9ff2abc u0 com.android.providers.settings/.SettingsProvider}
03-03 14:49:58.615  1018  1712 D ActivityManager: getContentProviderImpl: updateLruProcessLocked cpr.proc=ProcessRecord{5da5ec4 1018:system/1000}
03-03 14:49:58.616  5918  5918 D ActivityThread: holder:android.app.IActivityManager$ContentProviderHolder@720faef, holder.provider:android.content.ContentProviderProxy@959d9fc
03-03 14:49:58.617  1018  1718 D ActivityManager: getContentProviderImpl: from caller=android.app.ApplicationThreadProxy@64397bb (pid=5918, userId=0) to get content provider com.amigo.chameleon.provider cpr=ContentProviderRecord{fbfbc72 u0 com.amigo.chameleon/.provider.ChameleonProvider}
03-03 14:49:58.617  1018  1718 D ActivityManager: getContentProviderImpl: updateLruProcessLocked cpr.proc=ProcessRecord{23a28c3 23163:com.amigo.chameleon/u0a0}
03-03 14:49:58.619  5918  5918 D ActivityThread: holder:android.app.IActivityManager$ContentProviderHolder@5016da, holder.provider:android.content.ContentProviderProxy@fac570b
03-03 14:49:58.682  1018  1896 D DisplayManagerService: Display listener for pid 5918 died.
03-03 14:49:58.682  1018  1217 I ActivityManager: Process com.gionee.cloud.gpe (pid 5918) has died
03-03 14:49:58.683  1018  1217 D ActivityManager: SVC-handleAppDiedLocked: app = ProcessRecord{9aec76e 5918:com.gionee.cloud.gpe/u0a67}, app.pid = 5918
03-03 14:49:58.683  1018  1217 D ActivityManager: cleanUpApplicationRecord -- 5918
03-03 14:49:58.683  1018  1217 D ActivityManager: removeDyingProviderLocked: cpr=ContentProviderRecord{8a4c4d8 u0 com.gionee.cloud.gpe/.provider.NotifyPushProvider} always=false inLaunching=false
03-03 14:49:58.683  1018  1217 D ActivityManager: SVC-mBroadcastQueues: com.android.server.am.BroadcastQueue@200e9c
03-03 14:49:58.683  1018  1217 D ActivityManager: SVC-mBroadcastQueues: com.android.server.am.BroadcastQueue@ac1f0a5
03-03 14:49:58.683  1018  1217 W ActivityManager: Re-adding persistent process ProcessRecord{9aec76e 5918:com.gionee.cloud.gpe/u0a67}
03-03 14:49:58.815  5936  5936 D ActivityThread: installProvider: context.getPackageName()=com.gionee.cloud.gpe
03-03 14:49:58.898  1018  1896 D ActivityManager: publishContentProviders: from caller=android.app.ApplicationThreadProxy@931d031 (pid=5936)
03-03 14:49:58.901  1018  1711 D ActivityManager: getContentProviderImpl: from caller=android.app.ApplicationThreadProxy@8223e6d (pid=5936, userId=0) to get content provider settings cpr=ContentProviderRecord{9ff2abc u0 com.android.providers.settings/.SettingsProvider}
03-03 14:49:58.901  1018  1711 D ActivityManager: getContentProviderImpl: updateLruProcessLocked cpr.proc=ProcessRecord{5da5ec4 1018:system/1000}
03-03 14:49:58.902  5936  5936 D ActivityThread: holder:android.app.IActivityManager$ContentProviderHolder@720faef, holder.provider:android.content.ContentProviderProxy@959d9fc
03-03 14:49:58.903  1018  1217 D ActivityManager: getContentProviderImpl: from caller=android.app.ApplicationThreadProxy@ae7faa2 (pid=5936, userId=0) to get content provider com.amigo.chameleon.provider cpr=ContentProviderRecord{fbfbc72 u0 com.amigo.chameleon/.provider.ChameleonProvider}
03-03 14:49:58.903  1018  1217 D ActivityManager: getContentProviderImpl: updateLruProcessLocked cpr.proc=ProcessRecord{23a28c3 23163:com.amigo.chameleon/u0a0}
03-03 14:49:58.905  5936  5936 D ActivityThread: holder:android.app.IActivityManager$ContentProviderHolder@5016da, holder.provider:android.content.ContentProviderProxy@fac570b
03-03 14:49:58.972  1018  1894 D DisplayManagerService: Display listener for pid 5936 died.
03-03 14:49:58.972  1018  1216 I ActivityManager: Process com.gionee.cloud.gpe (pid 5936) has died
03-03 14:49:58.973  1018  1216 D ActivityManager: SVC-handleAppDiedLocked: app = ProcessRecord{9aec76e 5936:com.gionee.cloud.gpe/u0a67}, app.pid = 5936
03-03 14:49:58.973  1018  1216 D ActivityManager: cleanUpApplicationRecord -- 5936
03-03 14:49:58.973  1018  1216 D ActivityManager: removeDyingProviderLocked: cpr=ContentProviderRecord{e6f4333 u0 com.gionee.cloud.gpe/.provider.NotifyPushProvider} always=false inLaunching=false
03-03 14:49:58.973  1018  1216 D ActivityManager: SVC-mBroadcastQueues: com.android.server.am.BroadcastQueue@200e9c
03-03 14:49:58.973  1018  1216 D ActivityManager: SVC-mBroadcastQueues: com.android.server.am.BroadcastQueue@ac1f0a5
03-03 14:49:58.973  1018  1216 W ActivityManager: Re-adding persistent process ProcessRecord{9aec76e 5936:com.gionee.cloud.gpe/u0a67}
03-03 14:49:59.094  5956  5956 D ActivityThread: installProvider: context.getPackageName()=com.gionee.cloud.gpe
03-03 14:49:59.176  1018  1048 D ActivityManager: publishContentProviders: from caller=android.app.ApplicationThreadProxy@84b56f0 (pid=5956)
03-03 14:49:59.179  1018  1712 D ActivityManager: getContentProviderImpl: from caller=android.app.ApplicationThreadProxy@d26f21c (pid=5956, userId=0) to get content provider settings cpr=ContentProviderRecord{9ff2abc u0 com.android.providers.settings/.SettingsProvider}
03-03 14:49:59.179  1018  1712 D ActivityManager: getContentProviderImpl: updateLruProcessLocked cpr.proc=ProcessRecord{5da5ec4 1018:system/1000}
03-03 14:49:59.180  5956  5956 D ActivityThread: holder:android.app.IActivityManager$ContentProviderHolder@720faef, holder.provider:android.content.ContentProviderProxy@959d9fc
03-03 14:49:59.181  1018  1216 D ActivityManager: getContentProviderImpl: from caller=android.app.ApplicationThreadProxy@501ce25 (pid=5956, userId=0) to get content provider com.amigo.chameleon.provider cpr=ContentProviderRecord{fbfbc72 u0 com.amigo.chameleon/.provider.ChameleonProvider}
03-03 14:49:59.181  1018  1216 D ActivityManager: getContentProviderImpl: updateLruProcessLocked cpr.proc=ProcessRecord{23a28c3 23163:com.amigo.chameleon/u0a0}
03-03 14:49:59.183  5956  5956 D ActivityThread: holder:android.app.IActivityManager$ContentProviderHolder@5016da, holder.provider:android.content.ContentProviderProxy@fac570b
03-03 14:49:59.232  1018  1904 D DisplayManagerService: Display listener for pid 5956 died.
03-03 14:49:59.232  1018  1896 I ActivityManager: Process com.gionee.cloud.gpe (pid 5956) has died
03-03 14:49:59.233  1018  1896 D ActivityManager: SVC-handleAppDiedLocked: app = ProcessRecord{9aec76e 5956:com.gionee.cloud.gpe/u0a67}, app.pid = 5956
03-03 14:49:59.233  1018  1896 D ActivityManager: cleanUpApplicationRecord -- 5956
03-03 14:49:59.233  1018  1896 D ActivityManager: removeDyingProviderLocked: cpr=ContentProviderRecord{4323bfa u0 com.gionee.cloud.gpe/.provider.NotifyPushProvider} always=false inLaunching=false
03-03 14:49:59.233  1018  1896 D ActivityManager: SVC-mBroadcastQueues: com.android.server.am.BroadcastQueue@200e9c
03-03 14:49:59.233  1018  1896 D ActivityManager: SVC-mBroadcastQueues: com.android.server.am.BroadcastQueue@ac1f0a5
03-03 14:49:59.233  1018  1896 W ActivityManager: Re-adding persistent process ProcessRecord{9aec76e 5956:com.gionee.cloud.gpe/u0a67}
03-03 14:49:59.270  1018  1085 V AlarmManager: Checking for alarms... rtc=1488532799270, elapsed=4906568
03-03 14:49:59.270  1018  1085 D AlarmManager: set alarm to RTC 4917364
03-03 14:49:59.270  1018  1085 V AlarmManager: openLteGateSuccess = false
03-03 14:49:59.270  1018  1085 V AlarmManager: socktUnblockingTimeElapsed(ms): 80101 < mMinimumPeriod_BlockSocket: 300000
03-03 14:49:59.270  1018  1085 V AlarmManager: sending alarm Alarm{505e5ab type 2 when 4906568 com.google.android.gms}
03-03 14:49:59.270  1018  1085 D AlarmManager: wakeup alarm = Alarm{505e5ab type 2 when 4906568 com.google.android.gms}; package = com.google.android.gmsneedGrouping = true
03-03 14:49:59.271  1018  1085 V ActivityManager: Broadcast: Intent { act=com.google.android.location.ALARM_WAKEUP_LOCATOR flg=0x114 (has extras) } ordered=true userid=0 callerApp=null
03-03 14:49:59.271  1018  1085 V AmigoAlarmAlign: been wakeup, alignCheck type=2 count=1 when=4906568 pkg=com.google.android.gms
--------- beginning of main
03-03 14:49:59.271  1018  1085 D SettingsInterface:  from settings cache , name = ALIGN_com.google.android.gms , value = 1
03-03 14:49:59.272  1018  1085 V AmigoAlarmAlign: not exec alignCheck as the alignTag is:1
03-03 14:49:59.272  1018  1085 V AlarmManager: sending alarm Alarm{505e5ab type 2 when 4906568 com.google.android.gms} success
03-03 14:49:59.272  1018  1085 D PowerManagerService: acquireWakeLockInternal: lock=190844298, flags=0x1, tag="*alarm*", ws=WorkSource{1000}, uid=1000, pid=1018
03-03 14:49:59.272  1018  1085 D PowerManagerService: updateUserActivitySummaryLocked: mWakefulness=Asleep, mUserActivitySummary=0x0, nextTimeout=0 (4906569 ms ago)
03-03 14:49:59.272  1018  1085 D DisplayPowerController: requestPowerState: policy=OFF, useProximitySensor=false, screenBrightness=230, screenAutoBrightnessAdjustment=0.0, brightnessSetByUser=true, useAutoBrightness=false, blockScreenOn=false, lowPowerMode=false, boostScreenBrightness=false, dozeScreenBrightness=-1, dozeScreenState=UNKNOWN, waitForNegativeProximity=false
03-03 14:49:59.272  1018  1085 D PowerManagerService: updateDisplayPowerStateLocked: mDisplayReady=true, policy=0, mWakefulness=0, mWakeLockSummary=0x1, mUserActivitySummary=0x0, mBootCompleted=true, mScreenBrightnessBoostInProgress=false
03-03 14:49:59.273  1018  1085 D PowerManagerService: Acquiring suspend blocker "PowerManagerService.WakeLocks".
03-03 14:49:59.273  1018  1085 D PowerManagerNotifier: onWakeLockAcquired: flags=1, tag="*alarm*", packageName=android, ownerUid=1000, ownerPid=1018, workSource=WorkSource{1000}
03-03 14:49:59.274  1018  1718 D PowerManagerService: acquireWakeLockInternal: lock=213849096, flags=0x1, tag="NlpWakeLock", ws=WorkSource{1000 android}, uid=10012, pid=1743
03-03 14:49:59.274  1018  1718 D PowerManagerService: updateUserActivitySummaryLocked: mWakefulness=Asleep, mUserActivitySummary=0x0, nextTimeout=0 (4906572 ms ago)
03-03 14:49:59.275  1018  1718 D DisplayPowerController: requestPowerState: policy=OFF, useProximitySensor=false, screenBrightness=230, screenAutoBrightnessAdjustment=0.0, brightnessSetByUser=true, useAutoBrightness=false, blockScreenOn=false, lowPowerMode=false, boostScreenBrightness=false, dozeScreenBrightness=-1, dozeScreenState=UNKNOWN, waitForNegativeProximity=false
03-03 14:49:59.275  1018  1718 D PowerManagerService: updateDisplayPowerStateLocked: mDisplayReady=true, policy=0, mWakefulness=0, mWakeLockSummary=0x1, mUserActivitySummary=0x0, mBootCompleted=true, mScreenBrightnessBoostInProgress=false
03-03 14:49:59.275  1018  1718 D PowerManagerNotifier: onWakeLockAcquired: flags=1, tag="NlpWakeLock", packageName=com.google.android.gms, ownerUid=10012, ownerPid=1743, workSource=WorkSource{1000 android}
03-03 14:49:59.276  1018  1052 D WifiService: acquireWifiLock, pid:1743, uid:10012
03-03 14:49:59.276  1018  1052 D WifiService: acquireWifiLockLocked: WifiLock{NlpWifiLock type=2 binder=android.os.BinderProxy@ba627a1}
03-03 14:49:59.276  1018  1098 D WifiController: DeviceActiveState{ when=0 what=155654 target=com.android.internal.util.StateMachine$SmHandler }
03-03 14:49:59.276  1018  1098 D WifiController: StaEnabledState{ when=0 what=155654 target=com.android.internal.util.StateMachine$SmHandler }
03-03 14:49:59.276  1018  1098 D WifiController: DefaultState{ when=0 what=155654 target=com.android.internal.util.StateMachine$SmHandler }
03-03 14:49:59.277  1018  1895 V AlarmManager: APP set(PendingIntent{d581dc6: PendingIntentRecord{94168a9 com.google.android.gms broadcastIntent}}) : type=2 triggerAtTime=4911574 win=0 tElapsed=4911574 maxElapsed=4911574 interval=0 flags=0x1
03-03 14:49:59.277  1018  1895 D SettingsInterface:  from settings cache , name = align_wake , value = null
03-03 14:49:59.277  1018  1895 V AmigoAlarmAlign: repeat alrm calc  when, type=2 count=0 when=4911574 pkg=com.google.android.gms
03-03 14:49:59.278  1018  1895 D SettingsInterface:  from settings cache , name = ALIGN_com.google.android.gms , value = 1
03-03 14:49:59.278  1018  1895 V AmigoAlarmAlign: not align as the triggerTime in TIME_NOT_TO_ALIGN 20000
03-03 14:49:59.278  1018  1895 D AlarmManager: set alarm to RTC 4911574
03-03 14:49:59.279  1743  2224 D ActivityThread: BDC-Calling finishReceiver: IIntentReceiver=b9a0a80
03-03 14:49:59.280  1018  1018 D AlarmManager: onSendFinished begin
03-03 14:49:59.280  1018  1018 D PowerManagerService: releaseWakeLockInternal: lock=190844298 [*alarm*], flags=0x0, total_time=8ms
03-03 14:49:59.280  1018  1018 D PowerManagerNotifier: onWakeLockReleased: flags=1, tag="*alarm*", packageName=android, ownerUid=1000, ownerPid=1018, workSource=WorkSource{1000}
03-03 14:49:59.280  1018  1018 D PowerManagerService: updateUserActivitySummaryLocked: mWakefulness=Asleep, mUserActivitySummary=0x0, nextTimeout=0 (4906578 ms ago)
03-03 14:49:59.280  1018  1018 D DisplayPowerController: requestPowerState: policy=OFF, useProximitySensor=false, screenBrightness=230, screenAutoBrightnessAdjustment=0.0, brightnessSetByUser=true, useAutoBrightness=false, blockScreenOn=false, lowPowerMode=false, boostScreenBrightness=false, dozeScreenBrightness=-1, dozeScreenState=UNKNOWN, waitForNegativeProximity=false
03-03 14:49:59.280  1018  1018 D PowerManagerService: updateDisplayPowerStateLocked: mDisplayReady=true, policy=0, mWakefulness=0, mWakeLockSummary=0x1, mUserActivitySummary=0x0, mBootCompleted=true, mScreenBrightnessBoostInProgress=false
03-03 14:49:59.281  1563  2037 D SettingsInterface:  from settings cache , name = location_providers_allowed , value = network,gps
03-03 14:49:59.281  1563  2037 D SettingsInterface:  from settings cache , name = location_providers_allowed , value = network,gps
03-03 14:49:59.281  1563  2037 D CdmaCellLocation: isEmpty: mBaseStationId = 12003, mBaseStationLatitude = 2147483647, mBaseStationLongitude = 2147483647, mSystemId = 13844, mNetworkId = 1
03-03 14:49:59.281  1563  2037 D PhoneInterfaceManager: [PhoneIntfMgr] phone.getCdmaCellLocation:Bundle[{}]
03-03 14:49:59.281  1563  2037 D CdmaCellLocation: fillInNotifierBundle:Bundle[{type=2, baseStationLatitude=2147483647, baseStationLongitude=2147483647, systemId=13844, baseStationId=12003, networkId=1}]
03-03 14:49:59.281  1743  2224 E CellLocation: create CdmaCellLocation
03-03 14:49:59.282  1743  2224 D CdmaCellLocation: isEmpty: mBaseStationId = 12003, mBaseStationLatitude = 2147483647, mBaseStationLongitude = 2147483647, mSystemId = 13844, mNetworkId = 1
03-03 14:49:59.282  1563  2269 D SettingsInterface:  from settings cache , name = multi_sim_data_call , value = -1
03-03 14:49:59.283  1563  1631 D SettingsInterface:  from settings cache , name = multi_sim_sms , value = null
03-03 14:49:59.284  1563  1963 D SettingsInterface:  from settings cache , name = multi_sim_voice_call , value = null
03-03 14:49:59.284  1563  2323 D SettingsInterface:  from settings cache , name = multi_sim_voice_call , value = null
03-03 14:49:59.285  1563  1628 D SettingsInterface:  from settings cache , name = multi_sim_voice_call , value = null
03-03 14:49:59.286  1563  2037 D SettingsInterface:  from settings cache , name = multi_sim_voice_call , value = null
03-03 14:49:59.290  1018  1217 D PowerManagerService: acquireWakeLockInternal: lock=79376775, flags=0x1, tag="RILJ", ws=null, uid=1001, pid=1563
03-03 14:49:59.290  1018  1217 D PowerManagerService: updateUserActivitySummaryLocked: mWakefulness=Asleep, mUserActivitySummary=0x0, nextTimeout=0 (4906588 ms ago)
03-03 14:49:59.291  1018  1217 D DisplayPowerController: requestPowerState: policy=OFF, useProximitySensor=false, screenBrightness=230, screenAutoBrightnessAdjustment=0.0, brightnessSetByUser=true, useAutoBrightness=false, blockScreenOn=false, lowPowerMode=false, boostScreenBrightness=false, dozeScreenBrightness=-1, dozeScreenState=UNKNOWN, waitForNegativeProximity=false
03-03 14:49:59.291  1018  1217 D PowerManagerService: updateDisplayPowerStateLocked: mDisplayReady=true, policy=0, mWakefulness=0, mWakeLockSummary=0x1, mUserActivitySummary=0x0, mBootCompleted=true, mScreenBrightnessBoostInProgress=false
03-03 14:49:59.291  1018  1217 D PowerManagerNotifier: onWakeLockAcquired: flags=1, tag="RILJ", packageName=com.android.phone, ownerUid=1001, ownerPid=1563, workSource=null
03-03 14:49:59.293  1018  1718 D PowerManagerService: releaseWakeLockInternal: lock=79376775 [RILJ], flags=0x0, total_time=2ms
03-03 14:49:59.293  1018  1718 D PowerManagerNotifier: onWakeLockReleased: flags=1, tag="RILJ", packageName=com.android.phone, ownerUid=1001, ownerPid=1563, workSource=null
03-03 14:49:59.293  1018  1718 D PowerManagerService: updateUserActivitySummaryLocked: mWakefulness=Asleep, mUserActivitySummary=0x0, nextTimeout=0 (4906590 ms ago)
03-03 14:49:59.293  1018  1718 D DisplayPowerController: requestPowerState: policy=OFF, useProximitySensor=false, screenBrightness=230, screenAutoBrightnessAdjustment=0.0, brightnessSetByUser=true, useAutoBrightness=false, blockScreenOn=false, lowPowerMode=false, boostScreenBrightness=false, dozeScreenBrightness=-1, dozeScreenState=UNKNOWN, waitForNegativeProximity=false
03-03 14:49:59.293  1018  1718 D PowerManagerService: updateDisplayPowerStateLocked: mDisplayReady=true, policy=0, mWakefulness=0, mWakeLockSummary=0x1, mUserActivitySummary=0x0, mBootCompleted=true, mScreenBrightnessBoostInProgress=false
03-03 14:49:59.296  1018  1718 D PowerManagerService: acquireWakeLockInternal: lock=37054644, flags=0x1, tag="RILJ", ws=null, uid=1001, pid=1563
03-03 14:49:59.296  1018  1718 D PowerManagerService: updateUserActivitySummaryLocked: mWakefulness=Asleep, mUserActivitySummary=0x0, nextTimeout=0 (4906594 ms ago)
03-03 14:49:59.296  1018  1718 D DisplayPowerController: requestPowerState: policy=OFF, useProximitySensor=false, screenBrightness=230, screenAutoBrightnessAdjustment=0.0, brightnessSetByUser=true, useAutoBrightness=false, blockScreenOn=false, lowPowerMode=false, boostScreenBrightness=false, dozeScreenBrightness=-1, dozeScreenState=UNKNOWN, waitForNegativeProximity=false
03-03 14:49:59.296  1018  1718 D PowerManagerService: updateDisplayPowerStateLocked: mDisplayReady=true, policy=0, mWakefulness=0, mWakeLockSummary=0x1, mUserActivitySummary=0x0, mBootCompleted=true, mScreenBrightnessBoostInProgress=false
03-03 14:49:59.296  1018  1718 D PowerManagerNotifier: onWakeLockAcquired: flags=1, tag="RILJ", packageName=com.android.phone, ownerUid=1001, ownerPid=1563, workSource=null
03-03 14:49:59.299  1018  1049 D PowerManagerService: releaseWakeLockInternal: lock=37054644 [RILJ], flags=0x0, total_time=2ms
03-03 14:49:59.299  1018  1049 D PowerManagerNotifier: onWakeLockReleased: flags=1, tag="RILJ", packageName=com.android.phone, ownerUid=1001, ownerPid=1563, workSource=null
03-03 14:49:59.299  1018  1049 D PowerManagerService: updateUserActivitySummaryLocked: mWakefulness=Asleep, mUserActivitySummary=0x0, nextTimeout=0 (4906597 ms ago)
03-03 14:49:59.299  1018  1049 D DisplayPowerController: requestPowerState: policy=OFF, useProximitySensor=false, screenBrightness=230, screenAutoBrightnessAdjustment=0.0, brightnessSetByUser=true, useAutoBrightness=false, blockScreenOn=false, lowPowerMode=false, boostScreenBrightness=false, dozeScreenBrightness=-1, dozeScreenState=UNKNOWN, waitForNegativeProximity=false
03-03 14:49:59.299  1018  1049 D PowerManagerService: updateDisplayPowerStateLocked: mDisplayReady=true, policy=0, mWakefulness=0, mWakeLockSummary=0x1, mUserActivitySummary=0x0, mBootCompleted=true, mScreenBrightnessBoostInProgress=false
03-03 14:49:59.301  1563  1963 D SettingsInterface:  from settings cache , name = location_providers_allowed , value = network,gps
03-03 14:49:59.301  1563  1963 D SettingsInterface:  from settings cache , name = location_providers_allowed , value = network,gps
03-03 14:49:59.301  1563  1963 D CdmaCellLocation: isEmpty: mBaseStationId = 12003, mBaseStationLatitude = 2147483647, mBaseStationLongitude = 2147483647, mSystemId = 13844, mNetworkId = 1
03-03 14:49:59.301  1563  1963 D PhoneInterfaceManager: [PhoneIntfMgr] phone.getCdmaCellLocation:Bundle[{}]
03-03 14:49:59.302  1563  1963 D CdmaCellLocation: fillInNotifierBundle:Bundle[{type=2, baseStationLatitude=2147483647, baseStationLongitude=2147483647, systemId=13844, baseStationId=12003, networkId=1}]
03-03 14:49:59.302  1743  2224 E CellLocation: create CdmaCellLocation
03-03 14:49:59.302  1743  2224 D CdmaCellLocation: isEmpty: mBaseStationId = 12003, mBaseStationLatitude = 2147483647, mBaseStationLongitude = 2147483647, mSystemId = 13844, mNetworkId = 1
03-03 14:49:59.303  1018  1904 V AlarmManager: APP set(PendingIntent{5dc9cdd: PendingIntentRecord{94168a9 com.google.android.gms broadcastIntent}}) : type=2 triggerAtTime=4926574 win=2500 tElapsed=4926574 maxElapsed=4929074 interval=0 flags=0x0
03-03 14:49:59.303  1018  1904 D SettingsInterface:  from settings cache , name = align_wake , value = null
03-03 14:49:59.303  1018  1904 V AmigoAlarmAlign: repeat alrm calc  when, type=2 count=0 when=4926574 pkg=com.google.android.gms
03-03 14:49:59.304  1018  1904 D SettingsInterface:  from settings cache , name = ALIGN_com.google.android.gms , value = 1
03-03 14:49:59.304  1018  1904 V AmigoAlarmAlign: not align as the triggerTime in TIME_NOT_TO_ALIGN 20000
03-03 14:49:59.305  1018  1904 D AlarmManager: remove(operation) changed bounds; rebatching operation = PendingIntent{5dc9cdd: PendingIntentRecord{94168a9 com.google.android.gms broadcastIntent}}
03-03 14:49:59.305  1018  1904 D AlarmManager: rebatchAllAlarmsLocked begin oldBatches count = 34
03-03 14:49:59.305  1018  1904 D AlarmManager: set alarm to RTC 4917364
03-03 14:49:59.306  1018  6022 D WifiService: releaseWifiLock, pid:1743, uid:10012
03-03 14:49:59.306  1018  6022 D WifiService: releaseWifiLockLocked: WifiLock{NlpWifiLock type=2 binder=android.os.BinderProxy@ba627a1}
03-03 14:49:59.306  1018  1098 D WifiController: DeviceActiveState{ when=0 what=155654 target=com.android.internal.util.StateMachine$SmHandler }
03-03 14:49:59.306  1018  1098 D WifiController: StaEnabledState{ when=0 what=155654 target=com.android.internal.util.StateMachine$SmHandler }
03-03 14:49:59.307  1018  1098 D WifiController: DefaultState{ when=0 what=155654 target=com.android.internal.util.StateMachine$SmHandler }
03-03 14:49:59.307  1018  1712 D PowerManagerService: releaseWakeLockInternal: lock=213849096 [NlpWakeLock], flags=0x0, total_time=33ms
03-03 14:49:59.307  1018  1712 D PowerManagerNotifier: onWakeLockReleased: flags=1, tag="NlpWakeLock", packageName=com.google.android.gms, ownerUid=10012, ownerPid=1743, workSource=WorkSource{1000 android}
03-03 14:49:59.307  1018  1712 D PowerManagerService: updateUserActivitySummaryLocked: mWakefulness=Asleep, mUserActivitySummary=0x0, nextTimeout=0 (4906605 ms ago)
03-03 14:49:59.307  1018  1712 D DisplayPowerController: requestPowerState: policy=OFF, useProximitySensor=false, screenBrightness=230, screenAutoBrightnessAdjustment=0.0, brightnessSetByUser=true, useAutoBrightness=false, blockScreenOn=false, lowPowerMode=false, boostScreenBrightness=false, dozeScreenBrightness=-1, dozeScreenState=UNKNOWN, waitForNegativeProximity=false
03-03 14:49:59.307  1018  1712 D PowerManagerService: updateDisplayPowerStateLocked: mDisplayReady=true, policy=0, mWakefulness=0, mWakeLockSummary=0x0, mUserActivitySummary=0x0, mBootCompleted=true, mScreenBrightnessBoostInProgress=false
03-03 14:49:59.308  1018  1712 D PowerManagerService: Releasing suspend blocker "PowerManagerService.WakeLocks".
03-03 14:49:59.309  1018  1894 D PowerManagerService: acquireWakeLockInternal: lock=111693906, flags=0x1, tag="NlpWakeLock", ws=null, uid=10012, pid=1743
03-03 14:49:59.309  1018  1894 D PowerManagerService: updateUserActivitySummaryLocked: mWakefulness=Asleep, mUserActivitySummary=0x0, nextTimeout=0 (4906606 ms ago)
03-03 14:49:59.309  1018  1894 D DisplayPowerController: requestPowerState: policy=OFF, useProximitySensor=false, screenBrightness=230, screenAutoBrightnessAdjustment=0.0, brightnessSetByUser=true, useAutoBrightness=false, blockScreenOn=false, lowPowerMode=false, boostScreenBrightness=false, dozeScreenBrightness=-1, dozeScreenState=UNKNOWN, waitForNegativeProximity=false
03-03 14:49:59.309  1018  1894 D PowerManagerService: updateDisplayPowerStateLocked: mDisplayReady=true, policy=0, mWakefulness=0, mWakeLockSummary=0x1, mUserActivitySummary=0x0, mBootCompleted=true, mScreenBrightnessBoostInProgress=false
03-03 14:49:59.309  1018  1894 D PowerManagerService: Acquiring suspend blocker "PowerManagerService.WakeLocks".
03-03 14:49:59.309  1018  1894 D PowerManagerNotifier: onWakeLockAcquired: flags=1, tag="NlpWakeLock", packageName=com.google.android.gms, ownerUid=10012, ownerPid=1743, workSource=null
03-03 14:49:59.311  1743  1743 D ActivityThread: SVC-Calling onStartCommand: com.google.android.location.internal.PendingIntentCallbackService@a506ce8, flags=0, startId=95
03-03 14:49:59.311  1018  1896 D PowerManagerService: releaseWakeLockInternal: lock=111693906 [NlpWakeLock], flags=0x0, total_time=3ms
03-03 14:49:59.312  1018  1896 D PowerManagerNotifier: onWakeLockReleased: flags=1, tag="NlpWakeLock", packageName=com.google.android.gms, ownerUid=10012, ownerPid=1743, workSource=null
03-03 14:49:59.312  1018  1896 D PowerManagerService: updateUserActivitySummaryLocked: mWakefulness=Asleep, mUserActivitySummary=0x0, nextTimeout=0 (4906609 ms ago)
03-03 14:49:59.312  1018  1896 D DisplayPowerController: requestPowerState: policy=OFF, useProximitySensor=false, screenBrightness=230, screenAutoBrightnessAdjustment=0.0, brightnessSetByUser=true, useAutoBrightness=false, blockScreenOn=false, lowPowerMode=false, boostScreenBrightness=false, dozeScreenBrightness=-1, dozeScreenState=UNKNOWN, waitForNegativeProximity=false
03-03 14:49:59.312  1018  1896 D PowerManagerService: updateDisplayPowerStateLocked: mDisplayReady=true, policy=0, mWakefulness=0, mWakeLockSummary=0x0, mUserActivitySummary=0x0, mBootCompleted=true, mScreenBrightnessBoostInProgress=false
03-03 14:49:59.312  1018  1896 D PowerManagerService: Releasing suspend blocker "PowerManagerService.WakeLocks".
03-03 14:49:59.312  1018  1217 D PowerManagerService: acquireWakeLockInternal: lock=261054243, flags=0x1, tag="NlpWakeLock", ws=null, uid=10012, pid=1743
03-03 14:49:59.312  1018  1217 D PowerManagerService: updateUserActivitySummaryLocked: mWakefulness=Asleep, mUserActivitySummary=0x0, nextTimeout=0 (4906610 ms ago)
