03-03 14:50:10.511   258  4417 D GraphicBuffer: alloc, handle(0x7f8671e720) (w:720 h:1280 s:720 f:0x1 u:0x000b00) err(0)
03-03 14:50:10.496  1147  1984 D NetworkController: handleIMSAction regState = 1 phoneId = 10
03-03 14:50:10.380  1018  1053 D ActivityThread: BDC-Calling finishReceiver: IIntentReceiver=c2265af
03-03 14:50:10.512  1147  2006 I [MALI][Gralloc]: [+]r_hnd(0x7f79e4c020), client(50), share_fd(76)
03-03 14:50:10.512  1147  2006 D GraphicBuffer: register, handle(0x7f79e4c020) (w:720 h:1280 s:720 f:0x1 u:0x000b00)
03-03 14:50:10.515  1018  1894 D PowerManagerService: releaseWakeLockInternal: lock=78902907 [RILJ], flags=0x0, total_time=196ms
03-03 14:50:10.516  1018  1894 D PowerManagerNotifier: onWakeLockReleased: flags=1, tag="RILJ", packageName=com.android.phone, ownerUid=1001, ownerPid=1563, workSource=null
03-03 14:50:10.516  1018  1894 D PowerManagerService: updateUserActivitySummaryLocked: mWakefulness=Awake, mUserActivitySummary=0x9, nextTimeout=4922070 (in 4257 ms)
03-03 14:50:10.516  1018  1894 D DisplayPowerController: requestPowerState: policy=BRIGHT, useProximitySensor=false, screenBrightness=230, screenAutoBrightnessAdjustment=0.0, brightnessSetByUser=true, useAutoBrightness=false, blockScreenOn=false, lowPowerMode=false, boostScreenBrightness=false, dozeScreenBrightness=-1, dozeScreenState=UNKNOWN, waitForNegativeProximity=false
03-03 14:50:10.516  1018  1894 D PowerManagerService: updateDisplayPowerStateLocked: mDisplayReady=false, policy=3, mWakefulness=1, mWakeLockSummary=0x1, mUserActivitySummary=0x9, mBootCompleted=true, mScreenBrightnessBoostInProgress=false
03-03 14:50:10.516  1018  1895 D PowerManagerService: acquireWakeLockInternal: lock=60673546, flags=0x1, tag="RILJ", ws=null, uid=1001, pid=1563
03-03 14:50:10.516  1018  1895 D PowerManagerService: updateUserActivitySummaryLocked: mWakefulness=Awake, mUserActivitySummary=0x9, nextTimeout=4922070 (in 4256 ms)
03-03 14:50:10.517  1018  1895 D DisplayPowerController: requestPowerState: policy=BRIGHT, useProximitySensor=false, screenBrightness=230, screenAutoBrightnessAdjustment=0.0, brightnessSetByUser=true, useAutoBrightness=false, blockScreenOn=false, lowPowerMode=false, boostScreenBrightness=false, dozeScreenBrightness=-1, dozeScreenState=UNKNOWN, waitForNegativeProximity=false
03-03 14:50:10.517  1018  1895 D PowerManagerService: updateDisplayPowerStateLocked: mDisplayReady=false, policy=3, mWakefulness=1, mWakeLockSummary=0x1, mUserActivitySummary=0x9, mBootCompleted=true, mScreenBrightnessBoostInProgress=false
03-03 14:50:10.518  1018  1904 D PowerManagerService: acquireWakeLockInternal: lock=60673546, flags=0x1, tag="RILJ", ws=null, uid=1001, pid=1563
03-03 14:50:10.518  1018  1904 D PowerManagerService: updateUserActivitySummaryLocked: mWakefulness=Awake, mUserActivitySummary=0x9, nextTimeout=4922070 (in 4254 ms)
03-03 14:50:10.518  1018  1904 D DisplayPowerController: requestPowerState: policy=BRIGHT, useProximitySensor=false, screenBrightness=230, screenAutoBrightnessAdjustment=0.0, brightnessSetByUser=true, useAutoBrightness=false, blockScreenOn=false, lowPowerMode=false, boostScreenBrightness=false, dozeScreenBrightness=-1, dozeScreenState=UNKNOWN, waitForNegativeProximity=false
03-03 14:50:10.518  1018  1904 D PowerManagerService: updateDisplayPowerStateLocked: mDisplayReady=false, policy=3, mWakefulness=1, mWakeLockSummary=0x1, mUserActivitySummary=0x9, mBootCompleted=true, mScreenBrightnessBoostInProgress=false
03-03 14:50:10.525  1018  1066 D DisplayPowerState: setScreenBrightness: brightness=128
03-03 14:50:10.525  1018  1052 I NetworkIdentity: buildNetworkIdentity:
03-03 14:50:10.525  1018  1066 D DisplayPowerState: Screen not ready
03-03 14:50:10.525  1018  1052 I NetworkIdentity: networkId = dhgionee(staff)
03-03 14:50:10.525  1018  1893 D PowerManagerService: acquireWakeLockInternal: lock=60673546, flags=0x1, tag="RILJ", ws=null, uid=1001, pid=1563
03-03 14:50:10.525  1018  1893 D PowerManagerService: updateUserActivitySummaryLocked: mWakefulness=Awake, mUserActivitySummary=0x9, nextTimeout=4922070 (in 4247 ms)
03-03 14:50:10.525  1018  1893 D DisplayPowerController: requestPowerState: policy=BRIGHT, useProximitySensor=false, screenBrightness=230, screenAutoBrightnessAdjustment=0.0, brightnessSetByUser=true, useAutoBrightness=false, blockScreenOn=false, lowPowerMode=false, boostScreenBrightness=false, dozeScreenBrightness=-1, dozeScreenState=UNKNOWN, waitForNegativeProximity=false
03-03 14:50:10.525  1018  1893 D PowerManagerService: updateDisplayPowerStateLocked: mDisplayReady=false, policy=3, mWakefulness=1, mWakeLockSummary=0x1, mUserActivitySummary=0x9, mBootCompleted=true, mScreenBrightnessBoostInProgress=false
03-03 14:50:10.526  1018  1711 D PowerManagerService: acquireWakeLockInternal: lock=60673546, flags=0x1, tag="RILJ", ws=null, uid=1001, pid=1563
03-03 14:50:10.526  1018  1711 D PowerManagerService: updateUserActivitySummaryLocked: mWakefulness=Awake, mUserActivitySummary=0x9, nextTimeout=4922070 (in 4246 ms)
03-03 14:50:10.527  1018  1711 D DisplayPowerController: requestPowerState: policy=BRIGHT, useProximitySensor=false, screenBrightness=230, screenAutoBrightnessAdjustment=0.0, brightnessSetByUser=true, useAutoBrightness=false, blockScreenOn=false, lowPowerMode=false, boostScreenBrightness=false, dozeScreenBrightness=-1, dozeScreenState=UNKNOWN, waitForNegativeProximity=false
03-03 14:50:10.527  1018  1711 D PowerManagerService: updateDisplayPowerStateLocked: mDisplayReady=false, policy=3, mWakefulness=1, mWakeLockSummary=0x1, mUserActivitySummary=0x9, mBootCompleted=true, mScreenBrightnessBoostInProgress=false
03-03 14:50:10.528  1018  1216 D PowerManagerService: acquireWakeLockInternal: lock=60673546, flags=0x1, tag="RILJ", ws=null, uid=1001, pid=1563
03-03 14:50:10.528  1018  1216 D PowerManagerService: updateUserActivitySummaryLocked: mWakefulness=Awake, mUserActivitySummary=0x9, nextTimeout=4922070 (in 4244 ms)
03-03 14:50:10.528  1018  1216 D DisplayPowerController: requestPowerState: policy=BRIGHT, useProximitySensor=false, screenBrightness=230, screenAutoBrightnessAdjustment=0.0, brightnessSetByUser=true, useAutoBrightness=false, blockScreenOn=false, lowPowerMode=false, boostScreenBrightness=false, dozeScreenBrightness=-1, dozeScreenState=UNKNOWN, waitForNegativeProximity=false
03-03 14:50:10.528  1018  1216 D PowerManagerService: updateDisplayPowerStateLocked: mDisplayReady=false, policy=3, mWakefulness=1, mWakeLockSummary=0x1, mUserActivitySummary=0x9, mBootCompleted=true, mScreenBrightnessBoostInProgress=false
03-03 14:50:10.533  1018  1048 D PowerManagerService: acquireWakeLockInternal: lock=60673546, flags=0x1, tag="RILJ", ws=null, uid=1001, pid=1563
03-03 14:50:10.533  1018  1048 D PowerManagerService: updateUserActivitySummaryLocked: mWakefulness=Awake, mUserActivitySummary=0x9, nextTimeout=4922070 (in 4239 ms)
03-03 14:50:10.538  1018  1048 D DisplayPowerController: requestPowerState: policy=BRIGHT, useProximitySensor=false, screenBrightness=230, screenAutoBrightnessAdjustment=0.0, brightnessSetByUser=true, useAutoBrightness=false, blockScreenOn=false, lowPowerMode=false, boostScreenBrightness=false, dozeScreenBrightness=-1, dozeScreenState=UNKNOWN, waitForNegativeProximity=false
03-03 14:50:10.539  1018  1048 D PowerManagerService: updateDisplayPowerStateLocked: mDisplayReady=false, policy=3, mWakefulness=1, mWakeLockSummary=0x1, mUserActivitySummary=0x9, mBootCompleted=true, mScreenBrightnessBoostInProgress=false
03-03 14:50:10.540  1018  1712 D PowerManagerService: acquireWakeLockInternal: lock=60673546, flags=0x1, tag="RILJ", ws=null, uid=1001, pid=1563
03-03 14:50:10.540  1018  1712 D PowerManagerService: updateUserActivitySummaryLocked: mWakefulness=Awake, mUserActivitySummary=0x9, nextTimeout=4922070 (in 4232 ms)
03-03 14:50:10.540  1018  1712 D DisplayPowerController: requestPowerState: policy=BRIGHT, useProximitySensor=false, screenBrightness=230, screenAutoBrightnessAdjustment=0.0, brightnessSetByUser=true, useAutoBrightness=false, blockScreenOn=false, lowPowerMode=false, boostScreenBrightness=false, dozeScreenBrightness=-1, dozeScreenState=UNKNOWN, waitForNegativeProximity=false
03-03 14:50:10.540  1018  1712 D PowerManagerService: updateDisplayPowerStateLocked: mDisplayReady=false, policy=3, mWakefulness=1, mWakeLockSummary=0x1, mUserActivitySummary=0x9, mBootCompleted=true, mScreenBrightnessBoostInProgress=false
03-03 14:50:10.541  1018  1066 D DisplayPowerState: setScreenBrightness: brightness=136
03-03 14:50:10.541  1018  1894 D PowerManagerService: acquireWakeLockInternal: lock=60673546, flags=0x1, tag="RILJ", ws=null, uid=1001, pid=1563
03-03 14:50:10.541  1018  1066 D DisplayPowerState: Screen not ready
03-03 14:50:10.542  1018  1894 D PowerManagerService: updateUserActivitySummaryLocked: mWakefulness=Awake, mUserActivitySummary=0x9, nextTimeout=4922070 (in 4231 ms)
03-03 14:50:10.542  1018  1894 D DisplayPowerController: requestPowerState: policy=BRIGHT, useProximitySensor=false, screenBrightness=230, screenAutoBrightnessAdjustment=0.0, brightnessSetByUser=true, useAutoBrightness=false, blockScreenOn=false, lowPowerMode=false, boostScreenBrightness=false, dozeScreenBrightness=-1, dozeScreenState=UNKNOWN, waitForNegativeProximity=false
03-03 14:50:10.542  1018  1894 D PowerManagerService: updateDisplayPowerStateLocked: mDisplayReady=false, policy=3, mWakefulness=1, mWakeLockSummary=0x1, mUserActivitySummary=0x9, mBootCompleted=true, mScreenBrightnessBoostInProgress=false
03-03 14:50:10.545  1018  1718 D PowerManagerService: acquireWakeLockInternal: lock=60673546, flags=0x1, tag="RILJ", ws=null, uid=1001, pid=1563
03-03 14:50:10.545  1018  1718 D PowerManagerService: updateUserActivitySummaryLocked: mWakefulness=Awake, mUserActivitySummary=0x9, nextTimeout=4922070 (in 4227 ms)
03-03 14:50:10.545  1018  1718 D DisplayPowerController: requestPowerState: policy=BRIGHT, useProximitySensor=false, screenBrightness=230, screenAutoBrightnessAdjustment=0.0, brightnessSetByUser=true, useAutoBrightness=false, blockScreenOn=false, lowPowerMode=false, boostScreenBrightness=false, dozeScreenBrightness=-1, dozeScreenState=UNKNOWN, waitForNegativeProximity=false
03-03 14:50:10.546  1018  1718 D PowerManagerService: updateDisplayPowerStateLocked: mDisplayReady=false, policy=3, mWakefulness=1, mWakeLockSummary=0x1, mUserActivitySummary=0x9, mBootCompleted=true, mScreenBrightnessBoostInProgress=false
03-03 14:50:10.546  1018  1904 D PowerManagerService: acquireWakeLockInternal: lock=60673546, flags=0x1, tag="RILJ", ws=null, uid=1001, pid=1563
03-03 14:50:10.547  1018  1904 D PowerManagerService: updateUserActivitySummaryLocked: mWakefulness=Awake, mUserActivitySummary=0x9, nextTimeout=4922070 (in 4226 ms)
03-03 14:50:10.547  1018  1904 D DisplayPowerController: requestPowerState: policy=BRIGHT, useProximitySensor=false, screenBrightness=230, screenAutoBrightnessAdjustment=0.0, brightnessSetByUser=true, useAutoBrightness=false, blockScreenOn=false, lowPowerMode=false, boostScreenBrightness=false, dozeScreenBrightness=-1, dozeScreenState=UNKNOWN, waitForNegativeProximity=false
03-03 14:50:10.547  1018  1904 D PowerManagerService: updateDisplayPowerStateLocked: mDisplayReady=false, policy=3, mWakefulness=1, mWakeLockSummary=0x1, mUserActivitySummary=0x9, mBootCompleted=true, mScreenBrightnessBoostInProgress=false
03-03 14:50:10.548  1018  1896 D PowerManagerService: acquireWakeLockInternal: lock=60673546, flags=0x1, tag="RILJ", ws=null, uid=1001, pid=1563
03-03 14:50:10.548  1018  1896 D PowerManagerService: updateUserActivitySummaryLocked: mWakefulness=Awake, mUserActivitySummary=0x9, nextTimeout=4922070 (in 4224 ms)
03-03 14:50:10.548  1018  1896 D DisplayPowerController: requestPowerState: policy=BRIGHT, useProximitySensor=false, screenBrightness=230, screenAutoBrightnessAdjustment=0.0, brightnessSetByUser=true, useAutoBrightness=false, blockScreenOn=false, lowPowerMode=false, boostScreenBrightness=false, dozeScreenBrightness=-1, dozeScreenState=UNKNOWN, waitForNegativeProximity=false
03-03 14:50:10.548  1018  1896 D PowerManagerService: updateDisplayPowerStateLocked: mDisplayReady=false, policy=3, mWakefulness=1, mWakeLockSummary=0x1, mUserActivitySummary=0x9, mBootCompleted=true, mScreenBrightnessBoostInProgress=false
03-03 14:50:10.548  1018  1052 D PowerManagerService: releaseWakeLockInternal: lock=64724120 [RILJ], flags=0x0, total_time=216ms
03-03 14:50:10.549  1018  1052 D PowerManagerNotifier: onWakeLockReleased: flags=1, tag="RILJ", packageName=com.android.phone, ownerUid=1001, ownerPid=1563, workSource=null
03-03 14:50:10.549  1018  1052 D PowerManagerService: updateUserActivitySummaryLocked: mWakefulness=Awake, mUserActivitySummary=0x9, nextTimeout=4922070 (in 4224 ms)
03-03 14:50:10.549  1018  1052 D DisplayPowerController: requestPowerState: policy=BRIGHT, useProximitySensor=false, screenBrightness=230, screenAutoBrightnessAdjustment=0.0, brightnessSetByUser=true, useAutoBrightness=false, blockScreenOn=false, lowPowerMode=false, boostScreenBrightness=false, dozeScreenBrightness=-1, dozeScreenState=UNKNOWN, waitForNegativeProximity=false
03-03 14:50:10.549  1018  1052 D PowerManagerService: updateDisplayPowerStateLocked: mDisplayReady=false, policy=3, mWakefulness=1, mWakeLockSummary=0x1, mUserActivitySummary=0x9, mBootCompleted=true, mScreenBrightnessBoostInProgress=false
03-03 14:50:10.549  1563  1563 D SettingsInterface:  from settings cache , name = multi_sim_voice_call , value = null
03-03 14:50:10.551  1018  1893 D PowerManagerService: acquireWakeLockInternal: lock=60673546, flags=0x1, tag="RILJ", ws=null, uid=1001, pid=1563
03-03 14:50:10.551  1018  1893 D PowerManagerService: updateUserActivitySummaryLocked: mWakefulness=Awake, mUserActivitySummary=0x9, nextTimeout=4922070 (in 4221 ms)
03-03 14:50:10.551  1018  1893 D DisplayPowerController: requestPowerState: policy=BRIGHT, useProximitySensor=false, screenBrightness=230, screenAutoBrightnessAdjustment=0.0, brightnessSetByUser=true, useAutoBrightness=false, blockScreenOn=false, lowPowerMode=false, boostScreenBrightness=false, dozeScreenBrightness=-1, dozeScreenState=UNKNOWN, waitForNegativeProximity=false
03-03 14:50:10.551  1018  1893 D PowerManagerService: updateDisplayPowerStateLocked: mDisplayReady=false, policy=3, mWakefulness=1, mWakeLockSummary=0x1, mUserActivitySummary=0x9, mBootCompleted=true, mScreenBrightnessBoostInProgress=false
03-03 14:50:10.552  1147  1794 D keyguard --> 1.1.0.0gd: ImageLoader --> startLoadFromCacheForJob -> imageLoaderUrl = http://d.gionee.com/nav/20170302/f0ef0998-5766-450d-b4a7-e0c8fa0bb92f.webp720*1080 mWallpaper.getImgName() = Holy Save!
03-03 14:50:10.552  1147  1794 D keyguard --> 1.1.0.0gd: ImageLoader --> startLoadFromCacheForJob -> cacheObject = android.graphics.Bitmap@dde8364
03-03 14:50:10.552  1018  1049 D PowerManagerService: acquireWakeLockInternal: lock=60673546, flags=0x1, tag="RILJ", ws=null, uid=1001, pid=1563
03-03 14:50:10.552  1147  1794 D keyguard --> 1.1.0.0gd: LoadImageThread --> run() end ret=true
03-03 14:50:10.553  1018  1049 D PowerManagerService: updateUserActivitySummaryLocked: mWakefulness=Awake, mUserActivitySummary=0x9, nextTimeout=4922070 (in 4220 ms)
03-03 14:50:10.553  1018  1049 D DisplayPowerController: requestPowerState: policy=BRIGHT, useProximitySensor=false, screenBrightness=230, screenAutoBrightnessAdjustment=0.0, brightnessSetByUser=true, useAutoBrightness=false, blockScreenOn=false, lowPowerMode=false, boostScreenBrightness=false, dozeScreenBrightness=-1, dozeScreenState=UNKNOWN, waitForNegativeProximity=false
03-03 14:50:10.553  1018  1049 D PowerManagerService: updateDisplayPowerStateLocked: mDisplayReady=false, policy=3, mWakefulness=1, mWakeLockSummary=0x1, mUserActivitySummary=0x9, mBootCompleted=true, mScreenBrightnessBoostInProgress=false
03-03 14:50:10.554  1018  1048 D PowerManagerService: acquireWakeLockInternal: lock=60673546, flags=0x1, tag="RILJ", ws=null, uid=1001, pid=1563
03-03 14:50:10.554  1018  1048 D PowerManagerService: updateUserActivitySummaryLocked: mWakefulness=Awake, mUserActivitySummary=0x9, nextTimeout=4922070 (in 4218 ms)
03-03 14:50:10.555  1018  1048 D DisplayPowerController: requestPowerState: policy=BRIGHT, useProximitySensor=false, screenBrightness=230, screenAutoBrightnessAdjustment=0.0, brightnessSetByUser=true, useAutoBrightness=false, blockScreenOn=false, lowPowerMode=false, boostScreenBrightness=false, dozeScreenBrightness=-1, dozeScreenState=UNKNOWN, waitForNegativeProximity=false
03-03 14:50:10.555  1018  1048 D PowerManagerService: updateDisplayPowerStateLocked: mDisplayReady=false, policy=3, mWakefulness=1, mWakeLockSummary=0x1, mUserActivitySummary=0x9, mBootCompleted=true, mScreenBrightnessBoostInProgress=false
03-03 14:50:10.558  1018  1066 D DisplayPowerState: setScreenBrightness: brightness=144
03-03 14:50:10.558  1743  6696 I System.out: [CDS]rx timeout:20000
03-03 14:50:10.558  1018  1066 D DisplayPowerState: Screen not ready
03-03 14:50:10.560  1018  1904 D ConnectivityService: getActiveNetworkInfo networkInfo = [type: WIFI[], state: CONNECTED/CONNECTED, reason: (unspecified), extra: "dhgionee(staff)", roaming: false, failover: false, isAvailable: true]
03-03 14:50:10.563  1018  1217 D AlarmManager: manual remove option = PendingIntent{a1a72d: PendingIntentRecord{491971 com.google.android.gms broadcastIntent}}
03-03 14:50:10.571  1018  1049 D PowerManagerService: releaseWakeLockInternal: lock=60673546 [RILJ], flags=0x0, total_time=255ms
03-03 14:50:10.571  1018  1049 D PowerManagerNotifier: onWakeLockReleased: flags=1, tag="RILJ", packageName=com.android.phone, ownerUid=1001, ownerPid=1563, workSource=null
03-03 14:50:10.571  1018  1049 D PowerManagerService: updateUserActivitySummaryLocked: mWakefulness=Awake, mUserActivitySummary=0x9, nextTimeout=4922070 (in 4201 ms)
03-03 14:50:10.571  1018  1049 D DisplayPowerController: requestPowerState: policy=BRIGHT, useProximitySensor=false, screenBrightness=230, screenAutoBrightnessAdjustment=0.0, brightnessSetByUser=true, useAutoBrightness=false, blockScreenOn=false, lowPowerMode=false, boostScreenBrightness=false, dozeScreenBrightness=-1, dozeScreenState=UNKNOWN, waitForNegativeProximity=false
03-03 14:50:10.571  1018  1049 D PowerManagerService: updateDisplayPowerStateLocked: mDisplayReady=false, policy=3, mWakefulness=1, mWakeLockSummary=0x1, mUserActivitySummary=0x9, mBootCompleted=true, mScreenBrightnessBoostInProgress=false
03-03 14:50:10.573  1743  6696 E GCM     : Missing checkin config file
03-03 14:50:10.573  1743  6696 W GCM     : GCM FAILED TO INITIALIZE - missing checkin
03-03 14:50:10.575  1743  6696 E GCM     : Missing checkin config file
03-03 14:50:10.576  1743  6696 W GCM     : GCM FAILED TO INITIALIZE - missing checkin
03-03 14:50:10.576  1018  1066 D DisplayPowerState: setScreenBrightness: brightness=153
03-03 14:50:10.576  1018  1066 D DisplayPowerState: Screen not ready
03-03 14:50:10.576  1018  1718 D ConnectivityService: getActiveNetworkInfo networkInfo = [type: WIFI[], state: CONNECTED/CONNECTED, reason: (unspecified), extra: "dhgionee(staff)", roaming: false, failover: false, isAvailable: true]
03-03 14:50:10.577  1018  1894 V AlarmManager: APP set(PendingIntent{f921462: PendingIntentRecord{491971 com.google.android.gms broadcastIntent}}) : type=2 triggerAtTime=5067473 win=-1 tElapsed=5067473 maxElapsed=5179671 interval=0 flags=0x0
03-03 14:50:10.577  1018  1894 D SettingsInterface:  from settings cache , name = align_wake , value = null
03-03 14:50:10.577  1018  1894 V AmigoAlarmAlign: repeat alrm calc  when, type=2 count=0 when=5067473 pkg=com.google.android.gms
03-03 14:50:10.579  1018  1894 D SettingsInterface:  from settings cache , name = ALIGN_com.google.android.gms , value = 1
03-03 14:50:10.579  1018  1894 V AmigoAlarmAlign: align com.google.android.gms from Mar 03 02:52:40 PM to :Mar 03 03:00:10 PM
03-03 14:50:10.580  1018  1894 D PowerManagerService: releaseWakeLockInternal: lock=63450353 [*net_scheduler*], flags=0x0, total_time=135ms
03-03 14:50:10.580  1018  1894 D PowerManagerNotifier: onWakeLockReleased: flags=1, tag="*net_scheduler*", packageName=com.google.android.gms, ownerUid=10012, ownerPid=1743, workSource=WorkSource{10012 com.google.android.gms}
03-03 14:50:10.580  1018  1894 D PowerManagerService: updateUserActivitySummaryLocked: mWakefulness=Awake, mUserActivitySummary=0x9, nextTimeout=4922070 (in 4192 ms)
03-03 14:50:10.581  1018  1894 D DisplayPowerController: requestPowerState: policy=BRIGHT, useProximitySensor=false, screenBrightness=230, screenAutoBrightnessAdjustment=0.0, brightnessSetByUser=true, useAutoBrightness=false, blockScreenOn=false, lowPowerMode=false, boostScreenBrightness=false, dozeScreenBrightness=-1, dozeScreenState=UNKNOWN, waitForNegativeProximity=false
03-03 14:50:10.581  1018  1894 D PowerManagerService: updateDisplayPowerStateLocked: mDisplayReady=false, policy=3, mWakefulness=1, mWakeLockSummary=0x1, mUserActivitySummary=0x9, mBootCompleted=true, mScreenBrightnessBoostInProgress=false
03-03 14:50:10.581  1018  1052 D ConnectivityService: getActiveNetworkInfo networkInfo = [type: WIFI[], state: CONNECTED/CONNECTED, reason: (unspecified), extra: "dhgionee(staff)", roaming: false, failover: false, isAvailable: true]
03-03 14:50:10.582  1018  6022 D ConnectivityService: getActiveNetworkInfo networkInfo = [type: WIFI[], state: CONNECTED/CONNECTED, reason: (unspecified), extra: "dhgionee(staff)", roaming: false, failover: false, isAvailable: true]
03-03 14:50:10.584  1743  6696 I System.out: close [socket][/18.8.34.133:56571]
03-03 14:50:10.585  1018  1711 D PowerManagerService: acquireWakeLockInternal: lock=119346365, flags=0x1, tag="GCM_CONN_ALARM", ws=WorkSource{10012 com.google.android.gms}, uid=10012, pid=1743
03-03 14:50:10.585  1018  1711 D PowerManagerService: updateUserActivitySummaryLocked: mWakefulness=Awake, mUserActivitySummary=0x9, nextTimeout=4922070 (in 4187 ms)
03-03 14:50:10.585  1018  1711 D DisplayPowerController: requestPowerState: policy=BRIGHT, useProximitySensor=false, screenBrightness=230, screenAutoBrightnessAdjustment=0.0, brightnessSetByUser=true, useAutoBrightness=false, blockScreenOn=false, lowPowerMode=false, boostScreenBrightness=false, dozeScreenBrightness=-1, dozeScreenState=UNKNOWN, waitForNegativeProximity=false
03-03 14:50:10.585  1018  1711 D PowerManagerService: updateDisplayPowerStateLocked: mDisplayReady=false, policy=3, mWakefulness=1, mWakeLockSummary=0x1, mUserActivitySummary=0x9, mBootCompleted=true, mScreenBrightnessBoostInProgress=false
03-03 14:50:10.586  1018  1217 D ConnectivityService: getActiveNetworkInfo networkInfo = [type: WIFI[], state: CONNECTED/CONNECTED, reason: (unspecified), extra: "dhgionee(staff)", roaming: false, failover: false, isAvailable: true]
03-03 14:50:10.586  2474  2479 I PerfService: PerfServiceNative_getPackName
03-03 14:50:10.586  1018  1217 I libPerfService: perfGetLastBoostPid 32397
03-03 14:50:10.586  1018  1217 D PerfServiceManager: [PerfService] getLastBoostPid 32397 
03-03 14:50:10.586  1018  1217 I libPerfService: perfGetLastBoostPid 32397
03-03 14:50:10.587  1018  1904 D ConnectivityService: getActiveNetworkInfo networkInfo = [type: WIFI[], state: CONNECTED/CONNECTED, reason: (unspecified), extra: "dhgionee(staff)", roaming: false, failover: false, isAvailable: true]
03-03 14:50:10.587  1743  6723 I System.out: [CDS]rx timeout:20000
03-03 14:50:10.587  1018  1048 D ConnectivityService: getActiveNetworkInfo networkInfo = [type: WIFI[], state: CONNECTED/CONNECTED, reason: (unspecified), extra: "dhgionee(staff)", roaming: false, failover: false, isAvailable: true]
03-03 14:50:10.587  1743  6723 I System.out: [CDS][DNS] getAllByNameImpl netId = 0
03-03 14:50:10.588  1743  6723 D libc-netbsd: [getaddrinfo]: hostname=alt5-mtalk.google.com; servname=(null); netid=0; mark=0
03-03 14:50:10.588  1743  6723 D libc-netbsd: [getaddrinfo]: ai_addrlen=0; ai_canonname=(null); ai_flags=4; ai_family=0
03-03 14:50:10.588  1018  1711 V ActivityManager: Broadcast: Intent { act=com.google.android.gcm.DISCONNECTED flg=0x10 } ordered=false userid=0 callerApp=ProcessRecord{d34f5b9 1743:com.google.android.gms.persistent/u0a12}
03-03 14:50:10.588  1743  6723 D libc-netbsd: [getaddrinfo]: hostname=alt5-mtalk.google.com; servname=(null); netid=0; mark=0
03-03 14:50:10.588  1743  6723 D libc-netbsd: [getaddrinfo]: ai_addrlen=0; ai_canonname=(null); ai_flags=1024; ai_family=0
03-03 14:50:10.589   359  1006 D FrameworkListener: dispatchCommand data = (getaddrinfo alt5-mtalk.google.com ^ 1024 0 1 0 0)
03-03 14:50:10.590   359  6724 D libc-netbsd: [getaddrinfo]: hostname=alt5-mtalk.google.com; servname=(null); netid=1000; mark=1000
03-03 14:50:10.590   359  6724 D libc-netbsd: [getaddrinfo]: ai_addrlen=0; ai_canonname=(null); ai_flags=1024; ai_family=0
03-03 14:50:10.590   359  6724 D libc-netbsd: getaddrinfo: alt5-mtalk.google.com get result from proxy gai_error = 11
03-03 14:50:10.590   359  6724 D libc-netbsd: default dns: query_ipv6=0, query_ipv4=1
03-03 14:50:10.590   359  6724 D libc-netbsd: res_queryN name = alt5-mtalk.google.com, class = 1, type = 1
03-03 14:50:10.590   359  6724 D libc-netbsd: netid=1000, dns0:19.9.0.126
03-03 14:50:10.590   359  6724 D libc-netbsd: netid=1000, dns1:8.8.8.8
03-03 14:50:10.592  1018  1066 D DisplayPowerState: setScreenBrightness: brightness=161
03-03 14:50:10.593  1018  1066 D DisplayPowerState: Screen not ready
03-03 14:50:10.609  1018  1066 D DisplayPowerState: setScreenBrightness: brightness=170
03-03 14:50:10.609  1018  1066 D DisplayPowerState: Screen not ready
03-03 14:50:10.613  6698  6698 D PUSH.C.NotifyPushProvider: installed: [gn.com.android.update, com.gionee.telepath, com.gionee.gamehall, com.gionee.gcare, com.amigo.keyguard, gn.oversea.onlinewallpaper]
03-03 14:50:10.613  6698  6698 D PUSH.C.NotifyPushProvider: database: [gn.com.android.update, com.gionee.telepath, com.gionee.anti.stolen, com.gionee.gamehall, com.gionee.gcare, com.amigo.keyguard, gn.oversea.onlinewallpaper]
03-03 14:50:10.613  6698  6698 D PUSH.C.NotifyPushProvider: delete: com.gionee.anti.stolen
03-03 14:50:10.614  6698  6698 D SQLiteDatabase: endTransaction()
03-03 14:50:10.616   373   424 D AALService: enableAALEvent: 0 -> 1
03-03 14:50:10.621  1018  1712 D ActivityManager: publishContentProviders: from caller=android.app.ApplicationThreadProxy@934b9f3 (pid=6698)
03-03 14:50:10.622  6698  6698 V Chameleon: com.gionee.cloud.gpe:com.gionee.cloud.gpe.PushApplication Register Chameleon, restart = true
03-03 14:50:10.624  6698  6698 V Chameleon: context==null?:false
03-03 14:50:10.624  6698  6698 V SettingsInterface: invalidate [system]: current 1 != cached 0
03-03 14:50:10.624  1018  1052 D ActivityManager: getContentProviderImpl: from caller=android.app.ApplicationThreadProxy@d7024f (pid=6698, userId=0) to get content provider settings cpr=ContentProviderRecord{9ff2abc u0 com.android.providers.settings/.SettingsProvider}
03-03 14:50:10.624  1018  1052 D ActivityManager: getContentProviderImpl: updateLruProcessLocked cpr.proc=ProcessRecord{5da5ec4 1018:system/1000}
03-03 14:50:10.625  6698  6698 D ActivityThread: holder:android.app.IActivityManager$ContentProviderHolder@720faef, holder.provider:android.content.ContentProviderProxy@959d9fc
03-03 14:50:10.626  1018  1066 D DisplayPowerState: setScreenBrightness: brightness=178
03-03 14:50:10.626  6698  6698 D Chameleon: getDataFromSettings-->allDataStr == null
03-03 14:50:10.626  6698  6698 D Chameleon: init-->getDataFromSettings return false
03-03 14:50:10.626  1018  1066 D DisplayPowerState: Screen not ready
03-03 14:50:10.626  1018  1893 D ActivityManager: getContentProviderImpl: from caller=android.app.ApplicationThreadProxy@65a3ddc (pid=6698, userId=0) to get content provider com.amigo.chameleon.provider cpr=ContentProviderRecord{fbfbc72 u0 com.amigo.chameleon/.provider.ChameleonProvider}
03-03 14:50:10.626  1018  1893 D ActivityManager: getContentProviderImpl: updateLruProcessLocked cpr.proc=ProcessRecord{23a28c3 23163:com.amigo.chameleon/u0a0}
03-03 14:50:10.628  6698  6698 D ActivityThread: holder:android.app.IActivityManager$ContentProviderHolder@5016da, holder.provider:android.content.ContentProviderProxy@fac570b
03-03 14:50:10.632  6698  6698 D Chameleon: No data in the database
03-03 14:50:10.632  6698  6698 E PUSH.C.PushApplication: android.permission.READ_PHONE_STATE not requested!!!!
03-03 14:50:10.633  6698  6698 E PUSH.C.PushApplication: android.permission.WRITE_EXTERNAL_STORAGE not requested!!!!
03-03 14:50:10.633  6698  6698 E PUSH.C.PushApplication: android.permission.ACCESS_FINE_LOCATION not requested!!!!
03-03 14:50:10.634  6698  6698 E PUSH.C.PushApplication: android.permission.ACCESS_COARSE_LOCATION not requested!!!!
03-03 14:50:10.634  6698  6698 I Process : Sending signal. PID: 6698 SIG: 9
03-03 14:50:10.642  1018  1066 D DisplayPowerState: setScreenBrightness: brightness=186
03-03 14:50:10.642  1018  1066 D DisplayPowerState: Screen not ready
03-03 14:50:10.659  1018  1066 D DisplayPowerState: setScreenBrightness: brightness=195
03-03 14:50:10.659  1018  1066 D DisplayPowerState: Screen not ready
03-03 14:50:10.660  1147  1147 D keyguard --> 1.1.0.0gd: StoryImageView --> getImageLoaderUrl -> mWallpaper.getImgUrl() = http://d.gionee.com/nav/20170302/0c1369f6-bd92-48f3-86d9-89af141316bb.webp720*1080
03-03 14:50:10.660  1147  1147 D keyguard --> 1.1.0.0gd: StoryImageView --> onLoadingComplete -> loadedImage = android.graphics.Bitmap@e782cf6
03-03 14:50:10.660  1147  1147 D keyguard --> 1.1.0.0gd: StoryImageView --> onLoadingComplete -> mWallpaper = World WildLife Day!
03-03 14:50:10.660  1147  1147 D keyguard --> 1.1.0.0gd: StoryImageView --> onLoadingComplete -> mWallpaper = http://d.gionee.com/nav/20170302/0c1369f6-bd92-48f3-86d9-89af141316bb.webp720*1080
03-03 14:50:10.661  1147  1147 D keyguard --> 1.1.0.0gd: StoryImageView --> getImageLoaderUrl -> mWallpaper.getImgUrl() = http://d.gionee.com/nav/20170302/073facfd-045b-41b8-aceb-173e6065322c.webp720*1080
03-03 14:50:10.661  1147  1147 D keyguard --> 1.1.0.0gd: StoryImageView --> onLoadingComplete -> loadedImage = android.graphics.Bitmap@32248f7
03-03 14:50:10.661  1147  1147 D keyguard --> 1.1.0.0gd: StoryImageView --> onLoadingComplete -> mWallpaper = Natural Vitamin C!
03-03 14:50:10.661  1018  1063 I WindowManager: Waiting for drawn Window{23a4d82 u0 StatusBar}: removed=false visible=true mHasSurface=true drawState=4
03-03 14:50:10.661  1147  1147 D keyguard --> 1.1.0.0gd: StoryImageView --> onLoadingComplete -> mWallpaper = http://d.gionee.com/nav/20170302/073facfd-045b-41b8-aceb-173e6065322c.webp720*1080
03-03 14:50:10.661  1018  1063 D WindowManager: Window drawn win=Window{23a4d82 u0 StatusBar}
03-03 14:50:10.661  1018  1063 D WindowManager: All windows drawn!
03-03 14:50:10.661  1147  1147 D ActivityThread: BDC-Calling finishReceiver: IIntentReceiver=ddfa24e
03-03 14:50:10.661  1018  1063 I WindowManager: All windows ready for display!
03-03 14:50:10.661  1147  1147 D keyguard --> 1.1.0.0gd: StoryImageView --> getImageLoaderUrl -> mWallpaper.getImgUrl() = http://d.gionee.com/nav/20170302/f0ef0998-5766-450d-b4a7-e0c8fa0bb92f.webp720*1080
03-03 14:50:10.661  1147  1147 D keyguard --> 1.1.0.0gd: StoryImageView --> onLoadingComplete -> loadedImage = android.graphics.Bitmap@dde8364
03-03 14:50:10.661  1018  1055 W WindowManager: Setting mWindowManagerDrawComplete
03-03 14:50:10.661  1018  1055 I WindowManager: finishWindowsDrawn
03-03 14:50:10.661  1147  1147 D keyguard --> 1.1.0.0gd: StoryImageView --> onLoadingComplete -> mWallpaper = Holy Save!
03-03 14:50:10.661  1018  1055 I WindowManager: finishScreenTurningOn start
03-03 14:50:10.661  1147  1147 D keyguard --> 1.1.0.0gd: StoryImageView --> onLoadingComplete -> mWallpaper = http://d.gionee.com/nav/20170302/f0ef0998-5766-450d-b4a7-e0c8fa0bb92f.webp720*1080
03-03 14:50:10.662  1018  1055 D SensorService: Calling batch handle==1 flags=0rate=66667000 timeout== 0
03-03 14:50:10.662  1018  1055 D SensorService: SensorDevice::batch: ident=0x7f7d1cb180, handle=0x00000001, flags=0, period_ns=66667000 timeout=0
03-03 14:50:10.662  1018  1055 D SensorService: 	>>> curr_period=-1 min_period=66667000 curr_timeout=-1 min_timeout=0
03-03 14:50:10.663  1018  1055 D SensorService: Calling activate on 1
03-03 14:50:10.663  1018  1055 D SensorService: SensorDevice::activate: ident=0x7f7d1cb180, handle=0x00000001, enabled=1, count=1
03-03 14:50:10.663  1018  1055 D SensorService: enable index=0
03-03 14:50:10.663  1018  1055 D SensorService: 	>>> actuating h/w activate handle=1 enabled=1
03-03 14:50:10.663  1018  1055 D Sensors : activate handle =0, enable = 1
03-03 14:50:10.663  1018  1055 E Sensors : handleToDriver handle(0)
03-03 14:50:10.663  1018  1055 D Sensors : use new sensor index=2, mSensors[index](7e29bc00)
03-03 14:50:10.663  1018  1055 D Accel   : ACC enable: handle:0, en:1 
03-03 14:50:10.663  1018  1055 D Accel   : path:/sys/class/misc/m_acc_misc/accactive 
03-03 14:50:10.663  1563  1563 D ActivityThread: BDC-Calling finishReceiver: IIntentReceiver=764097a
03-03 14:50:10.663  1018  1055 D Accel   : ACC enable(1) done
03-03 14:50:10.663  1018  1055 D SensorService: 	>>> actuating h/w setDelay 1 66667000
03-03 14:50:10.663  1018  1055 E Sensors : handleToDriver handle(0)
03-03 14:50:10.663  1018  1055 D Accel   : setDelay: (handle=0, ns=66667000)
03-03 14:50:10.663   258   258 I hwcomposer: [GAME] game: 1 notify gas
03-03 14:50:10.663   258   258 I SceneKnowledgeProvider: SKP: notifyChange(0, 1, -1)
03-03 14:50:10.664   258   258 I SurfaceFlinger: [Built-in Screen (type:0)] fps:0.108786,dur:36769.32,max:36692.91,min:14.22
03-03 14:50:10.664  2474  2482 D GasService: Bn: sendAppInfo(0, 1, 258)
03-03 14:50:10.664  2474  2482 I PerfService: PerfServiceNative_getPackName
03-03 14:50:10.664  1483  1483 D ActivityThread: BDC-Calling finishReceiver: IIntentReceiver=b3156c9
03-03 14:50:10.665  1018  1711 I libPerfService: perfGetLastBoostPid 32397
03-03 14:50:10.665  1018  1711 D PerfServiceManager: [PerfService] getLastBoostPid 32397 
03-03 14:50:10.665  1018  1711 I libPerfService: perfGetLastBoostPid 32397
03-03 14:50:10.666  1018  1066 D DisplayPowerState: setScreenBrightness: brightness=198
03-03 14:50:10.667  1018  1066 D DisplayPowerState: Screen not ready
03-03 14:50:10.667  1147  1147 D keyguard --> 1.1.0.0gd: HorizontalListView --> onLayout -> changed = false
03-03 14:50:10.667  1147  1147 D keyguard --> 1.1.0.0gd: HorizontalListView --> layoutChild -> mFirstPosition = -1
03-03 14:50:10.667  1147  1147 D keyguard --> 1.1.0.0gd: HorizontalListView --> layoutChild -> getChildCount() = 3
03-03 14:50:10.667  1147  1147 D keyguard --> 1.1.0.0gd: HorizontalListView --> layoutChild -> getScrollX() = 0
03-03 14:50:10.667  1147  1147 D keyguard --> 1.1.0.0gd: HorizontalListView --> layoutChild i:0
03-03 14:50:10.667  1018  1063 V WindowAnimator: Force hide KEYGUARD_SHOWN hasSurface=true policyVis=true destroying=false attHidden=false vis=0 hidden=false anim=null
03-03 14:50:10.667  1147  1147 D keyguard --> 1.1.0.0gd: HorizontalListView --> layoutChild child:com.amigo.storylocker.widget.StoryImageView{4d10cca V.E...... ......ID -720,0-0,1280}
03-03 14:50:10.667  1147  1147 D keyguard --> 1.1.0.0gd: HorizontalListView --> layoutChild childLeft:-720
03-03 14:50:10.667  1147  1147 D keyguard --> 1.1.0.0gd: HorizontalListView --> layoutChild mChildWidth:720
03-03 14:50:10.667  1147  1147 D keyguard --> 1.1.0.0gd: StoryImageView --> onLayout left:-720 top:0 right:0 bottom:1280
03-03 14:50:10.667  1147  1147 D keyguard --> 1.1.0.0gd: StoryImageView --> onLayout view:android.widget.FrameLayout{2d88ab1 G.E...... ......I. 0,0-720,1280}
03-03 14:50:10.667  1147  1147 D keyguard --> 1.1.0.0gd: StoryImageView --> onLayout view:android.widget.FrameLayout{65b2b96 G.E...... ......I. 0,0-720,1280}
03-03 14:50:10.667  1147  1147 D keyguard --> 1.1.0.0gd: HorizontalListView --> layoutChild i:1
03-03 14:50:10.667  1147  1147 D keyguard --> 1.1.0.0gd: HorizontalListView --> layoutChild child:com.amigo.storylocker.widget.StoryImageView{d242e3b V.E...... ......ID 0,0-720,1280}
03-03 14:50:10.667  1147  1147 D keyguard --> 1.1.0.0gd: HorizontalListView --> layoutChild childLeft:0
03-03 14:50:10.667  1147  1147 D keyguard --> 1.1.0.0gd: HorizontalListView --> layoutChild mChildWidth:720
03-03 14:50:10.667  1147  1147 D keyguard --> 1.1.0.0gd: StoryImageView --> onLayout left:0 top:0 right:720 bottom:1280
03-03 14:50:10.667  1147  1147 D keyguard --> 1.1.0.0gd: StoryImageView --> onLayout view:android.widget.FrameLayout{81d7317 G.E...... ......I. 0,0-720,1280}
03-03 14:50:10.667  1147  1147 D keyguard --> 1.1.0.0gd: StoryImageView --> onLayout view:android.widget.FrameLayout{8653304 G.E...... ......I. 0,0-720,1280}
03-03 14:50:10.668  1147  1147 D keyguard --> 1.1.0.0gd: HorizontalListView --> layoutChild i:2
03-03 14:50:10.668  1147  1147 D keyguard --> 1.1.0.0gd: HorizontalListView --> layoutChild child:com.amigo.storylocker.widget.StoryImageView{b1fd958 V.E...... ......ID 720,0-1440,1280}
03-03 14:50:10.668  1147  1147 D keyguard --> 1.1.0.0gd: HorizontalListView --> layoutChild childLeft:720
03-03 14:50:10.668  1147  1147 D keyguard --> 1.1.0.0gd: HorizontalListView --> layoutChild mChildWidth:720
03-03 14:50:10.668  1147  1147 D keyguard --> 1.1.0.0gd: StoryImageView --> onLayout left:720 top:0 right:1440 bottom:1280
03-03 14:50:10.668  1147  1147 D keyguard --> 1.1.0.0gd: StoryImageView --> onLayout view:android.widget.FrameLayout{1ba20ed G.E...... ......I. 0,0-720,1280}
03-03 14:50:10.668  1147  1147 D keyguard --> 1.1.0.0gd: StoryImageView --> onLayout view:android.widget.FrameLayout{6966b22 G.E...... ......I. 0,0-720,1280}
03-03 14:50:10.668  1147  1147 D keyguard --> 1.1.0.0gd: HorizontalListView --> computeScroll getScrollX():0
03-03 14:50:10.668  1147  1147 D keyguard --> 1.1.0.0gd: KeyguardListView --> positon3: 0  isScrollNextPage: true isEndToEndPage: false
03-03 14:50:10.676  1018  1055 E Sensors : new setDelay handle(0),ns(66667000)m, error(0), index(2)
03-03 14:50:10.677  1018  1055 D WindowManager: finishScreenTurningOn: mAwake=true, mScreenOnEarly=true, mScreenOnFully=false, mKeyguardDrawComplete=true, mWindowManagerDrawComplete=true
03-03 14:50:10.677  1018  1128 D SurfaceControl: Excessive delay in setPowerMode(): 386ms
03-03 14:50:10.677  1018  1066 D DisplayPowerState: Screen ready
03-03 14:50:10.677  1018  1055 I WindowManager: Finished screen turning on...
03-03 14:50:10.677  1018  1066 I DisplayPowerController: Unblocked screen on after 396 ms
03-03 14:50:10.678  1018  1066 D DisplayPowerState: setColorFadeLevel: level=1.0
03-03 14:50:10.678  1018  1066 D ColorFade: dismiss
03-03 14:50:10.678  1018  1066 D GraphicBuffer: unregister, handle(0x7f752e1a20) (w:720 h:1280 s:720 f:0x1 u:0x000333)
03-03 14:50:10.679  1018  1066 I [MALI][Gralloc]: [-]r_hnd(0x7f752e1a20), client(121), share_fd(236)
03-03 14:50:10.681   258  4417 D GraphicBuffer: free, handle(0x7f8614a9a0) (w:720 h:1280 s:720 f:0x1 u:0x000b00)
03-03 14:50:10.681   258  4417 I [MALI][Gralloc]: [-]hnd(0x7f8614a9a0), client(27), share_fd(46)
03-03 14:50:10.681   258  4417 D GraphicBuffer: free, handle(0x7f8671d3c0) (w:720 h:1280 s:720 f:0x1 u:0x000b00)
03-03 14:50:10.681   258  4417 I [MALI][Gralloc]: [-]hnd(0x7f8671d3c0), client(27), share_fd(61)
03-03 14:50:10.682  1018  1066 D GraphicBuffer: unregister, handle(0x7f752de8c0) (w:720 h:1280 s:720 f:0x1 u:0x000b00)
03-03 14:50:10.683  1147  1147 V PhoneStatusBar: onReceive: Intent { act=android.intent.action.SCREEN_ON flg=0x50000010 }
03-03 14:50:10.683  1147  1147 D ActivityThread: BDC-Calling finishReceiver: IIntentReceiver=ea8338b
03-03 14:50:10.683  1018  1066 I [MALI][Gralloc]: [-]r_hnd(0x7f752de8c0), client(121), share_fd(246)
03-03 14:50:10.683  1018  1063 V WindowAnimator: Force hide KEYGUARD_SHOWN hasSurface=true policyVis=true destroying=false attHidden=false vis=0 hidden=false anim=null
03-03 14:50:10.684  1018  1066 D GraphicBuffer: unregister, handle(0x7f7c8e8640) (w:720 h:1280 s:720 f:0x1 u:0x000b00)
03-03 14:50:10.684  1018  1066 I [MALI][Gralloc]: [-]r_hnd(0x7f7c8e8640), client(121), share_fd(247)
03-03 14:50:10.685  2025  2025 D ActivityThread: BDC-Calling finishReceiver: IIntentReceiver=e07d90
03-03 14:50:10.685  2025  2045 D WeatherGionee_WeatherBroadcastReceiver: action = android.intent.action.SCREEN_ON
03-03 14:50:10.685  1018  1066 D GraphicBuffer: unregister, handle(0x7f752de1e0) (w:720 h:1280 s:720 f:0x1 u:0x000b00)
03-03 14:50:10.686  1018  1066 I [MALI][Gralloc]: [-]r_hnd(0x7f752de1e0), client(121), share_fd(245)
03-03 14:50:10.688  1018  1066 D DisplayPowerController: Animating brightness: target=230, rate=500
03-03 14:50:10.688  1018  1066 D SettingsInterface:  from settings cache , name = fingerprint_used_for_unlock , value = null
03-03 14:50:10.689  1018  1066 D DisplayPowerState: Requesting new screen state: state=ON, backlight=198
03-03 14:50:10.689  1018  1066 D DisplayPowerState: Screen not ready
03-03 14:50:10.689  1018  1066 D DisplayPowerState: setScreenBrightness: brightness=207
03-03 14:50:10.689  1018  1066 D DisplayPowerState: Requesting new screen state: state=ON, backlight=207
03-03 14:50:10.689  1018  1066 D DisplayPowerState: Screen not ready
03-03 14:50:10.690  1018  1128 D DisplayPowerState: Updating screen state: state=ON, backlight=207, backlightChanged=true
03-03 14:50:10.690  1018  1128 D DisplayManagerService: Update global display state for DisplayDeviceInfo{"Built-in Screen": uniqueId="local:0", 720 x 1280, modeId 1, defaultModeId 1, supportedModes [{id=1, width=720, height=1280, fps=60.25}], density 320, 294.967 x 292.9 dpi, appVsyncOff -8000000, presDeadline 25597510, touch INTERNAL, rotation 0, type BUILT_IN, state ON, FLAG_DEFAULT_DISPLAY, FLAG_ROTATES_WITH_CONTENT, FLAG_SECURE, FLAG_SUPPORTS_PROTECTED_BUFFERS}
03-03 14:50:10.691  1018  1128 D LocalDisplayAdapter: setDisplayBrightness(id=0, brightness=207)
03-03 14:50:10.691  1018  1128 D lights  : write_int open fd=236
03-03 14:50:10.691  1018  1066 D DisplayPowerState: Screen ready
03-03 14:50:10.691  1563  1563 D ActivityThread: BDC-Calling finishReceiver: IIntentReceiver=ed7652b
03-03 14:50:10.693  1018  4311 D DisplayManagerService: Display listener for pid 6698 died.
03-03 14:50:10.693  1018  1894 I ActivityManager: Process com.gionee.cloud.gpe (pid 6698) has died
03-03 14:50:10.693  1018  1894 D ActivityManager: SVC-handleAppDiedLocked: app = ProcessRecord{9aec76e 6698:com.gionee.cloud.gpe/u0a67}, app.pid = 6698
03-03 14:50:10.693  1018  1894 D ActivityManager: cleanUpApplicationRecord -- 6698
03-03 14:50:10.693  1018  1894 D ActivityManager: removeDyingProviderLocked: cpr=ContentProviderRecord{76d8ee5 u0 com.gionee.cloud.gpe/.provider.NotifyPushProvider} always=false inLaunching=false
03-03 14:50:10.693  1018  1894 D ActivityManager: SVC-mBroadcastQueues: com.android.server.am.BroadcastQueue@200e9c
03-03 14:50:10.693  1018  1894 D ActivityManager: SVC-mBroadcastQueues: com.android.server.am.BroadcastQueue@ac1f0a5
03-03 14:50:10.694  1018  1894 W ActivityManager: Re-adding persistent process ProcessRecord{9aec76e 6698:com.gionee.cloud.gpe/u0a67}
03-03 14:50:10.694  1018  6022 D PowerManagerService: acquireWakeLockInternal: lock=60673546, flags=0x1, tag="RILJ", ws=null, uid=1001, pid=1563
03-03 14:50:10.694  1018  1066 D ColorFade: dismiss
03-03 14:50:10.694  1018  1066 D DisplayPowerController: Animating brightness: target=230, rate=500
03-03 14:50:10.694  1018  1066 V KeyguardServiceDelegate: onScreenTurnedOn()
03-03 14:50:10.694  1018  6022 D PowerManagerService: updateUserActivitySummaryLocked: mWakefulness=Awake, mUserActivitySummary=0x9, nextTimeout=4922070 (in 4078 ms)
03-03 14:50:10.694  1018  6022 D DisplayPowerController: requestPowerState: policy=BRIGHT, useProximitySensor=false, screenBrightness=230, screenAutoBrightnessAdjustment=0.0, brightnessSetByUser=true, useAutoBrightness=false, blockScreenOn=false, lowPowerMode=false, boostScreenBrightness=false, dozeScreenBrightness=-1, dozeScreenState=UNKNOWN, waitForNegativeProximity=false
03-03 14:50:10.695  1018  1066 I WindowManager: Waiting for drawn Window{836f4df u0 com.example.gionee.notebook/com.example.gionee.notebook.acitivity.EditNoteActivity}: removed=false visible=true mHasSurface=true drawState=1
03-03 14:50:10.695  1018  6022 D PowerManagerService: updateDisplayPowerStateLocked: mDisplayReady=false, policy=3, mWakefulness=1, mWakeLockSummary=0x1, mUserActivitySummary=0x9, mBootCompleted=true, mScreenBrightnessBoostInProgress=false
03-03 14:50:10.695  1018  1066 I WindowManager: Waiting for drawn Window{23a4d82 u0 StatusBar}: removed=false visible=true mHasSurface=true drawState=1
03-03 14:50:10.695  1018  1066 V KeyguardServiceDelegate: onScreenTurnedOn(showListener = com.android.server.policy.PhoneWindowManager$3@8a4bf72)
03-03 14:50:10.695  1018  6022 D PowerManagerNotifier: onWakeLockAcquired: flags=1, tag="RILJ", packageName=com.android.phone, ownerUid=1001, ownerPid=1563, workSource=null
03-03 14:50:10.695  1018  1066 D DisplayPowerController: Display ready!
03-03 14:50:10.695  1018  1066 D SettingsInterface:  from settings cache , name = fingerprint_used_for_unlock , value = null
03-03 14:50:10.695  1147 28804 D KeyguardViewMediator: notifyScreenTurnedOn
03-03 14:50:10.695  1147  1147 D KeyguardViewMediator: handleNotifyScreenTurnedOn
03-03 14:50:10.695  1018  1066 D DisplayPowerController: requestPowerState: policy=BRIGHT, useProximitySensor=false, screenBrightness=230, screenAutoBrightnessAdjustment=0.0, brightnessSetByUser=true, useAutoBrightness=false, blockScreenOn=false, lowPowerMode=false, boostScreenBrightness=false, dozeScreenBrightness=-1, dozeScreenState=UNKNOWN, waitForNegativeProximity=false
03-03 14:50:10.695  1147 28804 D KeyguardViewMediator: notifyScreenOn
03-03 14:50:10.695  1147  1147 D KeyguardViewMediator: handleNotifyScreenTurningOn
03-03 14:50:10.696  1147  1147 D KeyguardViewMediator: handleNotifyScreenTurningOn notifyDrawn
03-03 14:50:10.695  1018  1066 D PowerManagerService: updateDisplayPowerStateLocked: mDisplayReady=true, policy=3, mWakefulness=1, mWakeLockSummary=0x1, mUserActivitySummary=0x9, mBootCompleted=true, mScreenBrightnessBoostInProgress=false
03-03 14:50:10.696  1018  1066 D PowerManagerNotifier: onWakefulnessChangeFinished
03-03 14:50:10.696  1018  1018 I WindowManager: Finished waking up...
03-03 14:50:10.696  1563  1563 D ActivityThread: BDC-Calling finishReceiver: IIntentReceiver=ccb5d88
03-03 14:50:10.696  1018  1217 V KeyguardServiceDelegate: **** SHOWN CALLED ****
03-03 14:50:10.697  1018  1217 D WindowManager: mKeyguardDelegate.ShowListener.onDrawn.
03-03 14:50:10.698  1018  1904 D PowerManagerService: releaseWakeLockInternal: lock=60673546 [RILJ], flags=0x0, total_time=3ms
03-03 14:50:10.698  1018  1904 D PowerManagerNotifier: onWakeLockReleased: flags=1, tag="RILJ", packageName=com.android.phone, ownerUid=1001, ownerPid=1563, workSource=null
03-03 14:50:10.698  1018  1904 D PowerManagerService: updateUserActivitySummaryLocked: mWakefulness=Awake, mUserActivitySummary=0x9, nextTimeout=4922070 (in 4074 ms)
03-03 14:50:10.698  1018  1904 D DisplayPowerController: requestPowerState: policy=BRIGHT, useProximitySensor=false, screenBrightness=230, screenAutoBrightnessAdjustment=0.0, brightnessSetByUser=true, useAutoBrightness=false, blockScreenOn=false, lowPowerMode=false, boostScreenBrightness=false, dozeScreenBrightness=-1, dozeScreenState=UNKNOWN, waitForNegativeProximity=false
03-03 14:50:10.698  1018  1904 D PowerManagerService: updateDisplayPowerStateLocked: mDisplayReady=true, policy=3, mWakefulness=1, mWakeLockSummary=0x1, mUserActivitySummary=0x9, mBootCompleted=true, mScreenBrightnessBoostInProgress=false
03-03 14:50:10.698  1018  1063 I WindowManager: Waiting for drawn Window{836f4df u0 com.example.gionee.notebook/com.example.gionee.notebook.acitivity.EditNoteActivity}: removed=false visible=true mHasSurface=true drawState=1
03-03 14:50:10.699  1018  1063 I WindowManager: Waiting for drawn Window{23a4d82 u0 StatusBar}: removed=false visible=true mHasSurface=true drawState=1
03-03 14:50:10.699   373   424 D AALService: onBacklightChanged: 0/1023 -> 830/1023(phy:3323/4095)
03-03 14:50:10.699   373   424 D AALService: onBacklightChanged: change screen state 0(Off) -> 3(On)
03-03 14:50:10.699   373   424 D AALService: Output backlight = 830/1023, CABC gain = 256
03-03 14:50:10.707  1018  1063 V WindowAnimator: Force hide KEYGUARD_NOT_SHOWN hasSurface=true policyVis=true destroying=false attHidden=false vis=0 hidden=false anim=null
03-03 14:50:10.709   359  6724 D libc-netbsd: res_queryN name = alt5-mtalk.google.com succeed
03-03 14:50:10.709   359  6724 D SocketClient: SocketClient sendData done: 222
03-03 14:50:10.709   359  6724 D SocketClient: SocketClient sendData done: 
03-03 14:50:10.709   359  6724 D SocketClient: SocketClient sendData done: 
03-03 14:50:10.709   359  6724 D SocketClient: SocketClient sendData done: 
03-03 14:50:10.709   359  6724 D SocketClient: SocketClient sendData done: 
03-03 14:50:10.709   359  6724 D SocketClient: SocketClient sendData done: 
03-03 14:50:10.709   359  6724 D SocketClient: SocketClient sendData done: 
03-03 14:50:10.709   359  6724 D SocketClient: SocketClient sendData done: 
03-03 14:50:10.709   258   258 D GraphicBuffer: free, handle(0x7f8614a180) (w:720 h:1280 s:720 f:0x1 u:0x000b00)
03-03 14:50:10.710   359  6724 D SocketClient: SocketClient sendData done: 
03-03 14:50:10.710   258   258 I [MALI][Gralloc]: [-]hnd(0x7f8614a180), client(27), share_fd(28)
03-03 14:50:10.710   359  6724 D SocketClient: SocketClient sendData done: 
03-03 14:50:10.710  1743  6723 D libc-netbsd: getaddrinfo: alt5-mtalk.google.com get result from proxy gai_error = 0
03-03 14:50:10.710   258   258 I hwcomposer: [GAME] game: 0 notify gas
03-03 14:50:10.710   258   258 I SceneKnowledgeProvider: SKP: notifyChange(0, 0, -1)
