03-03 14:50:10.710  2474  2474 D GasService: Bn: sendAppInfo(0, 0, 258)
03-03 14:50:10.710  2474  2474 I PerfService: PerfServiceNative_getPackName
03-03 14:50:10.710  1743  6723 I System.out: [socket][71] connection alt5-mtalk.google.com/173.194.210.188:5228;LocalPort=52224(20000)
03-03 14:50:10.710  1743  6723 I System.out: [CDS]connect[alt5-mtalk.google.com/173.194.210.188:5228] tm:20
03-03 14:50:10.711  1743  6723 D Posix   : [Posix_connect Debug]Process com.google.android.gms.persistent :5228 
03-03 14:50:10.711  1018  1895 I libPerfService: perfGetLastBoostPid 32397
03-03 14:50:10.711  1018  1895 D PerfServiceManager: [PerfService] getLastBoostPid 32397 
03-03 14:50:10.711  1018  1895 I libPerfService: perfGetLastBoostPid 32397
03-03 14:50:10.711   359  1009 D SocketClient: SocketClient sendData done: 
03-03 14:50:10.712  1018  1066 D DisplayPowerState: setScreenBrightness: brightness=219
03-03 14:50:10.712  1018  1066 D DisplayPowerState: Requesting new screen state: state=ON, backlight=219
03-03 14:50:10.712  1018  1066 D DisplayPowerState: Screen not ready
03-03 14:50:10.712  1018  1128 D DisplayPowerState: Updating screen state: state=ON, backlight=219, backlightChanged=true
03-03 14:50:10.713  1018  1128 D DisplayManagerService: Update global display state for DisplayDeviceInfo{"Built-in Screen": uniqueId="local:0", 720 x 1280, modeId 1, defaultModeId 1, supportedModes [{id=1, width=720, height=1280, fps=60.25}], density 320, 294.967 x 292.9 dpi, appVsyncOff -8000000, presDeadline 25597510, touch INTERNAL, rotation 0, type BUILT_IN, state ON, FLAG_DEFAULT_DISPLAY, FLAG_ROTATES_WITH_CONTENT, FLAG_SECURE, FLAG_SUPPORTS_PROTECTED_BUFFERS}
03-03 14:50:10.713  1018  1128 D LocalDisplayAdapter: setDisplayBrightness(id=0, brightness=219)
03-03 14:50:10.713  1018  1128 D lights  : write_int open fd=236
03-03 14:50:10.713  1018  1066 D DisplayPowerState: Screen ready
03-03 14:50:10.714  1018  1063 I WindowManager: Waiting for drawn Window{836f4df u0 com.example.gionee.notebook/com.example.gionee.notebook.acitivity.EditNoteActivity}: removed=false visible=true mHasSurface=true drawState=4
03-03 14:50:10.714  1018  1063 D WindowManager: Window drawn win=Window{836f4df u0 com.example.gionee.notebook/com.example.gionee.notebook.acitivity.EditNoteActivity}
03-03 14:50:10.714  1018  1063 I WindowManager: Waiting for drawn Window{23a4d82 u0 StatusBar}: removed=false visible=true mHasSurface=true drawState=1
03-03 14:50:10.715   373   424 D AALService: onBacklightChanged: 830/1023 -> 879/1023(phy:3519/4095)
03-03 14:50:10.715   373   424 D AALService: Output backlight = 879/1023, CABC gain = 256
03-03 14:50:10.715  1147  1147 D SignalClusterView: vpn: GONE
03-03 14:50:10.715  1147  1147 D SignalClusterView: ethernet: GONE
03-03 14:50:10.715  1147  1147 D SignalClusterView: wifi: VISIBLE sig=2130837822
03-03 14:50:10.716  1147  1147 D SettingsInterface:  from settings cache , name = airplane_mode_on , value = 0
03-03 14:50:10.716  1147  1147 D SignalClusterView: mIsAirplaneModeTest=false AIRPLANE_MODE_ON =0
03-03 14:50:10.716  1147  1147 D SettingsInterface:  from settings cache , name = airplane_mode_on , value = 0
03-03 14:50:10.716  1147  1147 D SignalClusterView: vpn: GONE
03-03 14:50:10.716  1147  1147 D SignalClusterView: ethernet: GONE
03-03 14:50:10.716  1147  1147 D SignalClusterView: wifi: VISIBLE sig=2130837822
03-03 14:50:10.716  1147  1147 D SettingsInterface:  from settings cache , name = airplane_mode_on , value = 0
03-03 14:50:10.716  1147  1147 D SignalClusterView: mIsAirplaneModeTest=false AIRPLANE_MODE_ON =0
03-03 14:50:10.716  1147  1147 D SettingsInterface:  from settings cache , name = airplane_mode_on , value = 0
03-03 14:50:10.719  1147  1147 D keyguard --> 1.1.0.0gd: HorizontalListView --> onLayout -> changed = false
03-03 14:50:10.719  1147  1147 D keyguard --> 1.1.0.0gd: HorizontalListView --> layoutChild -> mFirstPosition = -1
03-03 14:50:10.719  1147  1147 D keyguard --> 1.1.0.0gd: HorizontalListView --> layoutChild -> getChildCount() = 3
03-03 14:50:10.719  1147  1147 D keyguard --> 1.1.0.0gd: HorizontalListView --> layoutChild -> getScrollX() = 0
03-03 14:50:10.719  1147  1147 D keyguard --> 1.1.0.0gd: HorizontalListView --> layoutChild i:0
03-03 14:50:10.719  1563  1563 D ActivityThread: BDC-Calling finishReceiver: IIntentReceiver=8467321
03-03 14:50:10.719  1147  1147 D keyguard --> 1.1.0.0gd: HorizontalListView --> layoutChild child:com.amigo.storylocker.widget.StoryImageView{4d10cca V.E...... ......I. -720,0-0,1280}
03-03 14:50:10.719  1147  1147 D keyguard --> 1.1.0.0gd: HorizontalListView --> layoutChild childLeft:-720
03-03 14:50:10.719  1147  1147 D keyguard --> 1.1.0.0gd: HorizontalListView --> layoutChild mChildWidth:720
03-03 14:50:10.720  1147  1147 D keyguard --> 1.1.0.0gd: StoryImageView --> onLayout left:-720 top:0 right:0 bottom:1280
03-03 14:50:10.720  1147  1147 D keyguard --> 1.1.0.0gd: StoryImageView --> onLayout view:android.widget.FrameLayout{2d88ab1 G.E...... ......I. 0,0-720,1280}
03-03 14:50:10.720  1147  1147 D keyguard --> 1.1.0.0gd: StoryImageView --> onLayout view:android.widget.FrameLayout{65b2b96 G.E...... ......I. 0,0-720,1280}
03-03 14:50:10.720  1147  1147 D keyguard --> 1.1.0.0gd: HorizontalListView --> layoutChild i:1
03-03 14:50:10.720  1018  1055 V NetworkStats: setKernelCounterSet uid=10067 set=0
03-03 14:50:10.720  1147  1147 D keyguard --> 1.1.0.0gd: HorizontalListView --> layoutChild child:com.amigo.storylocker.widget.StoryImageView{d242e3b V.E...... ......I. 0,0-720,1280}
03-03 14:50:10.720  1147  1147 D keyguard --> 1.1.0.0gd: HorizontalListView --> layoutChild childLeft:0
03-03 14:50:10.720  1147  1147 D keyguard --> 1.1.0.0gd: HorizontalListView --> layoutChild mChildWidth:720
03-03 14:50:10.720  1147  1147 D keyguard --> 1.1.0.0gd: StoryImageView --> onLayout left:0 top:0 right:720 bottom:1280
03-03 14:50:10.720  1147  1147 D keyguard --> 1.1.0.0gd: StoryImageView --> onLayout view:android.widget.FrameLayout{81d7317 G.E...... ......I. 0,0-720,1280}
03-03 14:50:10.720  1147  1147 D keyguard --> 1.1.0.0gd: StoryImageView --> onLayout view:android.widget.FrameLayout{8653304 G.E...... ......I. 0,0-720,1280}
03-03 14:50:10.720  1147  1147 D keyguard --> 1.1.0.0gd: HorizontalListView --> layoutChild i:2
03-03 14:50:10.720  1147  1147 D keyguard --> 1.1.0.0gd: HorizontalListView --> layoutChild child:com.amigo.storylocker.widget.StoryImageView{b1fd958 V.E...... ......ID 720,0-1440,1280}
03-03 14:50:10.720  1147  1147 D keyguard --> 1.1.0.0gd: HorizontalListView --> layoutChild childLeft:720
03-03 14:50:10.720  1147  1147 D keyguard --> 1.1.0.0gd: HorizontalListView --> layoutChild mChildWidth:720
03-03 14:50:10.720  1147  1147 D keyguard --> 1.1.0.0gd: StoryImageView --> onLayout left:720 top:0 right:1440 bottom:1280
03-03 14:50:10.720  1147  1147 D keyguard --> 1.1.0.0gd: StoryImageView --> onLayout view:android.widget.FrameLayout{1ba20ed G.E...... ......I. 0,0-720,1280}
03-03 14:50:10.720  1147  1147 D keyguard --> 1.1.0.0gd: StoryImageView --> onLayout view:android.widget.FrameLayout{6966b22 G.E...... ......I. 0,0-720,1280}
03-03 14:50:10.721  1147  1147 D keyguard --> 1.1.0.0gd: SL_NotiView --> getLayoutHeight:530:2147483647
03-03 14:50:10.721  1147  1147 D keyguard --> 1.1.0.0gd: SL_NotiView --> setMaxLayoutHeight:530
03-03 14:50:10.721  1018  1055 W WindowManager: Setting mKeyguardDrawComplete
03-03 14:50:10.722  1147  1147 D keyguard --> 1.1.0.0gd: SL_NotiView --> updateChildren
03-03 14:50:10.722  1147  1147 D keyguard --> 1.1.0.0gd: HorizontalListView --> computeScroll getScrollX():0
03-03 14:50:10.723  1147  1147 D keyguard --> 1.1.0.0gd: KeyguardListView --> positon3: 0  isScrollNextPage: true isEndToEndPage: false
03-03 14:50:10.723  1563  1563 D ActivityThread: BDC-Calling finishReceiver: IIntentReceiver=9994346
03-03 14:50:10.724  1018  1066 D DisplayPowerState: setScreenBrightness: brightness=227
03-03 14:50:10.724  1018  1063 V WindowAnimator: Force hide KEYGUARD_NOT_SHOWN hasSurface=true policyVis=true destroying=false attHidden=false vis=0 hidden=false anim=null
03-03 14:50:10.724  1018  1066 D DisplayPowerState: Requesting new screen state: state=ON, backlight=227
03-03 14:50:10.724  1018  1066 D DisplayPowerState: Screen not ready
03-03 14:50:10.725  1018  1128 D DisplayPowerState: Updating screen state: state=ON, backlight=227, backlightChanged=true
03-03 14:50:10.725  1018  1128 D DisplayManagerService: Update global display state for DisplayDeviceInfo{"Built-in Screen": uniqueId="local:0", 720 x 1280, modeId 1, defaultModeId 1, supportedModes [{id=1, width=720, height=1280, fps=60.25}], density 320, 294.967 x 292.9 dpi, appVsyncOff -8000000, presDeadline 25597510, touch INTERNAL, rotation 0, type BUILT_IN, state ON, FLAG_DEFAULT_DISPLAY, FLAG_ROTATES_WITH_CONTENT, FLAG_SECURE, FLAG_SUPPORTS_PROTECTED_BUFFERS}
03-03 14:50:10.725  1018  1128 D LocalDisplayAdapter: setDisplayBrightness(id=0, brightness=227)
03-03 14:50:10.725  1018  1128 D lights  : write_int open fd=236
03-03 14:50:10.725  1018  1066 D DisplayPowerState: Screen ready
03-03 14:50:10.729  1563  1563 D ActivityThread: BDC-Calling finishReceiver: IIntentReceiver=6e52907
03-03 14:50:10.730  1743  1743 D ActivityThread: BDC-Calling finishReceiver: IIntentReceiver=23c1f67
03-03 14:50:10.731   373   424 D AALService: onBacklightChanged: 879/1023 -> 911/1023(phy:3647/4095)
03-03 14:50:10.732   373   424 D AALService: Output backlight = 910/1023, CABC gain = 256
03-03 14:50:10.733  1018  1217 D PowerManagerService: acquireWakeLockInternal: lock=88985018, flags=0x1, tag="Wakeful StateMachine: GeofencerStateMachine", ws=WorkSource{10012 com.google.android.gms}, uid=10012, pid=1743
03-03 14:50:10.733  1018  1217 D PowerManagerService: updateUserActivitySummaryLocked: mWakefulness=Awake, mUserActivitySummary=0x9, nextTimeout=4922070 (in 4039 ms)
03-03 14:50:10.733  1018  1217 D DisplayPowerController: requestPowerState: policy=BRIGHT, useProximitySensor=false, screenBrightness=230, screenAutoBrightnessAdjustment=0.0, brightnessSetByUser=true, useAutoBrightness=false, blockScreenOn=false, lowPowerMode=false, boostScreenBrightness=false, dozeScreenBrightness=-1, dozeScreenState=UNKNOWN, waitForNegativeProximity=false
03-03 14:50:10.733  1018  1217 D PowerManagerService: updateDisplayPowerStateLocked: mDisplayReady=true, policy=3, mWakefulness=1, mWakeLockSummary=0x1, mUserActivitySummary=0x9, mBootCompleted=true, mScreenBrightnessBoostInProgress=false
03-03 14:50:10.733  1018  1217 D PowerManagerNotifier: onWakeLockAcquired: flags=1, tag="Wakeful StateMachine: GeofencerStateMachine", packageName=com.google.android.gms, ownerUid=10012, ownerPid=1743, workSource=WorkSource{10012 com.google.android.gms}
03-03 14:50:10.734  1743  1743 D ActivityThread: BDC-Calling finishReceiver: IIntentReceiver=7e0ffb2
03-03 14:50:10.734  1018  1904 D PowerManagerService: releaseWakeLockInternal: lock=88985018 [Wakeful StateMachine: GeofencerStateMachine], flags=0x0, total_time=2ms
03-03 14:50:10.735  1018  1904 D PowerManagerNotifier: onWakeLockReleased: flags=1, tag="Wakeful StateMachine: GeofencerStateMachine", packageName=com.google.android.gms, ownerUid=10012, ownerPid=1743, workSource=WorkSource{10012 com.google.android.gms}
03-03 14:50:10.735  1018  1904 D PowerManagerService: updateUserActivitySummaryLocked: mWakefulness=Awake, mUserActivitySummary=0x9, nextTimeout=4922070 (in 4037 ms)
03-03 14:50:10.735  1018  1904 D DisplayPowerController: requestPowerState: policy=BRIGHT, useProximitySensor=false, screenBrightness=230, screenAutoBrightnessAdjustment=0.0, brightnessSetByUser=true, useAutoBrightness=false, blockScreenOn=false, lowPowerMode=false, boostScreenBrightness=false, dozeScreenBrightness=-1, dozeScreenState=UNKNOWN, waitForNegativeProximity=false
03-03 14:50:10.736  1018  1904 D PowerManagerService: updateDisplayPowerStateLocked: mDisplayReady=true, policy=3, mWakefulness=1, mWakeLockSummary=0x1, mUserActivitySummary=0x9, mBootCompleted=true, mScreenBrightnessBoostInProgress=false
03-03 14:50:10.736  1743  2107 D ActivityThread: BDC-Calling finishReceiver: IIntentReceiver=e614b03
03-03 14:50:10.737  1018  1063 I WindowManager: Waiting for drawn Window{23a4d82 u0 StatusBar}: removed=false visible=true mHasSurface=true drawState=4
03-03 14:50:10.737  1018  1063 D WindowManager: Window drawn win=Window{23a4d82 u0 StatusBar}
03-03 14:50:10.737  1018  1063 D WindowManager: All windows drawn!
03-03 14:50:10.737  1018  1063 I WindowManager: All windows ready for display!
03-03 14:50:10.737  1018  1055 W WindowManager: Setting mWindowManagerDrawComplete
03-03 14:50:10.740  1018  1894 D SettingsInterface:  from settings cache , name = location_providers_allowed , value = network,gps
03-03 14:50:10.741  1018  1066 D DisplayPowerState: setScreenBrightness: brightness=230
03-03 14:50:10.741  1018  1063 V WindowAnimator: Force hide KEYGUARD_SHOWN hasSurface=true policyVis=true destroying=false attHidden=false vis=0 hidden=false anim=null
03-03 14:50:10.741  1018  1066 D DisplayPowerState: Requesting new screen state: state=ON, backlight=230
03-03 14:50:10.741  1018  1066 D DisplayPowerState: Screen not ready
03-03 14:50:10.741  1018  1128 D DisplayPowerState: Updating screen state: state=ON, backlight=230, backlightChanged=true
03-03 14:50:10.741  1018  1128 D DisplayManagerService: Update global display state for DisplayDeviceInfo{"Built-in Screen": uniqueId="local:0", 720 x 1280, modeId 1, defaultModeId 1, supportedModes [{id=1, width=720, height=1280, fps=60.25}], density 320, 294.967 x 292.9 dpi, appVsyncOff -8000000, presDeadline 25597510, touch INTERNAL, rotation 0, type BUILT_IN, state ON, FLAG_DEFAULT_DISPLAY, FLAG_ROTATES_WITH_CONTENT, FLAG_SECURE, FLAG_SUPPORTS_PROTECTED_BUFFERS}
03-03 14:50:10.742  1018  1128 D LocalDisplayAdapter: setDisplayBrightness(id=0, brightness=230)
03-03 14:50:10.742  1018  1128 D lights  : write_int open fd=236
03-03 14:50:10.742  1018  1066 D ColorFade: dismiss
03-03 14:50:10.742  1018  1066 D DisplayPowerController: Animating brightness: target=230, rate=500
03-03 14:50:10.742  1018  1066 D SettingsInterface:  from settings cache , name = fingerprint_used_for_unlock , value = null
03-03 14:50:10.742  1018  1066 D DisplayPowerState: Screen ready
03-03 14:50:10.744  1018  1066 D ColorFade: dismiss
03-03 14:50:10.745  1018  1066 D DisplayPowerController: Animating brightness: target=230, rate=500
03-03 14:50:10.745  1018  1066 D DisplayPowerController: Finished business...
03-03 14:50:10.745  1018  1066 D SettingsInterface:  from settings cache , name = fingerprint_used_for_unlock , value = null
03-03 14:50:10.746  1018  1049 D AlarmManager: manual remove option = PendingIntent{eab746b: PendingIntentRecord{89ee665 com.google.android.gms broadcastIntent}}
03-03 14:50:10.747  1563  1625 I System  : FinalizerDaemon: finalize objects = 29
03-03 14:50:10.747  1743  2224 D ActivityThread: BDC-Calling finishReceiver: IIntentReceiver=b9a0a80
03-03 14:50:10.748   373   424 D AALService: onBacklightChanged: 911/1023 -> 923/1023(phy:3695/4095)
03-03 14:50:10.748   373   424 D AALService: Output backlight = 921/1023, CABC gain = 256
03-03 14:50:10.749  1018  1048 D AlarmManager: manual remove option = null
03-03 14:50:10.751  1018  1893 D AlarmManager: manual remove option = PendingIntent{23b5bc8: PendingIntentRecord{6811b41 com.gionee.softmanager startService}}
03-03 14:50:10.751  1018  1893 D AlarmManager: remove(operation) changed bounds; rebatching operation = PendingIntent{23b5bc8: PendingIntentRecord{6811b41 com.gionee.softmanager startService}}
03-03 14:50:10.751  1018  1893 D AlarmManager: rebatchAllAlarmsLocked begin oldBatches count = 33
03-03 14:50:10.752  1018  1711 D AlarmManager: manual remove option = PendingIntent{ded3461: PendingIntentRecord{a575e27 com.gionee.softmanager broadcastIntent}}
03-03 14:50:10.753  1018  1711 D AlarmManager: remove(operation) changed bounds; rebatching operation = PendingIntent{ded3461: PendingIntentRecord{a575e27 com.gionee.softmanager broadcastIntent}}
03-03 14:50:10.753  1018  1711 D AlarmManager: rebatchAllAlarmsLocked begin oldBatches count = 31
03-03 14:50:10.754  2740  2740 D ActivityThread: BDC-Calling finishReceiver: IIntentReceiver=626520d
03-03 14:50:10.755  2740  2740 D AmiSoftManager: [CpuRamMonitorService]:ScreenStateReceiver onReceive action:android.intent.action.SCREEN_ON
03-03 14:50:10.755  2740  2740 D AmiSoftManager: [CpuRamMonitorService]:enter startPolling now 
03-03 14:50:10.755  2740  2740 D ActivityThread: BDC-Calling finishReceiver: IIntentReceiver=e5f15c2
03-03 14:50:10.756  2740  2740 D AmiSoftManager: [ScreenOffCleanService]:ScreenStateReceiver onReceive action:android.intent.action.SCREEN_ON
03-03 14:50:10.756  2740  2740 D ActivityThread: BDC-Calling finishReceiver: IIntentReceiver=d298fd3
03-03 14:50:10.757  1029  1040 E MFI-Conn:  (     mfia_task_bootstrap,  587) mfia_task_bootstrap(): retrying to connect to mal-mfi error 13!! ====
03-03 14:50:10.744  1040  1040 W viarild : type=1400 audit(0.0:5196): avc: denied { write } for name="mal-mfi" dev="tmpfs" ino=8797 scontext=u:r:statusd:s0 tcontext=u:object_r:mal_mfi_socket:s0 tclass=sock_file permissive=0
03-03 14:50:10.758  1018  1904 D ConnectivityService: getActiveNetworkInfo networkInfo = [type: WIFI[], state: CONNECTED/CONNECTED, reason: (unspecified), extra: "dhgionee(staff)", roaming: false, failover: false, isAvailable: true]
03-03 14:50:10.758  1743  1743 D BluetoothAdapter: isEnabled
03-03 14:50:10.758  1743  1743 D ActivityThread: BDC-Calling finishReceiver: IIntentReceiver=bd42bc1
03-03 14:50:10.758  1018  1018 D PowerManagerNotifier: mWakeUpBroadcastDone - sendNextBroadcast
03-03 14:50:10.759  1018  1018 D PowerManagerNotifier: sendNextBroadcast mBroadcastedInteractiveState = 1, mPendingInteractiveState = 1, mPendingWakeUpBroadcast = false, mPendingGoToSleepBroadcast = false
03-03 14:50:10.759  1018  1018 D PowerManagerNotifier: finishPendingBroadcastLocked
03-03 14:50:10.759  1018  1018 D PowerManagerService: Releasing suspend blocker "PowerManagerService.Broadcasts".
03-03 14:50:10.765   373   424 D AALService: Output backlight = 920/1023, CABC gain = 256
03-03 14:50:10.781   373   424 D AALService: Output backlight = 919/1023, CABC gain = 256
03-03 14:50:10.787  1018  1055 D PowerManagerService: releaseWakeLockInternal: lock=253456602 [PhoneWindowManager.mPowerKeyWakeLock], flags=0x0, total_time=514ms
03-03 14:50:10.787  1018  1055 D PowerManagerNotifier: onWakeLockReleased: flags=1, tag="PhoneWindowManager.mPowerKeyWakeLock", packageName=android, ownerUid=1000, ownerPid=1018, workSource=null
03-03 14:50:10.787  1018  1055 D PowerManagerService: updateUserActivitySummaryLocked: mWakefulness=Awake, mUserActivitySummary=0x9, nextTimeout=4922070 (in 3985 ms)
03-03 14:50:10.787  1018  1055 D DisplayPowerController: requestPowerState: policy=BRIGHT, useProximitySensor=false, screenBrightness=230, screenAutoBrightnessAdjustment=0.0, brightnessSetByUser=true, useAutoBrightness=false, blockScreenOn=false, lowPowerMode=false, boostScreenBrightness=false, dozeScreenBrightness=-1, dozeScreenState=UNKNOWN, waitForNegativeProximity=false
03-03 14:50:10.787  1018  1055 D PowerManagerService: updateDisplayPowerStateLocked: mDisplayReady=true, policy=3, mWakefulness=1, mWakeLockSummary=0x1, mUserActivitySummary=0x9, mBootCompleted=true, mScreenBrightnessBoostInProgress=false
03-03 14:50:10.797  1018  1055 V NetworkStats: setKernelCounterSet uid=10067 set=1
03-03 14:50:10.798   373   424 D AALService: Output backlight = 918/1023, CABC gain = 256
03-03 14:50:10.809  6725  6725 D ActivityThread: installProvider: context.getPackageName()=com.gionee.cloud.gpe
03-03 14:50:10.814   373   424 D AALService: Output backlight = 917/1023, CABC gain = 256
03-03 14:50:10.821  6725  6725 D PUSH.C.NotifyPushProvider: Row: 2, notify_push_switch, 1, 0, 0
03-03 14:50:10.821  6725  6725 D PUSH.C.NotifyPushProvider: Row: 3, gn.com.android.update, 0, 0, 1
03-03 14:50:10.822  6725  6725 D PUSH.C.NotifyPushProvider: Row: 4, com.gionee.telepath, 0, 0, 1
03-03 14:50:10.822  6725  6725 D PUSH.C.NotifyPushProvider: Row: 5, com.gionee.gamehall, 0, 0, 1
03-03 14:50:10.822  6725  6725 D PUSH.C.NotifyPushProvider: Row: 6, com.gionee.gcare, 0, 0, 1
03-03 14:50:10.822  6725  6725 D PUSH.C.NotifyPushProvider: Row: 7, com.amigo.keyguard, 0, 0, 1
03-03 14:50:10.822  6725  6725 D PUSH.C.NotifyPushProvider: Row: 8, gn.oversea.onlinewallpaper, 0, 0, 1
03-03 14:50:10.822  6725  6725 D PUSH.C.NotifyPushProvider: removeRows: []
03-03 14:50:10.826  6725  6725 I PUSH.C.TRACE: [main(1)][SQLDatabase.updateTable]
03-03 14:50:10.828  6725  6725 D PUSH.C.SQLDatabase: Table: pushapp, Index: [pushapp_package]
03-03 14:50:10.829  6725  6725 D SQLiteDatabase: beginTransaction()
03-03 14:50:10.830  6725  6725 D PUSH.C.NotifyPushProvider: whiteList: []
03-03 14:50:10.830  6725  6725 D PUSH.C.NotifyPushProvider: insert: com.gionee.anti.stolen
03-03 14:50:10.831   373   424 D AALService: Output backlight = 916/1023, CABC gain = 256
03-03 14:50:10.848   373   424 D AALService: Output backlight = 915/1023, CABC gain = 256
03-03 14:50:10.864   373   424 D AALService: Output backlight = 914/1023, CABC gain = 256
03-03 14:50:10.881   373   424 D AALService: Output backlight = 913/1023, CABC gain = 256
03-03 14:50:10.889  6725  6725 D PUSH.C.NotifyPushProvider: installed: [gn.com.android.update, com.gionee.telepath, com.gionee.gamehall, com.gionee.gcare, com.amigo.keyguard, gn.oversea.onlinewallpaper]
03-03 14:50:10.889  6725  6725 D PUSH.C.NotifyPushProvider: database: [gn.com.android.update, com.gionee.telepath, com.gionee.anti.stolen, com.gionee.gamehall, com.gionee.gcare, com.amigo.keyguard, gn.oversea.onlinewallpaper]
03-03 14:50:10.889  6725  6725 D PUSH.C.NotifyPushProvider: delete: com.gionee.anti.stolen
03-03 14:50:10.890  6725  6725 D SQLiteDatabase: endTransaction()
03-03 14:50:10.897   373   424 D AALService: enableAALEvent: 1 -> 0
03-03 14:50:10.898  1018  1896 D ActivityManager: publishContentProviders: from caller=android.app.ApplicationThreadProxy@7fb0b86 (pid=6725)
03-03 14:50:10.899  6725  6725 V Chameleon: com.gionee.cloud.gpe:com.gionee.cloud.gpe.PushApplication Register Chameleon, restart = true
03-03 14:50:10.901  6725  6725 V Chameleon: context==null?:false
03-03 14:50:10.901  6725  6725 V SettingsInterface: invalidate [system]: current 1 != cached 0
03-03 14:50:10.902  1018  1904 D ActivityManager: getContentProviderImpl: from caller=android.app.ApplicationThreadProxy@1ec5a12 (pid=6725, userId=0) to get content provider settings cpr=ContentProviderRecord{9ff2abc u0 com.android.providers.settings/.SettingsProvider}
03-03 14:50:10.902  1018  1904 D ActivityManager: getContentProviderImpl: updateLruProcessLocked cpr.proc=ProcessRecord{5da5ec4 1018:system/1000}
03-03 14:50:10.903  6725  6725 D ActivityThread: holder:android.app.IActivityManager$ContentProviderHolder@720faef, holder.provider:android.content.ContentProviderProxy@959d9fc
03-03 14:50:10.903  6725  6725 D Chameleon: getDataFromSettings-->allDataStr == null
03-03 14:50:10.903  6725  6725 D Chameleon: init-->getDataFromSettings return false
03-03 14:50:10.904  1018  1895 D ActivityManager: getContentProviderImpl: from caller=android.app.ApplicationThreadProxy@10005e3 (pid=6725, userId=0) to get content provider com.amigo.chameleon.provider cpr=ContentProviderRecord{fbfbc72 u0 com.amigo.chameleon/.provider.ChameleonProvider}
03-03 14:50:10.904  1018  1895 D ActivityManager: getContentProviderImpl: updateLruProcessLocked cpr.proc=ProcessRecord{23a28c3 23163:com.amigo.chameleon/u0a0}
03-03 14:50:10.906  6725  6725 D ActivityThread: holder:android.app.IActivityManager$ContentProviderHolder@5016da, holder.provider:android.content.ContentProviderProxy@fac570b
03-03 14:50:10.910  6725  6725 D Chameleon: No data in the database
03-03 14:50:10.911  6725  6725 E PUSH.C.PushApplication: android.permission.READ_PHONE_STATE not requested!!!!
03-03 14:50:10.911  6725  6725 E PUSH.C.PushApplication: android.permission.WRITE_EXTERNAL_STORAGE not requested!!!!
03-03 14:50:10.912  6725  6725 E PUSH.C.PushApplication: android.permission.ACCESS_FINE_LOCATION not requested!!!!
03-03 14:50:10.912  6725  6725 E PUSH.C.PushApplication: android.permission.ACCESS_COARSE_LOCATION not requested!!!!
03-03 14:50:10.912  6725  6725 I Process : Sending signal. PID: 6725 SIG: 9
03-03 14:50:10.914   373   424 D AALService: enableAALEvent: 0 -> 1
03-03 14:50:10.914   373   424 D AALService: Output backlight = 912/1023, CABC gain = 256
03-03 14:50:10.931   373   424 D AALService: Output backlight = 911/1023, CABC gain = 256
03-03 14:50:10.947   373   424 D AALService: Output backlight = 910/1023, CABC gain = 256
03-03 14:50:10.962  1018  1896 D DisplayManagerService: Display listener for pid 6725 died.
03-03 14:50:10.962  1018  6022 I ActivityManager: Process com.gionee.cloud.gpe (pid 6725) has died
03-03 14:50:10.963  1018  6022 D ActivityManager: SVC-handleAppDiedLocked: app = ProcessRecord{9aec76e 6725:com.gionee.cloud.gpe/u0a67}, app.pid = 6725
03-03 14:50:10.963  1018  6022 D ActivityManager: cleanUpApplicationRecord -- 6725
03-03 14:50:10.963  1018  6022 D ActivityManager: removeDyingProviderLocked: cpr=ContentProviderRecord{f5fdbe0 u0 com.gionee.cloud.gpe/.provider.NotifyPushProvider} always=false inLaunching=false
03-03 14:50:10.963  1018  6022 D ActivityManager: SVC-mBroadcastQueues: com.android.server.am.BroadcastQueue@200e9c
03-03 14:50:10.963  1018  6022 D ActivityManager: SVC-mBroadcastQueues: com.android.server.am.BroadcastQueue@ac1f0a5
03-03 14:50:10.963  1018  6022 W ActivityManager: Re-adding persistent process ProcessRecord{9aec76e 6725:com.gionee.cloud.gpe/u0a67}
03-03 14:50:10.964   373   424 D AALService: Output backlight = 909/1023, CABC gain = 256
03-03 14:50:10.980   373   424 D AALService: Output backlight = 908/1023, CABC gain = 256
03-03 14:50:10.982  1018  1055 V NetworkStats: setKernelCounterSet uid=10067 set=0
03-03 14:50:10.997   373   424 D AALService: Output backlight = 907/1023, CABC gain = 256
03-03 14:50:11.013   373   424 D AALService: Output backlight = 906/1023, CABC gain = 256
03-03 14:50:11.029  1018  1088 D InputReader: AP_PROF:AppLaunch_dispatchPtr:Down:4918326, ID:0, Index:2089856960
03-03 14:50:11.029  1018  1088 I PerfService: PerfServiceNative_boostEnableAsync:3
03-03 14:50:11.029  1018  1110 I libPerfService: 3: set freq: 819000
03-03 14:50:11.029  1018  1110 I libPerfService: 3: set: 3
03-03 14:50:11.030   373   424 D AALService: Output backlight = 905/1023, CABC gain = 256
03-03 14:50:11.030  1018  1895 D PowerManagerService: userActivityNoUpdateLocked: eventTime=4918327, event=0, flags=0x0, uid=10002
03-03 14:50:11.030  1018  1895 D PowerManagerNotifier: onUserActivity: event=0, uid=10002
03-03 14:50:11.030  1018  1895 D PowerManagerService: updateUserActivitySummaryLocked: mWakefulness=Awake, mUserActivitySummary=0x9, nextTimeout=4922827 (in 4499 ms)
03-03 14:50:11.031  1018  1895 D DisplayPowerController: requestPowerState: policy=BRIGHT, useProximitySensor=false, screenBrightness=230, screenAutoBrightnessAdjustment=0.0, brightnessSetByUser=true, useAutoBrightness=false, blockScreenOn=false, lowPowerMode=false, boostScreenBrightness=false, dozeScreenBrightness=-1, dozeScreenState=UNKNOWN, waitForNegativeProximity=false
03-03 14:50:11.031  1018  1895 D PowerManagerService: updateDisplayPowerStateLocked: mDisplayReady=true, policy=3, mWakefulness=1, mWakeLockSummary=0x1, mUserActivitySummary=0x9, mBootCompleted=true, mScreenBrightnessBoostInProgress=false
03-03 14:50:11.031  1147  1147 D keyguard --> 1.1.0.0gd: JieouKeyguardViewHost --> isControllerCenterArea  displayHeight: 1280  pointerY: 1068.1655 mControlerCenterAreaHeight:6.0
03-03 14:50:11.031  1147  1147 D keyguard --> 1.1.0.0gd: JieouKeyguardViewHost --> isTouchDownAboveBottomMenu: 1068, 1196
03-03 14:50:11.031  1147  1147 D keyguard --> 1.1.0.0gd: HK_NaviKg_HostView --> touchdebug--hostview--onInterceptTouchEvent:down 1280mBouncerView.getTranslationY()=0.0
03-03 14:50:11.031  1147  1147 D keyguard --> 1.1.0.0gd: HorizontalListView --> onInterceptTouchEvent -> action = 0
03-03 14:50:11.032  1147  1147 D keyguard --> 1.1.0.0gd: HorizontalListView --> onInterceptTouchEvent -> motionX = 448
03-03 14:50:11.032  1147  1147 D keyguard --> 1.1.0.0gd: HorizontalListView --> motionDown  isFling: false scrollX: 0
03-03 14:50:11.032  1147  1147 D keyguard --> 1.1.0.0gd: AffordanceViewHelper --> mKeyguardAffordanceBackgroudView centerX-->670.0;centerY-->1321.0
03-03 14:50:11.032  1147  1147 D keyguard --> 1.1.0.0gd: HK_NaviKg_HostView --> gotoSleepIfDoubleTap QuickSleepUtil.gotoSleepIfDoubleTap isOpen: true
03-03 14:50:11.032  1147  1147 D keyguard --> 1.1.0.0gd: QuickSleepUtil --> gotoSleepIfDoubleTap  sEventCount: 1  interval: 0  preDownX: 295.58948
03-03 14:50:11.032  1147  1147 D keyguard --> 1.1.0.0gd: HK_KeyguardViewHostManager --> onTouch -> event = MotionEvent { action=ACTION_DOWN, actionButton=0, id[0]=0, x[0]=448.37726, y[0]=1068.1655, toolType[0]=TOOL_TYPE_FINGER, buttonState=0, metaState=0, flags=0x0, edgeFlags=0x0, pointerCount=1, historySize=0, eventTime=4918326, downTime=4918326, deviceId=1, source=0x1002 }
03-03 14:50:11.032  1147  1147 D keyguard --> 1.1.0.0gd: HorizontalListView --> onInterceptTouchEvent -> action = 0
03-03 14:50:11.032  1147  1147 D keyguard --> 1.1.0.0gd: HorizontalListView --> onInterceptTouchEvent -> motionX = 448
03-03 14:50:11.033  1147  1147 D keyguard --> 1.1.0.0gd: HorizontalListView --> motionDown  isFling: false scrollX: 0
03-03 14:50:11.033  1147  1147 D keyguard --> 1.1.0.0gd: StoryImageView --> dispatchTouchEvent -> ev = MotionEvent { action=ACTION_DOWN, actionButton=0, id[0]=0, x[0]=448.37726, y[0]=1068.1655, toolType[0]=TOOL_TYPE_FINGER, buttonState=0, metaState=0, flags=0x0, edgeFlags=0x0, pointerCount=1, historySize=0, eventTime=4918326, downTime=4918326, deviceId=1, source=0x1002 }
03-03 14:50:11.047   373   424 D AALService: Output backlight = 904/1023, CABC gain = 256
03-03 14:50:11.054   263   619 D MAL-Daemon:  (void* rilproxy_urc_threa,  964) URC = (+ECSQ: 17,29,1,1,1,-46,-445,7,0
03-03 14:50:11.054   263   619 D MAL-Daemon: )
03-03 14:50:11.054   263   619 W MAL-Daemon:  (    mdfx_task_send_event,  636) mdfx_task_send_event(): [ACT] should NOT enter this leagcy API!!
03-03 14:50:11.054   263   619 W MAL-Daemon:  (    mdfx_task_send_event,  636) mdfx_task_send_event(): [ACT] should NOT enter this leagcy API!!
03-03 14:50:11.054   263   614 I MAL-Daemon:  (             rds_ru_task,  463) [RDS-I][RU][rds_ru_task] RCV Event: 104 
03-03 14:50:11.054   263   614 I MAL-Daemon:  (         rds_ru_urc_hdlr, 1800) [RDS-I][RDS][rds_ru_urc_hdlr] get URC: +ECSQ: 17,29,1,1,1,-46,-445,7,0
03-03 14:50:11.054   263   614 I MAL-Daemon: 
03-03 14:50:11.054   263   614 I MAL-Daemon:  (     ru_parse_3gppsigval, 1516) [RDS-I][RDS][ru_parse_3gppsigval] 3gppsigval #args act<7>
03-03 14:50:11.054   263   614 I MAL-Daemon:  (         rds_ru_urc_hdlr, 1987) [RDS-I][RDS][RU][rds_ru_urc_hdlr] Update 3GPP STATUS rsrp<-112> rsrq<17> rscp<0> rssi<0> regstat<6> 
03-03 14:50:11.054   263   614 I MAL-Daemon:  (         rds_ru_urc_hdlr, 1989) [RDS-I][RDS][RU][rds_ru_urc_hdlr] ru_check_ctx_ptr<0xf5e34460, 0xf5e34460>
03-03 14:50:11.054   263   614 W MAL-Daemon:  (    mdfx_task_send_event,  636) mdfx_task_send_event(): [ACT] should NOT enter this leagcy API!!
03-03 14:50:11.054   263   614 I MAL-Daemon:  (    ru_send_event_entity,  369) [RDS-I][RDS][RU][ru_send_event_entity] send event 605 to 602 with ret(0)
03-03 14:50:11.054   263   614 I MAL-Daemon:  (             rds_ru_task,  463) [RDS-I][RU][rds_ru_task] RCV Event: 605 
03-03 14:50:11.054   263   614 I MAL-Daemon:  (  rds_ru_3gpp_status_ind, 1445) [RDS-I][RU][EVENT_RU_DM_3GPP_STATUS_IND] i4ltersrp:-112, i4ltersrq:17, i4utranrscp:0, i4gsmrssi:0, u43gpp_status:0x6
03-03 14:50:11.054   263   614 E MAL-Daemon:  (  rds_ru_3gpp_status_ind, 1479) [RDS-E][RU][EVENT_RU_DM_3GPP_STATUS_IND] Invalid u43gpp_status:0x6
03-03 14:50:11.054   263   614 I MAL-Daemon:  (          rds_ru_rpl_gen, 5318) [RDS-I][RU][rds_ru_rpl_gen][RDS][OP0] TYPE : <0>, UI Policy : <3>, RDS Policy : <3>
03-03 14:50:11.054   263   614 I MAL-Daemon:  (      rds_cell_only_orng, 3729) [RDS-I][RU][RDS IMS/MMS][rds_cell_only_orng] 
03-03 14:50:11.055   263   614 I MAL-Daemon:  (          rds_ru_rpl_gen, 5329) [RDS-I][RU][rds_ru_rpl_gen][RDS][OP0] TYPE : <0>, RAN1 : <254> ,RAN2 : <254>
03-03 14:50:11.055   263   614 I MAL-Daemon:  (          rds_ru_rpl_gen, 5318) [RDS-I][RU][rds_ru_rpl_gen][RDS][OP0] TYPE : <1>, UI Policy : <3>, RDS Policy : <3>
03-03 14:50:11.055   263   614 I MAL-Daemon:  (      rds_cell_only_orng, 3729) [RDS-I][RU][RDS IMS/MMS][rds_cell_only_orng] 
03-03 14:50:11.055   263   614 I MAL-Daemon:  (          rds_ru_rpl_gen, 5329) [RDS-I][RU][rds_ru_rpl_gen][RDS][OP0] TYPE : <1>, RAN1 : <254> ,RAN2 : <254>
03-03 14:50:11.055   263   614 I MAL-Daemon:  (          rds_ru_rpl_gen, 5318) [RDS-I][RU][rds_ru_rpl_gen][RDS][OP0] TYPE : <2>, UI Policy : <3>, RDS Policy : <3>
03-03 14:50:11.055   263   614 I MAL-Daemon:  (      rds_cell_only_orng, 3729) [RDS-I][RU][RDS IMS/MMS][rds_cell_only_orng] 
03-03 14:50:11.055   263   614 I MAL-Daemon:  (          rds_ru_rpl_gen, 5329) [RDS-I][RU][rds_ru_rpl_gen][RDS][OP0] TYPE : <2>, RAN1 : <254> ,RAN2 : <254>
03-03 14:50:11.055   263   614 I MAL-Daemon:  (          rds_ru_rpl_gen, 5318) [RDS-I][RU][rds_ru_rpl_gen][RDS][OP0] TYPE : <3>, UI Policy : <3>, RDS Policy : <3>
03-03 14:50:11.055   263   614 I MAL-Daemon:  (          rds_ru_rpl_gen, 5329) [RDS-I][RU][rds_ru_rpl_gen][RDS][OP0] TYPE : <3>, RAN1 : <255> ,RAN2 : <255>
03-03 14:50:11.055   263   614 I MAL-Daemon:  (          rds_ru_rpl_gen, 5318) [RDS-I][RU][rds_ru_rpl_gen][RDS][OP0] TYPE : <4>, UI Policy : <3>, RDS Policy : <3>
03-03 14:50:11.055   263   614 I MAL-Daemon:  (          rds_ru_rpl_gen, 5329) [RDS-I][RU][rds_ru_rpl_gen][RDS][OP0] TYPE : <4>, RAN1 : <255> ,RAN2 : <255>
03-03 14:50:11.055   263   614 I MAL-Daemon:  (          rds_ru_rpl_gen, 5318) [RDS-I][RU][rds_ru_rpl_gen][RDS][OP0] TYPE : <5>, UI Policy : <3>, RDS Policy : <3>
03-03 14:50:11.055   263   597 D MAL-Daemon:  (          atmngr_urc_hdl,  206) atmngr_urc_hdl(): [AT_URC] "
03-03 14:50:11.055   263   597 D MAL-Daemon: +ECSQ: 17,29,1,1,1,-46,-445,7,0
03-03 14:50:11.055   263   597 D MAL-Daemon: "!!
03-03 14:50:11.055   263   614 I MAL-Daemon:  (          rds_ru_rpl_gen, 5329) [RDS-I][RU][rds_ru_rpl_gen][RDS][OP0] TYPE : <5>, RAN1 : <255> ,RAN2 : <255>
03-03 14:50:11.055   263   614 I MAL-Daemon:  (          rds_ru_rpl_gen, 5329) [RDS-I][RU][rds_ru_rpl_gen][RDS][OP0] TYPE : <6>, RAN1 : <254> ,RAN2 : <254>
03-03 14:50:11.055   263   614 I MAL-Daemon:  (    rds_op_check_feature,  327) [RDS-I][RDS][OP][rds_op_check_feature] operator id(0) check feature<0>, curr_opmsk is <1>, sys_opmsk is <0x0001, 1>
03-03 14:50:11.055   263   614 I MAL-Daemon:  (  rds_ru_ims_vops_update, 5118) [RDS-I][RU][rds_ru_ims_vops_update][RDS IMS]Policy type: 0 IMS VOPS IE is Disabled, update IMS RPL from Ori:(254, 254) New:(254,254)
03-03 14:50:11.055   263   614 I MAL-Daemon:  (  rds_ru_ims_vops_update, 5118) [RDS-I][RU][rds_ru_ims_vops_update][RDS IMS]Policy type: 1 IMS VOPS IE is Disabled, update IMS RPL from Ori:(254, 254) New:(254,254)
03-03 14:50:11.055   263   614 I MAL-Daemon:  (  rds_ru_ims_vops_update, 5118) [RDS-I][RU][rds_ru_ims_vops_update][RDS IMS]Policy type: 2 IMS VOPS IE is Disabled, update IMS RPL from Ori:(254, 254) New:(254,254)
03-03 14:50:11.055   263   614 I MAL-Daemon:  (          rds_ru_rpl_gen, 5353) [RDS-I][RU][rds_ru_rpl_gen][RDS] Current policy: fgimsolte_en<1>, fgwfc_en<0>, erdspolicy<3>, 
03-03 14:50:11.055   263   614 I MAL-Daemon:  (          rds_ru_rpl_gen, 5356) [RDS-I][RU][rds_ru_rpl_gen][RDS] Threshold i4wifirssih<-75>, i4wifirssil<-85>, i4wifirssih_ho<-78>, i4wifirssil_ho<-88>, i4wifisnrh<10>, i4wifisnrl<6>
03-03 14:50:11.055   263   614 I MAL-Daemon:  (          rds_ru_rpl_gen, 5359) [RDS-I][RU][rds_ru_rpl_gen][RDS] Threshold i4ltersrph<-106>, i4ltersrpm<-111>, i4ltersrpl<-116>, i4ltersrqh<5>, i4ltersrqm<3>, i4ltersrql<1>
03-03 14:50:11.056   263   614 I MAL-Daemon:  (          rds_ru_rpl_gen, 5363) [RDS-I][RU][rds_ru_rpl_gen][RDS] Threshold i4utranrscph<-104>, i4utranrscpl<-110>, i4gsmrssih<-94>, i4gsmrssil<-102>
03-03 14:50:11.056   263   614 I MAL-Daemon:  (          rds_ru_rpl_gen, 5368) [RDS-I][RU][rds_ru_rpl_gen][RDS] current rds ru status: i4wifirssi<-33>, i4wifisnr<9999>, i4ltersrp<-112>, i4ltersrq<17>, i4utranrscp<-141>, i4gsmrssi<-141>, u4active_ran<1>
03-03 14:50:11.056   263   614 I MAL-Daemon:  (          rds_ru_rpl_gen, 5371) [RDS-I][RU][rds_ru_rpl_gen][RDS] current wifi backhaul : rtp_plr<0>, rtp_jitter<0>, ping_ind<0>
03-03 14:50:11.056   263   614 I MAL-Daemon:  (          rds_ru_rpl_gen, 5374) [RDS-I][RU][rds_ru_rpl_gen][RDS] Call stat : IR92<0>, IR94<0> 
03-03 14:50:11.056   263   614 I MAL-Daemon:  (          rds_ru_rpl_gen, 5380) [RDS-I][RU][RDS IMS/MMS][rds_ru_rpl_gen] Ori:(254,254)/(255,255) New:(254,254)/(255,255)
03-03 14:50:11.056   263   614 I MAL-Daemon:  (          rds_ru_rpl_gen, 5385) [RDS-I][RU][RDS IMS/MMS WIFI][rds_ru_rpl_gen] Ori:(254,254)/(255,255) New:(254,254)/(255,255)
03-03 14:50:11.056   263   614 I MAL-Daemon:  (          rds_ru_rpl_gen, 5390) [RDS-I][RU][RDS IMS/MMS CELL][rds_ru_rpl_gen] Ori:(254,254)/(255,255) New:(254,254)/(255,255)
03-03 14:50:11.056   263   614 I MAL-Daemon:  (          rds_ru_rpl_gen, 5394) [RDS-I][RU][RDS EMG][rds_ru_rpl_gen] Ori:(254,254) New:(254,254)
03-03 14:50:11.058  1563  1563 D SettingsInterface:  from settings cache , name = multi_sim_voice_call , value = null
03-03 14:50:11.060  1018  1894 V ActivityManager: Broadcast sticky: Intent { act=android.intent.action.SIG_STR flg=0x20000010 (has extras) } ordered=false userid=-1 callerApp=ProcessRecord{5da5ec4 1018:system/1000}
03-03 14:50:11.060  1147  1147 D keyguard --> 1.1.0.0gd: HK_NaviKg_HostView --> confirmScrollDirection...mScrollDirectionConfirmed=false
03-03 14:50:11.060  1147  1147 D keyguard --> 1.1.0.0gd: HK_AmigoKeyguardHostView --> isAngleConform x:-2.0914001
03-03 14:50:11.061  1147  1147 D keyguard --> 1.1.0.0gd: HK_AmigoKeyguardHostView --> isAngleConform y:-22.849976
03-03 14:50:11.061  1147  1147 D keyguard --> 1.1.0.0gd: HK_AmigoKeyguardHostView --> isAngleConform angle:84.77043360778775
03-03 14:50:11.061  1147  1147 D keyguard --> 1.1.0.0gd: HK_NaviKg_HostView --> confirmScrollDirection angleConform:true
03-03 14:50:11.061  1147  1147 D keyguard --> 1.1.0.0gd: HK_NaviKg_HostView --> confirmScrollDirection mScrollDirectionConfirmed:false
03-03 14:50:11.061  1147  1147 D keyguard --> 1.1.0.0gd: HK_NaviKg_HostView --> confirmScrollDirection,deltaY-22.849976,Direction:-1  getMoveY: 0   MIN_SCROLL_DIRECTION_CONFIRMATION_DISTANCE=24
03-03 14:50:11.061  1147  1147 D keyguard --> 1.1.0.0gd: HK_KeyguardViewHostManager --> onTouch -> event = MotionEvent { action=ACTION_MOVE, actionButton=0, id[0]=0, x[0]=446.28586, y[0]=1045.3156, toolType[0]=TOOL_TYPE_FINGER, buttonState=0, metaState=0, flags=0x0, edgeFlags=0x0, pointerCount=1, historySize=1, eventTime=4918348, downTime=4918326, deviceId=1, source=0x1002 }
03-03 14:50:11.061  1147  1147 D keyguard --> 1.1.0.0gd: HorizontalListView --> onInterceptTouchEvent -> action = 2
03-03 14:50:11.061  1147  1147 D keyguard --> 1.1.0.0gd: HorizontalListView --> onInterceptTouchEvent -> motionX = 446
03-03 14:50:11.061  1147  1147 D keyguard --> 1.1.0.0gd: StoryImageView --> dispatchTouchEvent -> ev = MotionEvent { action=ACTION_MOVE, actionButton=0, id[0]=0, x[0]=446.28586, y[0]=1045.3156, toolType[0]=TOOL_TYPE_FINGER, buttonState=0, metaState=0, flags=0x0, edgeFlags=0x0, pointerCount=1, historySize=1, eventTime=4918348, downTime=4918326, deviceId=1, source=0x1002 }
03-03 14:50:11.063   373   424 D AALService: enableAALEvent: 1 -> 0
03-03 14:50:11.063  1743  6723 I System.out: [socket][/18.8.34.133:52224] connected
03-03 14:50:11.067  1743  6723 D libc-netbsd: [getaddrinfo]: hostname=alt5-mtalk.google.com; servname=(null); netid=0; mark=0
03-03 14:50:11.067  1743  6723 D libc-netbsd: [getaddrinfo]: ai_addrlen=0; ai_canonname=(null); ai_flags=4; ai_family=0
03-03 14:50:11.067  1743  6723 I System.out: [CDS]rx timeout:60000
03-03 14:50:11.073  1147  1147 D keyguard --> 1.1.0.0gd: HK_NaviKg_HostView --> confirmScrollDirection...mScrollDirectionConfirmed=false
03-03 14:50:11.073  1147  1147 D keyguard --> 1.1.0.0gd: HK_AmigoKeyguardHostView --> isAngleConform x:-6.688385
03-03 14:50:11.073  1147  1147 D keyguard --> 1.1.0.0gd: HK_AmigoKeyguardHostView --> isAngleConform y:-66.2973
03-03 14:50:11.073  1147  1147 D keyguard --> 1.1.0.0gd: HK_AmigoKeyguardHostView --> isAngleConform angle:84.23922247181979
03-03 14:50:11.073  1147  1147 D keyguard --> 1.1.0.0gd: HK_NaviKg_HostView --> confirmScrollDirection angleConform:true
03-03 14:50:11.073  1147  1147 D keyguard --> 1.1.0.0gd: HK_NaviKg_HostView --> confirmScrollDirection mScrollDirectionConfirmed:false
03-03 14:50:11.073  1147  1147 D keyguard --> 1.1.0.0gd: HK_NaviKg_HostView --> confirmScrollDirection,deltaY-66.2973,Direction:1  getMoveY: 0   MIN_SCROLL_DIRECTION_CONFIRMATION_DISTANCE=24
03-03 14:50:11.077  1018  1055 V NetworkStats: setKernelCounterSet uid=10067 set=1
03-03 14:50:11.080   373   424 D AALService: enableAALEvent: 0 -> 1
03-03 14:50:11.080   373   424 D AALService: Output backlight = 903/1023, CABC gain = 256
03-03 14:50:11.090  1147  1147 D HK_KeyguardViewHostManager: isSecure--false
03-03 14:50:11.090  1147  1147 D keyguard --> 1.1.0.0gd: CaptionsView --> setTouchable(true)
03-03 14:50:11.091  6745  6745 D ActivityThread: installProvider: context.getPackageName()=com.gionee.cloud.gpe
03-03 14:50:11.091  1147  1147 D HK_KeyguardViewHostManager: isSecure--false
03-03 14:50:11.095  1147  1147 D KeyguardViewMediator: handleKeyguardDoneDrawing
03-03 14:50:11.096   373   424 D AALService: Output backlight = 902/1023, CABC gain = 256
03-03 14:50:11.106  6745  6745 D PUSH.C.NotifyPushProvider: Row: 2, notify_push_switch, 1, 0, 0
03-03 14:50:11.106  6745  6745 D PUSH.C.NotifyPushProvider: Row: 3, gn.com.android.update, 0, 0, 1
03-03 14:50:11.106  1147  1147 D HK_KeyguardViewHostManager: isSecure--false
03-03 14:50:11.106  6745  6745 D PUSH.C.NotifyPushProvider: Row: 4, com.gionee.telepath, 0, 0, 1
03-03 14:50:11.106  6745  6745 D PUSH.C.NotifyPushProvider: Row: 5, com.gionee.gamehall, 0, 0, 1
03-03 14:50:11.106  1147  1147 D HK_KeyguardViewHostManager: isSecure--false
03-03 14:50:11.107  6745  6745 D PUSH.C.NotifyPushProvider: Row: 6, com.gionee.gcare, 0, 0, 1
03-03 14:50:11.107  6745  6745 D PUSH.C.NotifyPushProvider: Row: 7, com.amigo.keyguard, 0, 0, 1
03-03 14:50:11.107  6745  6745 D PUSH.C.NotifyPushProvider: Row: 8, gn.oversea.onlinewallpaper, 0, 0, 1
03-03 14:50:11.107  6745  6745 D PUSH.C.NotifyPushProvider: removeRows: []
03-03 14:50:11.112  6745  6745 I PUSH.C.TRACE: [main(1)][SQLDatabase.updateTable]
03-03 14:50:11.113   373   424 D AALService: Output backlight = 901/1023, CABC gain = 256
03-03 14:50:11.114  6745  6745 D PUSH.C.SQLDatabase: Table: pushapp, Index: [pushapp_package]
03-03 14:50:11.115  6745  6745 D SQLiteDatabase: beginTransaction()
03-03 14:50:11.116  6745  6745 D PUSH.C.NotifyPushProvider: whiteList: []
03-03 14:50:11.116  6745  6745 D PUSH.C.NotifyPushProvider: insert: com.gionee.anti.stolen
03-03 14:50:11.123  1147  1147 D HK_KeyguardViewHostManager: isSecure--false
03-03 14:50:11.123  1147  1147 D HK_KeyguardViewHostManager: isSecure--false
03-03 14:50:11.130   373   424 D AALService: Output backlight = 900/1023, CABC gain = 256
03-03 14:50:11.139  1147  1147 D HK_KeyguardViewHostManager: isSecure--false
03-03 14:50:11.140  1147  1147 D HK_KeyguardViewHostManager: isSecure--false
03-03 14:50:11.146   373   424 D AALService: Output backlight = 899/1023, CABC gain = 256
03-03 14:50:11.156  1147  1147 D HK_KeyguardViewHostManager: isSecure--false
03-03 14:50:11.156  1147  1147 D HK_KeyguardViewHostManager: isSecure--false
03-03 14:50:11.163   373   424 D AALService: Output backlight = 898/1023, CABC gain = 256
03-03 14:50:11.173  1147  1147 D HK_KeyguardViewHostManager: isSecure--false
03-03 14:50:11.173  1147  1147 D HK_KeyguardViewHostManager: isSecure--false
03-03 14:50:11.179   373   424 D AALService: Output backlight = 897/1023, CABC gain = 256
03-03 14:50:11.185  1018  1088 D InputReader: AP_PROF:AppLaunch_dispatchPtr:Up:4918482, ID:0, Index:2089860352
03-03 14:50:11.185  1018  1088 I PerfService: PerfServiceNative_boostEnableTimeoutMsAsync:3, 100
03-03 14:50:11.186  1147  1147 D HK_KeyguardViewHostManager: isSecure--false
03-03 14:50:11.186  1147  1147 D HK_KeyguardViewHostManager: isSecure--false
03-03 14:50:11.186  6745  6745 D PUSH.C.NotifyPushProvider: installed: [gn.com.android.update, com.gionee.telepath, com.gionee.gamehall, com.gionee.gcare, com.amigo.keyguard, gn.oversea.onlinewallpaper]
03-03 14:50:11.186  6745  6745 D PUSH.C.NotifyPushProvider: database: [gn.com.android.update, com.gionee.telepath, com.gionee.anti.stolen, com.gionee.gamehall, com.gionee.gcare, com.amigo.keyguard, gn.oversea.onlinewallpaper]
03-03 14:50:11.187  6745  6745 D PUSH.C.NotifyPushProvider: delete: com.gionee.anti.stolen
03-03 14:50:11.187  1147  1147 D GioneeGuestModeUtil: MIN_3POINT_SHIFT_Y:128.0
03-03 14:50:11.187  1147  1147 D keyguard --> 1.1.0.0gd: HK_NaviKg_HostView --> totalY:  up 357 mMinFlingDistance: 426
03-03 14:50:11.187  1147  1147 D keyguard --> 1.1.0.0gd: HK_NaviKg_HostView --> onActionUp,totalY:357,velY:-1727.0,flingDirection:0mUnLockFlingDistance=120
03-03 14:50:11.187  1147  1147 D HK_KeyguardViewHostManager: isSecure--false
03-03 14:50:11.187  1147  1147 E keyguard --> 1.1.0.0gd: GNYouJuUtils --> onYouJuEvent..appId=SCR_UP_UNLOCK
03-03 14:50:11.187  6745  6745 D SQLiteDatabase: endTransaction()
03-03 14:50:11.187  1147  1147 D NaviKeyguard --> : GNYouJuCallback -->  --> onEvent....eventID=SCR_UP_UNLOCK
03-03 14:50:11.188  1147  1147 D keyguard --> 1.1.0.0gd: HK_NaviKg_HostView --> unlockWithVelocity, deltaY=766, scrollY=290 mMaxBoundY=1056
03-03 14:50:11.190  1018  1217 D ConnectivityService: getActiveNetworkInfo networkInfo = [type: WIFI[], state: CONNECTED/CONNECTED, reason: (unspecified), extra: "dhgionee(staff)", roaming: false, failover: false, isAvailable: true]
03-03 14:50:11.192  1018  6022 D ConnectivityService: getActiveNetworkInfo networkInfo = [type: WIFI[], state: CONNECTED/CONNECTED, reason: (unspecified), extra: "dhgionee(staff)", roaming: false, failover: false, isAvailable: true]
03-03 14:50:11.196   373   424 D AALService: Output backlight = 896/1023, CABC gain = 256
03-03 1