03-03 14:50:09.573  1018  1455 D AES     : AEEIOCTL_RT_MON_Kick IOCTL,cmd= -2147192822, lParam=300. 
03-03 14:50:09.573  1018  1455 W Watchdog: SWT Watchdog before synchronized:4916870
03-03 14:50:09.573  1018  1455 W Watchdog: SWT Watchdog after synchronized:4916870
03-03 14:50:09.573  1018  1455 W Watchdog: SWT Watchdog before wait timeout:30000
03-03 14:50:09.573  1018  1455 W Watchdog: SWT Watchdog before wait current time:4916870
03-03 14:50:09.573  1018  1455 W Watchdog: SWT Watchdog before wait start:4916870
03-03 14:50:09.573  1018  1455 W Watchdog: SWT Watchdog before wait CHECK_INTERVAL:30000
03-03 14:50:09.573  1018  1057 D InputReader: InputReader::monitor: lock
03-03 14:50:09.573  1018  1057 D InputReader: InputReader::monitor: wait 
03-03 14:50:09.574  1018  1057 D InputReader: InputReader::monitor: unlock
03-03 14:50:09.574  1018  1057 D InputReader: InputReader::monitor: done
03-03 14:50:09.581  1018  1895 D ActivityManager: publishContentProviders: from caller=android.app.ApplicationThreadProxy@88fed02 (pid=6652)
03-03 14:50:09.583  6652  6652 V Chameleon: com.gionee.cloud.gpe:com.gionee.cloud.gpe.PushApplication Register Chameleon, restart = true
03-03 14:50:09.584  2474  2479 I PerfService: PerfServiceNative_getPackName
03-03 14:50:09.585  1018  1049 I libPerfService: perfGetLastBoostPid 32397
03-03 14:50:09.585  1018  1049 D PerfServiceManager: [PerfService] getLastBoostPid 32397 
03-03 14:50:09.585  1018  1049 I libPerfService: perfGetLastBoostPid 32397
03-03 14:50:09.586  6652  6652 V Chameleon: context==null?:false
03-03 14:50:09.586  6652  6652 V SettingsInterface: invalidate [system]: current 1 != cached 0
03-03 14:50:09.587  1018  1048 D ActivityManager: getContentProviderImpl: from caller=android.app.ApplicationThreadProxy@893d74e (pid=6652, userId=0) to get content provider settings cpr=ContentProviderRecord{9ff2abc u0 com.android.providers.settings/.SettingsProvider}
03-03 14:50:09.587  1018  1048 D ActivityManager: getContentProviderImpl: updateLruProcessLocked cpr.proc=ProcessRecord{5da5ec4 1018:system/1000}
03-03 14:50:09.589  6652  6652 D ActivityThread: holder:android.app.IActivityManager$ContentProviderHolder@720faef, holder.provider:android.content.ContentProviderProxy@959d9fc
03-03 14:50:09.590  6652  6652 D Chameleon: getDataFromSettings-->allDataStr == null
03-03 14:50:09.590  6652  6652 D Chameleon: init-->getDataFromSettings return false
03-03 14:50:09.591  1018  1894 D ActivityManager: getContentProviderImpl: from caller=android.app.ApplicationThreadProxy@6e0a06f (pid=6652, userId=0) to get content provider com.amigo.chameleon.provider cpr=ContentProviderRecord{fbfbc72 u0 com.amigo.chameleon/.provider.ChameleonProvider}
03-03 14:50:09.591  1018  1894 D ActivityManager: getContentProviderImpl: updateLruProcessLocked cpr.proc=ProcessRecord{23a28c3 23163:com.amigo.chameleon/u0a0}
03-03 14:50:09.594  6652  6652 D ActivityThread: holder:android.app.IActivityManager$ContentProviderHolder@5016da, holder.provider:android.content.ContentProviderProxy@fac570b
03-03 14:50:09.598  6652  6652 D Chameleon: No data in the database
03-03 14:50:09.599  6652  6652 E PUSH.C.PushApplication: android.permission.READ_PHONE_STATE not requested!!!!
03-03 14:50:09.600  6652  6652 E PUSH.C.PushApplication: android.permission.WRITE_EXTERNAL_STORAGE not requested!!!!
03-03 14:50:09.601  6652  6652 E PUSH.C.PushApplication: android.permission.ACCESS_FINE_LOCATION not requested!!!!
03-03 14:50:09.602  6652  6652 E PUSH.C.PushApplication: android.permission.ACCESS_COARSE_LOCATION not requested!!!!
03-03 14:50:09.602  6652  6652 I Process : Sending signal. PID: 6652 SIG: 9
03-03 14:50:09.643  1018  1904 I ActivityManager: Process com.gionee.cloud.gpe (pid 6652) has died
03-03 14:50:09.643  1018  1904 D ActivityManager: SVC-handleAppDiedLocked: app = ProcessRecord{9aec76e 6652:com.gionee.cloud.gpe/u0a67}, app.pid = 6652
03-03 14:50:09.643  1018  1904 D ActivityManager: cleanUpApplicationRecord -- 6652
03-03 14:50:09.643  1018  1904 D ActivityManager: removeDyingProviderLocked: cpr=ContentProviderRecord{360517c u0 com.gionee.cloud.gpe/.provider.NotifyPushProvider} always=false inLaunching=false
03-03 14:50:09.643  1018  1904 D ActivityManager: SVC-mBroadcastQueues: com.android.server.am.BroadcastQueue@200e9c
03-03 14:50:09.643  1018  1904 D ActivityManager: SVC-mBroadcastQueues: com.android.server.am.BroadcastQueue@ac1f0a5
03-03 14:50:09.643  1018  1711 D DisplayManagerService: Display listener for pid 6652 died.
03-03 14:50:09.645  1018  1904 W ActivityManager: Re-adding persistent process ProcessRecord{9aec76e 6652:com.gionee.cloud.gpe/u0a67}
03-03 14:50:09.737  6664  6664 D ActivityThread: installProvider: context.getPackageName()=com.gionee.cloud.gpe
03-03 14:50:09.757  1029  1040 E MFI-Conn:  (     mfia_task_bootstrap,  587) mfia_task_bootstrap(): retrying to connect to mal-mfi error 13!! ====
03-03 14:50:09.744  1040  1040 W viarild : type=1400 audit(0.0:5195): avc: denied { write } for name="mal-mfi" dev="tmpfs" ino=8797 scontext=u:r:statusd:s0 tcontext=u:object_r:mal_mfi_socket:s0 tclass=sock_file permissive=0
03-03 14:50:09.763  6664  6664 D PUSH.C.NotifyPushProvider: Row: 2, notify_push_switch, 1, 0, 0
03-03 14:50:09.763  6664  6664 D PUSH.C.NotifyPushProvider: Row: 3, gn.com.android.update, 0, 0, 1
03-03 14:50:09.763  6664  6664 D PUSH.C.NotifyPushProvider: Row: 4, com.gionee.telepath, 0, 0, 1
03-03 14:50:09.763  6664  6664 D PUSH.C.NotifyPushProvider: Row: 5, com.gionee.gamehall, 0, 0, 1
03-03 14:50:09.763  6664  6664 D PUSH.C.NotifyPushProvider: Row: 6, com.gionee.gcare, 0, 0, 1
03-03 14:50:09.763  6664  6664 D PUSH.C.NotifyPushProvider: Row: 7, com.amigo.keyguard, 0, 0, 1
03-03 14:50:09.763  6664  6664 D PUSH.C.NotifyPushProvider: Row: 8, gn.oversea.onlinewallpaper, 0, 0, 1
03-03 14:50:09.763  6664  6664 D PUSH.C.NotifyPushProvider: removeRows: []
03-03 14:50:09.766  6664  6664 I PUSH.C.TRACE: [main(1)][SQLDatabase.updateTable]
03-03 14:50:09.768  6664  6664 D PUSH.C.SQLDatabase: Table: pushapp, Index: [pushapp_package]
03-03 14:50:09.768  6664  6664 D SQLiteDatabase: beginTransaction()
03-03 14:50:09.769  6664  6664 D PUSH.C.NotifyPushProvider: whiteList: []
03-03 14:50:09.769  6664  6664 D PUSH.C.NotifyPushProvider: insert: com.gionee.anti.stolen
03-03 14:50:09.846  6664  6664 D PUSH.C.NotifyPushProvider: installed: [gn.com.android.update, com.gionee.telepath, com.gionee.gamehall, com.gionee.gcare, com.amigo.keyguard, gn.oversea.onlinewallpaper]
03-03 14:50:09.846  6664  6664 D PUSH.C.NotifyPushProvider: database: [gn.com.android.update, com.gionee.telepath, com.gionee.anti.stolen, com.gionee.gamehall, com.gionee.gcare, com.amigo.keyguard, gn.oversea.onlinewallpaper]
03-03 14:50:09.846  6664  6664 D PUSH.C.NotifyPushProvider: delete: com.gionee.anti.stolen
03-03 14:50:09.847  6664  6664 D SQLiteDatabase: endTransaction()
03-03 14:50:09.853  1018  1049 D ActivityManager: publishContentProviders: from caller=android.app.ApplicationThreadProxy@abeaa05 (pid=6664)
03-03 14:50:09.854  6664  6664 V Chameleon: com.gionee.cloud.gpe:com.gionee.cloud.gpe.PushApplication Register Chameleon, restart = true
03-03 14:50:09.856  6664  6664 V Chameleon: context==null?:false
03-03 14:50:09.856  6664  6664 V SettingsInterface: invalidate [system]: current 1 != cached 0
03-03 14:50:09.857  1018  1718 D ActivityManager: getContentProviderImpl: from caller=android.app.ApplicationThreadProxy@584e181 (pid=6664, userId=0) to get content provider settings cpr=ContentProviderRecord{9ff2abc u0 com.android.providers.settings/.SettingsProvider}
03-03 14:50:09.857  1018  1718 D ActivityManager: getContentProviderImpl: updateLruProcessLocked cpr.proc=ProcessRecord{5da5ec4 1018:system/1000}
03-03 14:50:09.857  6664  6664 D ActivityThread: holder:android.app.IActivityManager$ContentProviderHolder@720faef, holder.provider:android.content.ContentProviderProxy@959d9fc
03-03 14:50:09.858  6664  6664 D Chameleon: getDataFromSettings-->allDataStr == null
03-03 14:50:09.858  6664  6664 D Chameleon: init-->getDataFromSettings return false
03-03 14:50:09.859  1018  1904 D ActivityManager: getContentProviderImpl: from caller=android.app.ApplicationThreadProxy@10f8226 (pid=6664, userId=0) to get content provider com.amigo.chameleon.provider cpr=ContentProviderRecord{fbfbc72 u0 com.amigo.chameleon/.provider.ChameleonProvider}
03-03 14:50:09.859  1018  1904 D ActivityManager: getContentProviderImpl: updateLruProcessLocked cpr.proc=ProcessRecord{23a28c3 23163:com.amigo.chameleon/u0a0}
03-03 14:50:09.860  6664  6664 D ActivityThread: holder:android.app.IActivityManager$ContentProviderHolder@5016da, holder.provider:android.content.ContentProviderProxy@fac570b
03-03 14:50:09.864  6664  6664 D Chameleon: No data in the database
03-03 14:50:09.864  6664  6664 E PUSH.C.PushApplication: android.permission.READ_PHONE_STATE not requested!!!!
03-03 14:50:09.865  6664  6664 E PUSH.C.PushApplication: android.permission.WRITE_EXTERNAL_STORAGE not requested!!!!
03-03 14:50:09.865  6664  6664 E PUSH.C.PushApplication: android.permission.ACCESS_FINE_LOCATION not requested!!!!
03-03 14:50:09.865  6664  6664 E PUSH.C.PushApplication: android.permission.ACCESS_COARSE_LOCATION not requested!!!!
03-03 14:50:09.866  6664  6664 I Process : Sending signal. PID: 6664 SIG: 9
03-03 14:50:09.922  1018  4311 D DisplayManagerService: Display listener for pid 6664 died.
03-03 14:50:09.922  1018  1711 I ActivityManager: Process com.gionee.cloud.gpe (pid 6664) has died
03-03 14:50:09.923  1018  1711 D ActivityManager: SVC-handleAppDiedLocked: app = ProcessRecord{9aec76e 6664:com.gionee.cloud.gpe/u0a67}, app.pid = 6664
03-03 14:50:09.923  1018  1711 D ActivityManager: cleanUpApplicationRecord -- 6664
03-03 14:50:09.923  1018  1711 D ActivityManager: removeDyingProviderLocked: cpr=ContentProviderRecord{ca62e67 u0 com.gionee.cloud.gpe/.provider.NotifyPushProvider} always=false inLaunching=false
03-03 14:50:09.923  1018  1711 D ActivityManager: SVC-mBroadcastQueues: com.android.server.am.BroadcastQueue@200e9c
03-03 14:50:09.923  1018  1711 D ActivityManager: SVC-mBroadcastQueues: com.android.server.am.BroadcastQueue@ac1f0a5
03-03 14:50:09.923  1018  1711 W ActivityManager: Re-adding persistent process ProcessRecord{9aec76e 6664:com.gionee.cloud.gpe/u0a67}
03-03 14:50:10.039  6684  6684 D ActivityThread: installProvider: context.getPackageName()=com.gionee.cloud.gpe
03-03 14:50:10.050  6684  6684 D PUSH.C.NotifyPushProvider: Row: 2, notify_push_switch, 1, 0, 0
03-03 14:50:10.050  6684  6684 D PUSH.C.NotifyPushProvider: Row: 3, gn.com.android.update, 0, 0, 1
03-03 14:50:10.050  6684  6684 D PUSH.C.NotifyPushProvider: Row: 4, com.gionee.telepath, 0, 0, 1
03-03 14:50:10.051  6684  6684 D PUSH.C.NotifyPushProvider: Row: 5, com.gionee.gamehall, 0, 0, 1
03-03 14:50:10.051  6684  6684 D PUSH.C.NotifyPushProvider: Row: 6, com.gionee.gcare, 0, 0, 1
03-03 14:50:10.051  6684  6684 D PUSH.C.NotifyPushProvider: Row: 7, com.amigo.keyguard, 0, 0, 1
03-03 14:50:10.051  6684  6684 D PUSH.C.NotifyPushProvider: Row: 8, gn.oversea.onlinewallpaper, 0, 0, 1
03-03 14:50:10.051  6684  6684 D PUSH.C.NotifyPushProvider: removeRows: []
03-03 14:50:10.055  6684  6684 I PUSH.C.TRACE: [main(1)][SQLDatabase.updateTable]
03-03 14:50:10.056  6684  6684 D PUSH.C.SQLDatabase: Table: pushapp, Index: [pushapp_package]
03-03 14:50:10.057  6684  6684 D SQLiteDatabase: beginTransaction()
03-03 14:50:10.058  6684  6684 D PUSH.C.NotifyPushProvider: whiteList: []
03-03 14:50:10.058  6684  6684 D PUSH.C.NotifyPushProvider: insert: com.gionee.anti.stolen
03-03 14:50:10.066  1018  1085 V AlarmManager: Checking for alarms... rtc=1488532810066, elapsed=4917364
03-03 14:50:10.066  1018  1085 D AlarmManager: set alarm to RTC 4917796
03-03 14:50:10.066  1018  1085 V AlarmManager: openLteGateSuccess = false
03-03 14:50:10.066  1018  1085 V AlarmManager: socktUnblockingTimeElapsed(ms): 90897 < mMinimumPeriod_BlockSocket: 300000
03-03 14:50:10.066  1018  1085 V AlarmManager: sending alarm Alarm{f8f5414 type 2 when 4917364 com.google.android.gms}
03-03 14:50:10.066  1018  1085 D AlarmManager: wakeup alarm = Alarm{f8f5414 type 2 when 4917364 com.google.android.gms}; package = com.google.android.gmsneedGrouping = false
03-03 14:50:10.067  1018  1085 V ActivityManager: Broadcast: Intent { act=com.google.android.intent.action.GCM_RECONNECT flg=0x114 (has extras) } ordered=true userid=0 callerApp=null
03-03 14:50:10.067  1018  1085 V AmigoAlarmAlign: been wakeup, alignCheck type=2 count=1 when=4917364 pkg=com.google.android.gms
03-03 14:50:10.068  1018  1085 D SettingsInterface:  from settings cache , name = ALIGN_com.google.android.gms , value = 1
03-03 14:50:10.068  1018  1085 V AmigoAlarmAlign: not exec alignCheck as the alignTag is:1
03-03 14:50:10.068  1018  1085 V AlarmManager: sending alarm Alarm{f8f5414 type 2 when 4917364 com.google.android.gms} success
03-03 14:50:10.068  1018  1085 D PowerManagerService: acquireWakeLockInternal: lock=190844298, flags=0x1, tag="*alarm*", ws=WorkSource{10012}, uid=1000, pid=1018
03-03 14:50:10.068  1018  1085 D PowerManagerService: updateUserActivitySummaryLocked: mWakefulness=Asleep, mUserActivitySummary=0x0, nextTimeout=0 (4917366 ms ago)
03-03 14:50:10.068  1018  1085 D DisplayPowerController: requestPowerState: policy=OFF, useProximitySensor=false, screenBrightness=230, screenAutoBrightnessAdjustment=0.0, brightnessSetByUser=true, useAutoBrightness=false, blockScreenOn=false, lowPowerMode=false, boostScreenBrightness=false, dozeScreenBrightness=-1, dozeScreenState=UNKNOWN, waitForNegativeProximity=false
03-03 14:50:10.068  1018  1085 D PowerManagerService: updateDisplayPowerStateLocked: mDisplayReady=true, policy=0, mWakefulness=0, mWakeLockSummary=0x1, mUserActivitySummary=0x0, mBootCompleted=true, mScreenBrightnessBoostInProgress=false
03-03 14:50:10.069  1018  1085 D PowerManagerService: Acquiring suspend blocker "PowerManagerService.WakeLocks".
03-03 14:50:10.069  1018  1085 D PowerManagerNotifier: onWakeLockAcquired: flags=1, tag="*alarm*", packageName=android, ownerUid=1000, ownerPid=1018, workSource=WorkSource{10012}
03-03 14:50:10.069  1018  4311 D PowerManagerService: acquireWakeLockInternal: lock=119346365, flags=0x1, tag="GCM_CONN_ALARM", ws=WorkSource{10012 com.google.android.gms}, uid=10012, pid=1743
03-03 14:50:10.069  1018  4311 D PowerManagerService: updateUserActivitySummaryLocked: mWakefulness=Asleep, mUserActivitySummary=0x0, nextTimeout=0 (4917367 ms ago)
03-03 14:50:10.070  1018  4311 D DisplayPowerController: requestPowerState: policy=OFF, useProximitySensor=false, screenBrightness=230, screenAutoBrightnessAdjustment=0.0, brightnessSetByUser=true, useAutoBrightness=false, blockScreenOn=false, lowPowerMode=false, boostScreenBrightness=false, dozeScreenBrightness=-1, dozeScreenState=UNKNOWN, waitForNegativeProximity=false
03-03 14:50:10.070  1018  4311 D PowerManagerService: updateDisplayPowerStateLocked: mDisplayReady=true, policy=0, mWakefulness=0, mWakeLockSummary=0x1, mUserActivitySummary=0x0, mBootCompleted=true, mScreenBrightnessBoostInProgress=false
03-03 14:50:10.070  1018  4311 D PowerManagerNotifier: onWakeLockAcquired: flags=1, tag="GCM_CONN_ALARM", packageName=com.google.android.gms, ownerUid=10012, ownerPid=1743, workSource=WorkSource{10012 com.google.android.gms}
03-03 14:50:10.070  1018  1054 V ActivityManager: Broadcast: Intent { act=android.os.action.POWER_SAVE_TEMP_WHITELIST_CHANGED flg=0x40000010 } ordered=false userid=0 callerApp=ProcessRecord{5da5ec4 1018:system/1000}
03-03 14:50:10.070  1018  1054 D NetworkManagement: oldRule = 0, newRule=0 for uid=10012
03-03 14:50:10.070  1018  1894 D ConnectivityService: getActiveNetworkInfo networkInfo = [type: WIFI[], state: CONNECTED/CONNECTED, reason: (unspecified), extra: "dhgionee(staff)", roaming: false, failover: false, isAvailable: true]
03-03 14:50:10.070  1018  1054 D NetworkManagement: !!!!! Skipping change
03-03 14:50:10.071  1743  1743 D ActivityThread: BDC-Calling finishReceiver: IIntentReceiver=19f224f
03-03 14:50:10.071  1018  1018 D AlarmManager: onSendFinished begin
03-03 14:50:10.072  1018  1018 D PowerManagerService: releaseWakeLockInternal: lock=190844298 [*alarm*], flags=0x0, total_time=3ms
03-03 14:50:10.072  1018  1018 D PowerManagerNotifier: onWakeLockReleased: flags=1, tag="*alarm*", packageName=android, ownerUid=1000, ownerPid=1018, workSource=WorkSource{10012}
03-03 14:50:10.072  1018  1018 D PowerManagerService: updateUserActivitySummaryLocked: mWakefulness=Asleep, mUserActivitySummary=0x0, nextTimeout=0 (4917369 ms ago)
03-03 14:50:10.072  1018  1018 D DisplayPowerController: requestPowerState: policy=OFF, useProximitySensor=false, screenBrightness=230, screenAutoBrightnessAdjustment=0.0, brightnessSetByUser=true, useAutoBrightness=false, blockScreenOn=false, lowPowerMode=false, boostScreenBrightness=false, dozeScreenBrightness=-1, dozeScreenState=UNKNOWN, waitForNegativeProximity=false
03-03 14:50:10.072  1018  1018 D PowerManagerService: updateDisplayPowerStateLocked: mDisplayReady=true, policy=0, mWakefulness=0, mWakeLockSummary=0x1, mUserActivitySummary=0x0, mBootCompleted=true, mScreenBrightnessBoostInProgress=false
03-03 14:50:10.073  1743  6696 I System.out: [CDS]rx timeout:20000
03-03 14:50:10.073  1743  6696 I System.out: [CDS][DNS] getAllByNameImpl netId = 0
03-03 14:50:10.073  1743  6696 D libc-netbsd: [getaddrinfo]: hostname=mtalk.google.com; servname=(null); netid=0; mark=0
03-03 14:50:10.073  1743  6696 D libc-netbsd: [getaddrinfo]: ai_addrlen=0; ai_canonname=(null); ai_flags=4; ai_family=0
03-03 14:50:10.073  1743  6696 D libc-netbsd: [getaddrinfo]: hostname=mtalk.google.com; servname=(null); netid=0; mark=0
03-03 14:50:10.073  1743  6696 D libc-netbsd: [getaddrinfo]: ai_addrlen=0; ai_canonname=(null); ai_flags=1024; ai_family=0
03-03 14:50:10.074   359  1006 D FrameworkListener: dispatchCommand data = (getaddrinfo mtalk.google.com ^ 1024 0 1 0 0)
03-03 14:50:10.074   359  6697 D libc-netbsd: [getaddrinfo]: hostname=mtalk.google.com; servname=(null); netid=1000; mark=1000
03-03 14:50:10.074   359  6697 D libc-netbsd: [getaddrinfo]: ai_addrlen=0; ai_canonname=(null); ai_flags=1024; ai_family=0
03-03 14:50:10.075   359  6697 D libc-netbsd: getaddrinfo: mtalk.google.com get result from proxy gai_error = 11
03-03 14:50:10.075   359  6697 D libc-netbsd: default dns: query_ipv6=0, query_ipv4=1
03-03 14:50:10.075   359  6697 D libc-netbsd: res_queryN name = mtalk.google.com, class = 1, type = 1
03-03 14:50:10.075   359  6697 D libc-netbsd: netid=1000, dns0:19.9.0.126
03-03 14:50:10.075   359  6697 D libc-netbsd: netid=1000, dns1:8.8.8.8
03-03 14:50:10.079  1018  1216 D BatteryService: mBatteryVoltage=4330, batteryLevel=50
03-03 14:50:10.080  1018  1018 V ActivityManager: Broadcast sticky: Intent { act=android.intent.action.BATTERY_CHANGED flg=0x60000010 (has extras) } ordered=false userid=-1 callerApp=null
03-03 14:50:10.082  1018  1066 D PowerManagerService: updateIsPoweredLocked: wasPowered=true, mIsPowered=true, oldPlugType=2, mPlugType=2, mBatteryLevel=100
03-03 14:50:10.082  1018  1018 D WifiService: onReceive, action:android.intent.action.BATTERY_CHANGED
03-03 14:50:10.082  1018  1098 D WifiController: DeviceActiveState{ when=0 what=155652 arg1=2 target=com.android.internal.util.StateMachine$SmHandler }
03-03 14:50:10.082  1018  1098 D WifiController: StaEnabledState{ when=-1ms what=155652 arg1=2 target=com.android.internal.util.StateMachine$SmHandler }
03-03 14:50:10.082  1018  1098 D WifiController: DefaultState{ when=-1ms what=155652 arg1=2 target=com.android.internal.util.StateMachine$SmHandler }
03-03 14:50:10.082  1018  1098 D WifiController: battery changed pluggedType: 2
03-03 14:50:10.082  1018  1098 D WifiController: wifiSleepPolicy:2
03-03 14:50:10.082  1018  1098 D WifiController: wifiSleepPolicy:2
03-03 14:50:10.082  1147  1147 D KeyguardUpdateMonitor: received broadcast android.intent.action.BATTERY_CHANGED
03-03 14:50:10.083  1147  1147 D BatteryController: onReceive ACTION_BATTERY_CHANGED, mLevel is 100, mPluggedIn is true, status is 5
03-03 14:50:10.084  1147  1147 V resetAmigoFont: Field = private boolean android.graphics.Paint.mIsAmigoFontbefore Accessible? false
03-03 14:50:10.084  1147  1147 V resetAmigoFont: Field = private boolean android.graphics.Paint.mIsAmigoFontafter Accessible? true
03-03 14:50:10.084  1147  1147 D KeyguardUpdateMonitor: handleBatteryUpdate
03-03 14:50:10.085  1018  1712 D AmigoServerManagerService: getNodeState NodeType23
03-03 14:50:10.085  1147  1147 D NaviKeyguard --> : AmigoKeyguardUtils -->  --> chargerVoltage: 4626
03-03 14:50:10.085  1147  1147 D crtestSSS: ->handleBatteryUpdate, getChargerVoltage: 4626
03-03 14:50:10.085  1018  6022 D AmigoServerManagerService: getNodeState NodeType23
03-03 14:50:10.086  1147  1147 D NaviKeyguard --> : AmigoKeyguardUtils -->  --> chargerVoltage: 4626
03-03 14:50:10.086  1147  1147 D crtestSSS: ->handleBatteryUpdate, isFastCharger: false
03-03 14:50:10.086  1018  1895 D AmigoServerManagerService: getNodeState NodeType23
03-03 14:50:10.086  1147  1147 D NaviKeyguard --> : AmigoKeyguardUtils -->  --> chargerVoltage: 4626
03-03 14:50:10.086  1147  1147 D KeyguardUpdateMonitor: handleBatteryUpdate batteryUpdateInterestingfalse
03-03 14:50:10.112   359  6697 D libc-netbsd: res_queryN name = mtalk.google.com succeed
03-03 14:50:10.113   359  6697 D SocketClient: SocketClient sendData done: 222
03-03 14:50:10.113   359  6697 D SocketClient: SocketClient sendData done: 
03-03 14:50:10.113   359  6697 D SocketClient: SocketClient sendData done: 
03-03 14:50:10.113   359  6697 D SocketClient: SocketClient sendData done: 
03-03 14:50:10.113   359  6697 D SocketClient: SocketClient sendData done: 
03-03 14:50:10.113   359  6697 D SocketClient: SocketClient sendData done: 
03-03 14:50:10.113   359  6697 D SocketClient: SocketClient sendData done: 
03-03 14:50:10.113   359  6697 D SocketClient: SocketClient sendData done: 
03-03 14:50:10.113   359  6697 D SocketClient: SocketClient sendData done: 
03-03 14:50:10.113   359  6697 D SocketClient: SocketClient sendData done: 
03-03 14:50:10.113  1743  6696 D libc-netbsd: getaddrinfo: mtalk.google.com get result from proxy gai_error = 0
03-03 14:50:10.114  1743  6696 I System.out: [socket][70] connection mtalk.google.com/64.233.188.188:5228;LocalPort=56571(20000)
03-03 14:50:10.114  1743  6696 I System.out: [CDS]connect[mtalk.google.com/64.233.188.188:5228] tm:20
03-03 14:50:10.114  1743  6696 D Posix   : [Posix_connect Debug]Process com.google.android.gms.persistent :5228 
03-03 14:50:10.114   359  1009 D SocketClient: SocketClient sendData done: 
03-03 14:50:10.125  6684  6684 D PUSH.C.NotifyPushProvider: installed: [gn.com.android.update, com.gionee.telepath, com.gionee.gamehall, com.gionee.gcare, com.amigo.keyguard, gn.oversea.onlinewallpaper]
03-03 14:50:10.125  6684  6684 D PUSH.C.NotifyPushProvider: database: [gn.com.android.update, com.gionee.telepath, com.gionee.anti.stolen, com.gionee.gamehall, com.gionee.gcare, com.amigo.keyguard, gn.oversea.onlinewallpaper]
03-03 14:50:10.125  6684  6684 D PUSH.C.NotifyPushProvider: delete: com.gionee.anti.stolen
03-03 14:50:10.126  6684  6684 D SQLiteDatabase: endTransaction()
03-03 14:50:10.132  1018  1904 D ActivityManager: publishContentProviders: from caller=android.app.ApplicationThreadProxy@ae19ab2 (pid=6684)
03-03 14:50:10.133  6684  6684 V Chameleon: com.gionee.cloud.gpe:com.gionee.cloud.gpe.PushApplication Register Chameleon, restart = true
03-03 14:50:10.134  6684  6684 V Chameleon: context==null?:false
03-03 14:50:10.134  6684  6684 V SettingsInterface: invalidate [system]: current 1 != cached 0
03-03 14:50:10.135  1018  1049 D ActivityManager: getContentProviderImpl: from caller=android.app.ApplicationThreadProxy@74aaffe (pid=6684, userId=0) to get content provider settings cpr=ContentProviderRecord{9ff2abc u0 com.android.providers.settings/.SettingsProvider}
03-03 14:50:10.135  1018  1049 D ActivityManager: getContentProviderImpl: updateLruProcessLocked cpr.proc=ProcessRecord{5da5ec4 1018:system/1000}
03-03 14:50:10.136  6684  6684 D ActivityThread: holder:android.app.IActivityManager$ContentProviderHolder@720faef, holder.provider:android.content.ContentProviderProxy@959d9fc
03-03 14:50:10.136  6684  6684 D Chameleon: getDataFromSettings-->allDataStr == null
03-03 14:50:10.136  6684  6684 D Chameleon: init-->getDataFromSettings return false
03-03 14:50:10.137  1018  1894 D ActivityManager: getContentProviderImpl: from caller=android.app.ApplicationThreadProxy@8e0835f (pid=6684, userId=0) to get content provider com.amigo.chameleon.provider cpr=ContentProviderRecord{fbfbc72 u0 com.amigo.chameleon/.provider.ChameleonProvider}
03-03 14:50:10.137  1018  1894 D ActivityManager: getContentProviderImpl: updateLruProcessLocked cpr.proc=ProcessRecord{23a28c3 23163:com.amigo.chameleon/u0a0}
03-03 14:50:10.138  6684  6684 D ActivityThread: holder:android.app.IActivityManager$ContentProviderHolder@5016da, holder.provider:android.content.ContentProviderProxy@fac570b
03-03 14:50:10.142  6684  6684 D Chameleon: No data in the database
03-03 14:50:10.142  6684  6684 E PUSH.C.PushApplication: android.permission.READ_PHONE_STATE not requested!!!!
03-03 14:50:10.143  6684  6684 E PUSH.C.PushApplication: android.permission.WRITE_EXTERNAL_STORAGE not requested!!!!
03-03 14:50:10.143  6684  6684 E PUSH.C.PushApplication: android.permission.ACCESS_FINE_LOCATION not requested!!!!
03-03 14:50:10.144  6684  6684 E PUSH.C.PushApplication: android.permission.ACCESS_COARSE_LOCATION not requested!!!!
03-03 14:50:10.144  6684  6684 I Process : Sending signal. PID: 6684 SIG: 9
03-03 14:50:10.192  1018  1904 D DisplayManagerService: Display listener for pid 6684 died.
03-03 14:50:10.192  1018  1893 I ActivityManager: Process com.gionee.cloud.gpe (pid 6684) has died
03-03 14:50:10.193  1018  1893 D ActivityManager: SVC-handleAppDiedLocked: app = ProcessRecord{9aec76e 6684:com.gionee.cloud.gpe/u0a67}, app.pid = 6684
03-03 14:50:10.193  1018  1893 D ActivityManager: cleanUpApplicationRecord -- 6684
03-03 14:50:10.193  1018  1893 D ActivityManager: removeDyingProviderLocked: cpr=ContentProviderRecord{a1911ac u0 com.gionee.cloud.gpe/.provider.NotifyPushProvider} always=false inLaunching=false
03-03 14:50:10.193  1018  1893 D ActivityManager: SVC-mBroadcastQueues: com.android.server.am.BroadcastQueue@200e9c
03-03 14:50:10.193  1018  1893 D ActivityManager: SVC-mBroadcastQueues: com.android.server.am.BroadcastQueue@ac1f0a5
03-03 14:50:10.193  1018  1893 W ActivityManager: Re-adding persistent process ProcessRecord{9aec76e 6684:com.gionee.cloud.gpe/u0a67}
03-03 14:50:10.219  1743  6696 I System.out: [socket][/18.8.34.133:56571] connected
03-03 14:50:10.220  1743  6696 D libc-netbsd: [getaddrinfo]: hostname=mtalk.google.com; servname=(null); netid=0; mark=0
03-03 14:50:10.220  1743  6696 D libc-netbsd: [getaddrinfo]: ai_addrlen=0; ai_canonname=(null); ai_flags=4; ai_family=0
03-03 14:50:10.220  1743  6696 I System.out: [CDS]rx timeout:60000
03-03 14:50:10.272  1018  1088 D WindowManager: interceptKeyTq keycode=26 interactive=false keyguardActive=true policyFlags=2000000 down =true canceled = false isWakeKey=false mVolumeDownKeyTriggered =false mVolumeUpKeyTriggered =false result = 0 useHapticFeedback = false isInjected = false
03-03 14:50:10.273  1018  1088 D PowerManagerService: acquireWakeLockInternal: lock=253456602, flags=0x1, tag="PhoneWindowManager.mPowerKeyWakeLock", ws=null, uid=1000, pid=1018
03-03 14:50:10.273  1018  1088 D PowerManagerService: updateUserActivitySummaryLocked: mWakefulness=Asleep, mUserActivitySummary=0x0, nextTimeout=0 (4917570 ms ago)
03-03 14:50:10.273  1018  1088 D DisplayPowerController: requestPowerState: policy=OFF, useProximitySensor=false, screenBrightness=230, screenAutoBrightnessAdjustment=0.0, brightnessSetByUser=true, useAutoBrightness=false, blockScreenOn=false, lowPowerMode=false, boostScreenBrightness=false, dozeScreenBrightness=-1, dozeScreenState=UNKNOWN, waitForNegativeProximity=false
03-03 14:50:10.273  1018  1088 D PowerManagerService: updateDisplayPowerStateLocked: mDisplayReady=true, policy=0, mWakefulness=0, mWakeLockSummary=0x1, mUserActivitySummary=0x0, mBootCompleted=true, mScreenBrightnessBoostInProgress=false
03-03 14:50:10.273  1018  1088 D PowerManagerNotifier: onWakeLockAcquired: flags=1, tag="PhoneWindowManager.mPowerKeyWakeLock", packageName=android, ownerUid=1000, ownerPid=1018, workSource=null
03-03 14:50:10.275  1018  1088 D SettingsInterface:  from settings cache , name = dialer_default_application , value = null
03-03 14:50:10.277  1018  1088 D SettingsInterface:  from settings cache , name = theater_mode_on , value = 0
03-03 14:50:10.278  1018  1088 D PowerManagerService:    |----com.android.server.power.PowerManagerService.wakeUpNoUpdateLocked(PowerManagerService.java:1433)
03-03 14:50:10.278  1018  1088 D PowerManagerService:    |----com.android.server.power.PowerManagerService.wakeUpInternal(PowerManagerService.java:1424)
03-03 14:50:10.278  1018  1088 D PowerManagerService:    |----com.android.server.power.PowerManagerService.-wrap47(PowerManagerService.java)
03-03 14:50:10.278  1018  1088 D PowerManagerService:    |----com.android.server.power.PowerManagerService$BinderService.wakeUp(PowerManagerService.java:3799)
03-03 14:50:10.278  1018  1088 D PowerManagerService:    |----android.os.PowerManager.wakeUp(PowerManager.java:739)
03-03 14:50:10.278  1018  1088 D PowerManagerService:    |----com.android.server.policy.PhoneWindowManager.wakeUp(PhoneWindowManager.java:6621)
03-03 14:50:10.278  1018  1088 D PowerManagerService:    |----com.android.server.policy.PhoneWindowManager.wakeUpFromPowerKey(PhoneWindowManager.java:6607)
03-03 14:50:10.278  1018  1088 D PowerManagerService:    |----com.android.server.policy.PhoneWindowManager.interceptPowerKeyDown(PhoneWindowManager.java:1265)
03-03 14:50:10.278  1018  1088 D PowerManagerService:    |----com.android.server.policy.PhoneWindowManager.interceptKeyBeforeQueueing(PhoneWindowManager.java:6097)
03-03 14:50:10.278  1018  1088 D PowerManagerService:    |----com.android.server.wm.InputMonitor.interceptKeyBeforeQueueing(InputMonitor.java:494)
03-03 14:50:10.278  1018  1088 D PowerManagerService:    |----com.android.server.input.InputManagerService.interceptKeyBeforeQueueing(InputManagerService.java:1508)
03-03 14:50:10.278  1018  1088 D PowerManagerService: wakeUpNoUpdateLocked: eventTime=4917570, uid=1000
03-03 14:50:10.278  1018  1088 I PowerManagerService: Waking up from sleep (uid 1000)...
03-03 14:50:10.278  1018  1088 D PowerManagerNotifier: onWakefulnessChangeStarted: wakefulness=1, reason=0, interactive=true
03-03 14:50:10.278  1018  1088 D PowerManagerNotifier: updatePendingBroadcastLocked mBroadcastInProgress = false, mPendingInteractiveState = 1, mPendingGoToSleepBroadcast = false, mBroadcastedInteractiveState = 2
03-03 14:50:10.278  1018  1088 D PowerManagerService: Acquiring suspend blocker "PowerManagerService.Broadcasts".
03-03 14:50:10.278  1018  1018 I ActivityManager: onWakefulnessChanged: 1
03-03 14:50:10.279  1018  1088 D PowerManagerNotifier: onWakeUp: event=android.policy:POWER, reasonUid=1000 opPackageName=android opUid=1000
03-03 14:50:10.279  1018  1088 D PowerManagerService: userActivityNoUpdateLocked: eventTime=4917570, event=0, flags=0x0, uid=1000
03-03 14:50:10.279  1018  1088 D PowerManagerNotifier: onUserActivity: event=0, uid=1000
03-03 14:50:10.279  1018  1088 D PowerManagerService: updateUserActivitySummaryLocked: mWakefulness=Awake, mUserActivitySummary=0x9, nextTimeout=4922070 (in 4494 ms)
03-03 14:50:10.279  1018  1018 D PowerManagerNotifier: handleEarlyInteractiveChange: mPolicy.startedWakingUp
03-03 14:50:10.279  1018  1018 I WindowManager: Started waking up...
03-03 14:50:10.279  1018  1088 D DisplayPowerController: requestPowerState: policy=BRIGHT, useProximitySensor=false, screenBrightness=230, screenAutoBrightnessAdjustment=0.0, brightnessSetByUser=true, useAutoBrightness=false, blockScreenOn=false, lowPowerMode=false, boostScreenBrightness=false, dozeScreenBrightness=-1, dozeScreenState=UNKNOWN, waitForNegativeProximity=false
03-03 14:50:10.279  1018  1018 V KeyguardServiceDelegate: onStartedWakingUp()
03-03 14:50:10.279  1018  1088 D lights  : write_int open fd=-1
03-03 14:50:10.279  1018  1018 D PowerManagerNotifier: sendNextBroadcast mBroadcastedInteractiveState = 2, mPendingInteractiveState = 1, mPendingWakeUpBroadcast = true, mPendingGoToSleepBroadcast = false
03-03 14:50:10.279  1018  1088 D PowerManagerService: updateDisplayPowerStateLocked: mDisplayReady=false, policy=3, mWakefulness=1, mWakeLockSummary=0x1, mUserActivitySummary=0x9, mBootCompleted=true, mScreenBrightnessBoostInProgress=false
03-03 14:50:10.279  1018  1018 D PowerManagerNotifier: sendWakeUpBroadcast
03-03 14:50:10.279  1018  1088 D PowerManagerService: Acquiring suspend blocker "PowerManagerService.Display".
03-03 14:50:10.279  1018  1018 D PowerManagerNotifier: sendWakeUpBroadcast - sendOrderedBroadcastAsUser
03-03 14:50:10.279  1018  1018 V ActivityManager: Broadcast: Intent { act=android.intent.action.SCREEN_ON flg=0x50000010 } ordered=true userid=-1 callerApp=ProcessRecord{5da5ec4 1018:system/1000}
03-03 14:50:10.280  1147  1200 D KeyguardViewMediator: onStartedWakingUp, seq = 22
03-03 14:50:10.280  1147  1200 D KeyguardViewMediator: notifyStartedWakingUp
03-03 14:50:10.281  1147  1147 D KeyguardViewMediator: handleNotifyWakingUp
03-03 14:50:10.281  1147  1147 D NaviKeyguard --> : KeyguardViewHost -->  --> onScreenTurnedOn()
03-03 14:50:10.281  1147  1147 D NaviKeyguard --> : KeyguardNotificationModule -->  --> hasNotifications: false
03-03 14:50:10.281  1147  1147 D KeyguardInterfaceManager: screenTurnedOn hasNotification:false
03-03 14:50:10.281  1147  1147 D HK_KeyguardViewHostManager: onScreenTurnedOn-- hasNotification:false
03-03 14:50:10.281  1018  1018 D ActivityThread: BDC-Calling finishReceiver: IIntentReceiver=291ac68
03-03 14:50:10.281  1147  1200 D KeyguardViewMediator: checkShowSkylightIfNeed
03-03 14:50:10.281  1147  1147 D keyguard --> 1.1.0.0gd: HK_NaviKg_HostView --> onScreenTurnedOn
03-03 14:50:10.281  1147  1147 D keyguard --> 1.1.0.0gd: UIController --> UIController onScreenTurnedOn--1-true
03-03 14:50:10.281  1018  1066 D DisplayPowerState: setScreenState: state=2
03-03 14:50:10.281  1018  1018 D ActivityThread: BDC-Calling finishReceiver: IIntentReceiver=20abce4
03-03 14:50:10.281  1018  1066 I DisplayPowerController: Blocking screen on until initial contents have been drawn.
03-03 14:50:10.282  1018  1066 I WindowManager: Screen turning on...
03-03 14:50:10.282  1147  1147 D keyguard --> 1.1.0.0gd: CaptionsView --> setTouchable(false)
03-03 14:50:10.282  1018  1018 D ActivityThread: BDC-Calling finishReceiver: IIntentReceiver=cc3a7ac
03-03 14:50:10.283  1147  1147 D keyguard --> 1.1.0.0gd: ImageLoaderManager --> removeHolderImageLoaderView -> imageLoaderView = com.amigo.storylocker.imageloader.HolderImageLoader@5a4dee9
03-03 14:50:10.283  1147  1147 D keyguard --> 1.1.0.0gd: LockedUtil --> guideIfNeededWhenScreenOn NeedGuideWhenScreenOn[false], Guiding[false]
03-03 14:50:10.283  1018  1018 E WifiTrafficPoller: ENABLE_TRAFFIC_STATS_POLL true Token 54
03-03 14:50:10.283  1147  1147 D keyguard --> 1.1.0.0gd: HorizontalListView --> getPage:0
03-03 14:50:10.283  1147  1147 D keyguard --> 1.1.0.0gd: HorizontalListView --> getPage:0
03-03 14:50:10.283  1147  1147 D keyguard --> 1.1.0.0gd: HK_KeyguardViewHostManager --> refreshCacheScreenOn ScreenOn : true
03-03 14:50:10.283  1147  1147 D keyguard --> 1.1.0.0gd: KeyguardWallpaperManager --> KeyguardWallpaperManager refreshCache name : Holy Save!
03-03 14:50:10.283  1147  1147 D keyguard --> 1.1.0.0gd: StoryImageView --> getImageLoaderUrl -> mWallpaper.getImgUrl() = http://d.gionee.com/nav/20170302/f0ef0998-5766-450d-b4a7-e0c8fa0bb92f.webp720*1080
03-03 14:50:10.283  1147  1147 D keyguard --> 1.1.0.0gd: ImageLoaderManager --> createImageLoader -> imageLoaderView = com.amigo.storylocker.widget.StoryImageView{d242e3b V.E...... ......ID 0,0-720,1280}wallpaper.getImgName() = Holy Save! type = 1
03-03 14:50:10.283  1147  1147 D keyguard --> 1.1.0.0gd: StoryImageView --> getImageLoaderUrl -> mWallpaper.getImgUrl() = http://d.gionee.com/nav/20170302/0c1369f6-bd92-48f3-86d9-89af141316bb.webp720*1080
03-03 14:50:10.283  1147  1147 D keyguard --> 1.1.0.0gd: ImageLoaderManager --> createImageLoader -> imageLoaderView = com.amigo.storylocker.widget.StoryImageView{b1fd958 V.E...... ......ID 720,0-1440,1280}wallpaper.getImgName() = World WildLife Day! type = 2
03-03 14:50:10.283  1147  1147 D keyguard --> 1.1.0.0gd: StoryImageView --> getImageLoaderUrl -> mWallpaper.getImgUrl() = http://d.gionee.com/nav/20170302/073facfd-045b-41b8-aceb-173e6065322c.webp720*1080
03-03 14:50:10.283  1018  1018 E WifiTrafficPoller:  packet count Tx=1999 Rx=14985
03-03 14:50:10.283  1018  1018 E WifiTrafficPoller: notifying of data activity 3
03-03 14:50:10.283  1147  1147 D keyguard --> 1.1.0.0gd: ImageLoaderManager --> createImageLoader -> imageLoaderView = com.amigo.storylocker.widget.StoryImageView{4d10cca V.E...... ......ID -720,0-0,1280}wallpaper.getImgName() = Natural Vitamin C! type = 2
03-03 14:50:10.283  1147  1147 D keyguard --> 1.1.0.0gd: ImageLoader --> startLoadFromCache -> imageLoaderUrl = http://d.gionee.com/nav/20170302/f0ef0998-5766-450d-b4a7-e0c8fa0bb92f.webp720*1080 mWallpaper.getImgName() = Holy Save!
03-03 14:50:10.283  1147  1147 D keyguard --> 1.1.0.0gd: ImageLoader --> startLoadFromCache -> cacheObject = null
03-03 14:50:10.284  1147  1147 D keyguard --> 1.1.0.0gd: StoryImageView --> getImageLoaderUrl -> mWallpaper.getImgUrl() = http://d.gionee.com/nav/20170302/f0ef0998-5766-450d-b4a7-e0c8fa0bb92f.webp720*1080
03-03 14:50:10.284  1147  1147 D keyguard --> 1.1.0.0gd: StoryImageView --> onLoadingFailed -> 
03-03 14:50:10.284  1018  1018 D WifiStateMachine: onReceive, action:android.intent.action.SCREEN_ON
03-03 14:50:10.284  1018  1018 D ActivityThread: BDC-Calling finishReceiver: IIntentReceiver=5d14b3f
03-03 14:50:10.285  1018  1018 D AmigoLedController: handleScreenOn +
03-03 14:50:10.285  1018  1018 D AmigoLedController: isKeyguardLock=true
03-03 14:50:10.285  1018  1018 D AmigoLedController: handleScreenOn -
03-03 14:50:10.285  1018  1018 D ActivityThread: BDC-Calling finishReceiver: IIntentReceiver=1579ab7
03-03 14:50:10.285  1018  1018 D ActivityThread: BDC-Calling finishReceiver: IIntentReceiver=7de26f9
03-03 14:50:10.286  1018  1018 D AudioSystem: +setParameters(): screen_state=on 
03-03 14:50:10.286  1018  1066 V KeyguardServiceDelegate: onScreenTurnedOn(showListener = com.android.server.policy.PhoneWindowManager$3@8a4bf72)
03-03 14:50:10.287  1018  1096 D WifiStateMachine:  ConnectedState (when=-2ms what=131167 arg1=1CMD_SCREEN_STATE_CHANGED  rt=4917584/4917584{ when=-2ms what=131167 arg1=1 target=com.android.internal.util.StateMachine$SmHandler } 1 0
03-03 14:50:10.287  1018  1096 D WifiStateMachine:  L2ConnectedState (when=-3ms what=131167 arg1=1CMD_SCREEN_STATE_CHANGED  rt=4917585/4917585{ when=-3ms what=131167 arg1=1 target=com.android.internal.util.StateMachine$SmHandler } 1 0
03-03 14:50:10.287  1018  1096 D WifiStateMachine:  ConnectModeState (when=-3ms what=131167 arg1=1CMD_SCREEN_STATE_CHANGED  rt=4917585/4917585{ when=-3ms what=131167 arg1=1 target=com.android.internal.util.StateMachine$SmHandler } 1 0
03-03 14:50:10.287  1147  6713 D keyguard --> 1.1.0.0gd: HKWallpaperNotification --> hand update notification :update switch on
03-03 14:50:10.287  1147  6713 D keyguard --> 1.1.0.0gd: HKWallpaperNotification --> No new added Category which default is unchecked
03-03 14:50:10.288  1018  1096 D WifiStateMachine:  DriverStartedState (when=-3ms what=131167 arg1=1CMD_SCREEN_STATE_CHANGED  rt=4917585/4917585{ when=-3ms what=131167 arg1=1 target=com.android.internal.util.StateMachine$SmHandler } 1 0
03-03 14:50:10.288  1018  1096 D WifiStateMachine:  SupplicantStartedState (when=-4ms what=131167 arg1=1CMD_SCREEN_STATE_CHANGED  rt=4917586/4917586{ when=-4ms what=131167 arg1=1 target=com.android.internal.util.StateMachine$SmHandler } 1 0
03-03 14:50:10.288  1018  1096 D WifiStateMachine:  DefaultState (when=-4ms what=131167 arg1=1CMD_SCREEN_STATE_CHANGED  rt=4917586/4917586{ when=-4ms what=131167 arg1=1 target=com.android.internal.util.StateMachine$SmHandler } 1 0
03-03 14:50:10.289  1147  1147 D keyguard --> 1.1.0.0gd: ImageLoader --> startLoadFromCache -> imageLoaderUrl = http://d.gionee.com/nav/20170302/f0ef0998-5766-450d-b4a7-e0c8fa0bb92f.webp720*1080_thumbnail mWallpaper.getImgName() = Holy Save!
03-03 14:50:10.289  1147  1147 D keyguard --> 1.1.0.0gd: ImageLoader --> startLoadFromCache -> cacheObject = android.graphics.Bitmap@454176e
03-03 14:50:10.289  1147  1147 D keyguard --> 1.1.0.0gd: StoryImageView --> getImageLoaderUrl -> mWallpaper.getImgUrl() = http://d.gionee.com/nav/20170302/f0ef0998-5766-450d-b4a7-e0c8fa0bb92f.webp720*1080
03-03 14:50:10.289  1147  1147 D keyguard --> 1.1.0.0gd: StoryImageView --> onLoadingComplete -> loadedImage = android.graphics.Bitmap@454176e
03-03 14:50:10.289  1018  1066 D DisplayPowerController: Animating brightness: target=230, rate=500
03-03 14:50:10.289   363  1106 D AudioFlinger: srs set parameter screen_state=on
03-03 14:50:10.289   363  1106 D AudioALSAHardware: +setParameters(): screen_state=on
03-03 14:50:10.289  1018  1066 D DisplayPowerController: Unfinished business...
03-03 14:50:10.289   363  1106 D AudioALSAStreamOut: +setLowLatencyMode(), mode 1
03-03 14:50:10.289   363  1106 D AudioALSAStreamOut: +setLowLatencyMode(), mode 1
03-03 14:50:10.289   363  1106 D AudioALSAHardware: -setParameters(): screen_state=on 
03-03 14:50:10.289  1018  1066 D SettingsInterface:  from settings cache , name = fingerprint_used_for_unlock , value = null
03-03 14:50:10.290  1018  1066 D DisplayPowerState: Requesting new screen state: state=ON, backlight=0
03-03 14:50:10.290  1018  1066 D DisplayPowerState: Screen not ready
03-03 14:50:10.290  1018  1096 D WifiHW  : enter -->wifi_send_command cmd=IFNAME=wlan0 SET pno 0
03-03 14:50:10.290  1018  1018 D AudioSystem: -setParameters(): screen_state=on 
03-03 14:50:10.290  1147  1200 D KeyguardViewMediator: notifyScreenOn
03-03 14:50:10.290  1465  1465 D wpa_supplicant: wlan0: Control interface command 'SET pno 0'
03-03 14:50:10.290  1018  1018 D ActivityThread: BDC-Calling finishReceiver: IIntentReceiver=2c00a7c
03-03 14:50:10.290  1465  1465 D wpa_supplicant: CTRL_IFACE SET 'pno'='0'
03-03 14:50:10.290  1018  1128 D DisplayPowerState: Updating screen state: state=ON, backlight=0, backlightChanged=false
03-03 14:50:10.290  1018  1096 D WifiHW  : leave --> reply=OK
03-03 14:50:10.290  1018  1096 D WifiHW  : 
03-03 14:50:10.290  1018  1128 D PowerManagerService: Setting HAL auto-suspend mode to false
03-03 14:50:10.290  1018  1128 I libsuspend: autosuspend_debugger_disable
03-03 14:50:10.290  1018  1128 I libsuspend: autosuspend_debugger_disable done
03-03 14:50:10.290  1018  1128 D PowerManagerService: Setting HAL interactive mode to true
03-03 14:50:10.290  1018  1096 E WifiStateMachine: allowFullBandScanAndAssociated: packet rate tx2.625  rx 27.625 allow scan with traffic 0
03-03 14:50:10.290  1018  1096 D WifiStateMachine: backgroundScan enabled=false
03-03 14:50:10.290  1018  1096 D WifiStateMachine: handleScreenStateChanged Exit: true
03-03 14:50:10.290  1018  1018 D AlarmManager: manual remove option = PendingIntent{6d5f6b9: PendingIntentRecord{65c9afe android broadcastIntent}}
03-03 14:50:10.290  1018  1128 D DisplayManagerService: Update global display state for DisplayDeviceInfo{"Built-in Screen": uniqueId="local:0", 720 x 1280, modeId 1, defaultModeId 1, supportedModes [{id=1, width=720, height=1280, fps=60.25}], density 320, 294.967 x 292.9 dpi, appVsyncOff -8000000, presDeadline 25597510, touch INTERNAL, rotation 0, type BUILT_IN, state OFF, FLAG_DEFAULT_DISPLAY, FLAG_ROTATES_WITH_CONTENT, FLAG_SECURE, FLAG_SUPPORTS_PROTECTED_BUFFERS}
03-03 14:50:10.291  1018  1128 D LocalDisplayAdapter: setDisplayState(id=0, state=ON)
03-03 14:50:10.291  1018  1018 D AlarmManager: remove(operation) changed bounds; rebatching operation = PendingIntent{6d5f6b9: PendingIntentRecord{65c9afe android broadcastIntent}}
03-03 14:50:10.291  1018  1018 D AlarmManager: rebatchAllAlarmsLocked begin oldBatches count = 33
03-03 14:50:10.291  1018  1063 I DisplayManagerService: Display device changed state: "Built-in Screen", ON
03-03 14:50:10.291  1018  1096 D WifiStateMachine:  ConnectedState (when=-2ms what=131154 arg1=1!CMD_ENABLE_RSSI_POLL  rt=4917588/4917588{ when=-2ms what=131154 arg1=1 target=com.android.internal.util.StateMachine$SmHandler } 1 0
03-03 14:50:10.291  1018  1063 D DisplayManagerService: Delivering display event: displayId=0, event=2
03-03 14:50:10.291  1018  1018 D AlarmManager: set alarm to RTC 4917473
03-03 14:50:10.292  1018  1018 D ActivityThread: BDC-Calling finishReceiver: IIntentReceiver=9b19a9d
03-03 14:50:10.293  1018  1018 D PerfService: [PerfService] Intent.ACTION_SCREEN_ON 
03-03 14:50:10.293  1018  1018 D ActivityThread: BDC-Calling finishReceiver: IIntentReceiver=37dcd43
03-03 14:50:10.293   258   258 D SurfaceFlinger: Set power mode=2, type=0 flinger=0x7f86703c00
03-03 14:50:10.293   258   258 I hwcomposer: [HWC] SetPowerMode(2) Display(0)
03-03 14:50:10.293  1018  1085 V AlarmManager: Checking for alarms... rtc=1488532810293, elapsed=4917591
03-03 14:50:10.293  1018  1085 D AlarmManager: set alarm to RTC 4926574
03-03 14:50:10.294  1018  1085 V AlarmManager: openLteGateSuccess = false
03-03 14:50:10.294  1018  1085 V AlarmManager: socktUnblockingTimeElapsed(ms): 91124 < mMinimumPeriod_BlockSocket: 300000
03-03 14:50:10.294  1018  1085 V AlarmManager: sending alarm Alarm{7171e75 type 2 when 4917473 com.google.android.gms}
03-03 14:50:10.294  1018  1085 D AlarmManager: wakeup alarm = Alarm{7171e75 type 2 when 4917473 com.google.android.gms}; package = com.google.android.gmsneedGrouping = false
03-03 14:50:10.294  1018  1085 V ActivityManager: Broadcast: Intent { act=com.google.android.gms.gcm.ACTION_CHECK_QUEUE flg=0x114 (has extras) } ordered=true userid=0 callerApp=null
03-03 14:50:10.294  1147  1147 D keyguard --> 1.1.0.0gd: StoryImageView --> onLoadingComplete -> mWallpaper = Holy Save!
03-03 14:50:10.294  1147  1147 D keyguard --> 1.1.0.0gd: StoryImageView --> onLoadingComplete -> mWallpaper = http://d.gionee.com/nav/20170302/f0ef0998-5766-450d-b4a7-e0c8fa0bb92f.webp720*1080
03-03 14:50:10.295  1147  1147 D keyguard --> 1.1.0.0gd: ImageLoader --> startLoadFormThread -> imageLoaderUrl = http://d.gionee.com/nav/20170302/f0ef0998-5766-450d-b4a7-e0c8fa0bb92f.webp720*1080 mWallpaper.getImgName() = Holy Save!
03-03 14:50:10.295  1147  1794 D keyguard --> 1.1.0.0gd: ImageLoader --> startLoadFromLocal -> imageLoaderUrl = http://d.gionee.com/nav/20170302/f0ef0998-5766-450d-b4a7-e0c8fa0bb92f.webp720*1080 wallpaper.getImgName() = Holy Save!
03-03 14:50:10.295  1147  1794 D ScreenUtils: screen width : 720
03-03 14:50:10.298  1018  1110 D PerfServiceManager: [PerfService] MESSAGE_USER_RESTORE_ALL 
03-03 14:50:10.306  1147  1147 D keyguard --> 1.1.0.0gd: ImageLoader --> startLoadFromCache -> imageLoaderUrl = http://d.gionee.com/nav/20170302/0c1369f6-bd92-48f3-86d9-89af141316bb.webp720*1080_thumbnail mWallpaper.getImgName() = World WildLife Day!
03-03 14:50:10.306  1147  1147 D keyguard --> 1.1.0.0gd: ImageLoader --> startLoadFromCache -> cacheObject = null
03-03 14:50:10.306  1147  1147 D keyguard --> 1.1.0.0gd: StoryImageView --> getImageLoaderUrl -> mWallpaper.getImgUrl() = http://d.gionee.com/nav/20170302/0c1369f6-bd92-48f3-86d9-89af141316bb.webp720*1080
03-03 14:50:10.307  1147  1147 D keyguard --> 1.1.0.0gd: StoryImageView --> onLoadingFailed -> 
03-03 14:50:10.307  1147  1147 D keyguard --> 1.1.0.0gd: ImageLoader --> startLoadFormThread -> imageLoaderUrl = http://d.gionee.com/nav/20170302/0c1369f6-bd92-48f3-86d9-89af141316bb.webp720*1080_thumbnail mWallpaper.getImgName() = World WildLife Day!
03-03 14:50:10.308  1147  1793 D keyguard --> 1.1.0.0gd: ImageLoader --> startLoadFromLocal -> imageLoaderUrl = http://d.gionee.com/nav/20170302/0c1369f6-bd92-48f3-86d9-89af141316bb.webp720*1080_thumbnail wallpaper.getImgName() = World WildLife Day!
03-03 14:50:10.309  1147  1793 D ScreenUtils: screen width : 720
03-03 14:50:10.309  1147  1793 D keyguard --> 1.1.0.0gd: BitmapUtils --> scale = 1 options.outWidth = 360 ; reuseBitmap.getWidth() = 360
03-03 14:50:10.309  1147  1793 W BitmapFactory: Unable to reuse an immutable bitmap as an image decoder target.
03-03 14:50:10.315  1147  1147 D keyguard --> 1.1.0.0gd: ImageLoader --> startLoadFromCache -> imageLoaderUrl = http://d.gionee.com/nav/20170302/073facfd-045b-41b8-aceb-173e6065322c.webp720*1080_thumbnail mWallpaper.getImgName() = Natural Vitamin C!
03-03 14:50:10.315  1147  1147 D keyguard --> 1.1.0.0gd: ImageLoader --> startLoadFromCache -> cacheObject = null
03-03 14:50:10.315  1147  1147 D keyguard --> 1.1.0.0gd: StoryImageView --> getImageLoaderUrl -> mWallpaper.getImgUrl() = http://d.gionee.com/nav/20170302/073facfd-045b-41b8-aceb-173e6065322c.webp720*1080
03-03 14:50:10.315  1147  1147 D keyguard --> 1.1.0.0gd: StoryImageView --> onLoadingFailed -> 
03-03 14:50:10.315  1147  1147 D keyguard --> 1.1.0.0gd: ImageLoader --> startLoadFormThread -> imageLoaderUrl = http://d.gionee.com/nav/20170302/073facfd-045b-41b8-aceb-173e6065322c.webp720*1080_thumbnail mWallpaper.getImgName() = Natural Vitamin C!
03-03 14:50:10.315  1147  1147 D KeyguardViewBase: screen on, instance 29fc2fc
03-03 14:50:10.315  1018  1096 D WifiStateMachine:  L2ConnectedState (when=-26ms what=131154 arg1=1!CMD_ENABLE_RSSI_POLL  rt=4917612/4917612{ when=-26ms what=131154 arg1=1 target=com.android.internal.util.StateMachine$SmHandler } 1 0
03-03 14:50:10.315  1018  1096 D WifiHW  : enter -->wifi_send_command cmd=IFNAME=wlan0 SIGNAL_POLL
