03-03 14:47:59.164  1018  1904 D DisplayPowerController: requestPowerState: policy=OFF, useProximitySensor=false, screenBrightness=230, screenAutoBrightnessAdjustment=0.0, brightnessSetByUser=true, useAutoBrightness=false, blockScreenOn=false, lowPowerMode=false, boostScreenBrightness=false, dozeScreenBrightness=-1, dozeScreenState=UNKNOWN, waitForNegativeProximity=false
03-03 14:47:59.164  1018  1904 D PowerManagerService: updateDisplayPowerStateLocked: mDisplayReady=true, policy=0, mWakefulness=0, mWakeLockSummary=0x0, mUserActivitySummary=0x0, mBootCompleted=true, mScreenBrightnessBoostInProgress=false
03-03 14:47:59.164  1018  1904 D PowerManagerService: Releasing suspend blocker "PowerManagerService.WakeLocks".
03-03 14:47:59.165  1018  1098 D WifiController: DeviceActiveState{ when=-2ms what=155654 target=com.android.internal.util.StateMachine$SmHandler }
03-03 14:47:59.165  1018  1098 D WifiController: StaEnabledState{ when=-2ms what=155654 target=com.android.internal.util.StateMachine$SmHandler }
03-03 14:47:59.165  1018  1098 D WifiController: DefaultState{ when=-2ms what=155654 target=com.android.internal.util.StateMachine$SmHandler }
03-03 14:47:59.203 30631 30631 D PUSH.C.NotifyPushProvider: installed: [gn.com.android.update, com.gionee.telepath, com.gionee.gamehall, com.gionee.gcare, com.amigo.keyguard, gn.oversea.onlinewallpaper]
03-03 14:47:59.203 30631 30631 D PUSH.C.NotifyPushProvider: database: [gn.com.android.update, com.gionee.telepath, com.gionee.anti.stolen, com.gionee.gamehall, com.gionee.gcare, com.amigo.keyguard, gn.oversea.onlinewallpaper]
03-03 14:47:59.203 30631 30631 D PUSH.C.NotifyPushProvider: delete: com.gionee.anti.stolen
03-03 14:47:59.203 30631 30631 D SQLiteDatabase: endTransaction()
03-03 14:47:59.210  1018  1904 D ActivityManager: publishContentProviders: from caller=android.app.ApplicationThreadProxy@c80d224 (pid=30631)
03-03 14:47:59.212 30631 30631 V Chameleon: com.gionee.cloud.gpe:com.gionee.cloud.gpe.PushApplication Register Chameleon, restart = true
03-03 14:47:59.213 30631 30631 V Chameleon: context==null?:false
03-03 14:47:59.213 30631 30631 V SettingsInterface: invalidate [system]: current 1 != cached 0
03-03 14:47:59.214  1018  1893 D ActivityManager: getContentProviderImpl: from caller=android.app.ApplicationThreadProxy@80aec90 (pid=30631, userId=0) to get content provider settings cpr=ContentProviderRecord{9ff2abc u0 com.android.providers.settings/.SettingsProvider}
03-03 14:47:59.214  1018  1893 D ActivityManager: getContentProviderImpl: updateLruProcessLocked cpr.proc=ProcessRecord{5da5ec4 1018:system/1000}
03-03 14:47:59.215 30631 30631 D ActivityThread: holder:android.app.IActivityManager$ContentProviderHolder@720faef, holder.provider:android.content.ContentProviderProxy@959d9fc
03-03 14:47:59.215 30631 30631 D Chameleon: getDataFromSettings-->allDataStr == null
03-03 14:47:59.215 30631 30631 D Chameleon: init-->getDataFromSettings return false
03-03 14:47:59.216  1018  4311 D ActivityManager: getContentProviderImpl: from caller=android.app.ApplicationThreadProxy@81ac989 (pid=30631, userId=0) to get content provider com.amigo.chameleon.provider cpr=ContentProviderRecord{fbfbc72 u0 com.amigo.chameleon/.provider.ChameleonProvider}
03-03 14:47:59.216  1018  4311 D ActivityManager: getContentProviderImpl: updateLruProcessLocked cpr.proc=ProcessRecord{23a28c3 23163:com.amigo.chameleon/u0a0}
03-03 14:47:59.218 30631 30631 D ActivityThread: holder:android.app.IActivityManager$ContentProviderHolder@5016da, holder.provider:android.content.ContentProviderProxy@fac570b
03-03 14:47:59.221 30631 30631 D Chameleon: No data in the database
03-03 14:47:59.222 30631 30631 E PUSH.C.PushApplication: android.permission.READ_PHONE_STATE not requested!!!!
03-03 14:47:59.222 30631 30631 E PUSH.C.PushApplication: android.permission.WRITE_EXTERNAL_STORAGE not requested!!!!
03-03 14:47:59.223 30631 30631 E PUSH.C.PushApplication: android.permission.ACCESS_FINE_LOCATION not requested!!!!
03-03 14:47:59.223 30631 30631 E PUSH.C.PushApplication: android.permission.ACCESS_COARSE_LOCATION not requested!!!!
03-03 14:47:59.223 30631 30631 I Process : Sending signal. PID: 30631 SIG: 9
03-03 14:47:59.283  1018  1896 I ActivityManager: Process com.gionee.cloud.gpe (pid 30631) has died
03-03 14:47:59.283  1018  1896 D ActivityManager: SVC-handleAppDiedLocked: app = ProcessRecord{9aec76e 30631:com.gionee.cloud.gpe/u0a67}, app.pid = 30631
03-03 14:47:59.283  1018  1896 D ActivityManager: cleanUpApplicationRecord -- 30631
03-03 14:47:59.283  1018  1896 D ActivityManager: removeDyingProviderLocked: cpr=ContentProviderRecord{5c5bd8e u0 com.gionee.cloud.gpe/.provider.NotifyPushProvider} always=false inLaunching=false
03-03 14:47:59.283  1018  1896 D ActivityManager: SVC-mBroadcastQueues: com.android.server.am.BroadcastQueue@200e9c
03-03 14:47:59.283  1018  1896 D ActivityManager: SVC-mBroadcastQueues: com.android.server.am.BroadcastQueue@ac1f0a5
03-03 14:47:59.283  1018  1711 D DisplayManagerService: Display listener for pid 30631 died.
03-03 14:47:59.284  1018  1896 W ActivityManager: Re-adding persistent process ProcessRecord{9aec76e 30631:com.gionee.cloud.gpe/u0a67}
03-03 14:47:59.382 30647 30647 D ActivityThread: installProvider: context.getPackageName()=com.gionee.cloud.gpe
03-03 14:47:59.391 30647 30654 I System  : FinalizerDaemon: finalize objects = 1
03-03 14:47:59.396 30647 30647 D PUSH.C.NotifyPushProvider: Row: 2, notify_push_switch, 1, 0, 0
03-03 14:47:59.396 30647 30647 D PUSH.C.NotifyPushProvider: Row: 3, gn.com.android.update, 0, 0, 1
03-03 14:47:59.396 30647 30647 D PUSH.C.NotifyPushProvider: Row: 4, com.gionee.telepath, 0, 0, 1
03-03 14:47:59.396 30647 30647 D PUSH.C.NotifyPushProvider: Row: 5, com.gionee.gamehall, 0, 0, 1
03-03 14:47:59.396 30647 30647 D PUSH.C.NotifyPushProvider: Row: 6, com.gionee.gcare, 0, 0, 1
03-03 14:47:59.397 30647 30647 D PUSH.C.NotifyPushProvider: Row: 7, com.amigo.keyguard, 0, 0, 1
03-03 14:47:59.397 30647 30647 D PUSH.C.NotifyPushProvider: Row: 8, gn.oversea.onlinewallpaper, 0, 0, 1
03-03 14:47:59.397 30647 30647 D PUSH.C.NotifyPushProvider: removeRows: []
03-03 14:47:59.401 30647 30647 I PUSH.C.TRACE: [main(1)][SQLDatabase.updateTable]
03-03 14:47:59.402 30647 30647 D PUSH.C.SQLDatabase: Table: pushapp, Index: [pushapp_package]
03-03 14:47:59.403 30647 30647 D SQLiteDatabase: beginTransaction()
03-03 14:47:59.404 30647 30647 D PUSH.C.NotifyPushProvider: whiteList: []
03-03 14:47:59.404 30647 30647 D PUSH.C.NotifyPushProvider: insert: com.gionee.anti.stolen
03-03 14:47:59.445  2474  2479 I PerfService: PerfServiceNative_getPackName
03-03 14:47:59.445  1018  1048 I libPerfService: perfGetLastBoostPid 6115
03-03 14:47:59.446  1018  1048 D PerfServiceManager: [PerfService] getLastBoostPid 6115 
03-03 14:47:59.446  1018  1048 I libPerfService: perfGetLastBoostPid 6115
03-03 14:47:59.463 30647 30647 D PUSH.C.NotifyPushProvider: installed: [gn.com.android.update, com.gionee.telepath, com.gionee.gamehall, com.gionee.gcare, com.amigo.keyguard, gn.oversea.onlinewallpaper]
03-03 14:47:59.463 30647 30647 D PUSH.C.NotifyPushProvider: database: [gn.com.android.update, com.gionee.telepath, com.gionee.anti.stolen, com.gionee.gamehall, com.gionee.gcare, com.amigo.keyguard, gn.oversea.onlinewallpaper]
03-03 14:47:59.463 30647 30647 D PUSH.C.NotifyPushProvider: delete: com.gionee.anti.stolen
03-03 14:47:59.464 30647 30647 D SQLiteDatabase: endTransaction()
03-03 14:47:59.471  1018  1711 D ActivityManager: publishContentProviders: from caller=android.app.ApplicationThreadProxy@ec729af (pid=30647)
03-03 14:47:59.473 30647 30647 V Chameleon: com.gionee.cloud.gpe:com.gionee.cloud.gpe.PushApplication Register Chameleon, restart = true
03-03 14:47:59.475 30647 30647 V Chameleon: context==null?:false
03-03 14:47:59.475 30647 30647 V SettingsInterface: invalidate [system]: current 1 != cached 0
03-03 14:47:59.476  1018  1896 D ActivityManager: getContentProviderImpl: from caller=android.app.ApplicationThreadProxy@b66b1cb (pid=30647, userId=0) to get content provider settings cpr=ContentProviderRecord{9ff2abc u0 com.android.providers.settings/.SettingsProvider}
03-03 14:47:59.476  1018  1896 D ActivityManager: getContentProviderImpl: updateLruProcessLocked cpr.proc=ProcessRecord{5da5ec4 1018:system/1000}
03-03 14:47:59.476 30647 30647 D ActivityThread: holder:android.app.IActivityManager$ContentProviderHolder@720faef, holder.provider:android.content.ContentProviderProxy@959d9fc
03-03 14:47:59.477 30647 30647 D Chameleon: getDataFromSettings-->allDataStr == null
03-03 14:47:59.477 30647 30647 D Chameleon: init-->getDataFromSettings return false
03-03 14:47:59.478  1018  1217 D ActivityManager: getContentProviderImpl: from caller=android.app.ApplicationThreadProxy@2e7bda8 (pid=30647, userId=0) to get content provider com.amigo.chameleon.provider cpr=ContentProviderRecord{fbfbc72 u0 com.amigo.chameleon/.provider.ChameleonProvider}
03-03 14:47:59.478  1018  1217 D ActivityManager: getContentProviderImpl: updateLruProcessLocked cpr.proc=ProcessRecord{23a28c3 23163:com.amigo.chameleon/u0a0}
03-03 14:47:59.479 30647 30647 D ActivityThread: holder:android.app.IActivityManager$ContentProviderHolder@5016da, holder.provider:android.content.ContentProviderProxy@fac570b
03-03 14:47:59.483 30647 30647 D Chameleon: No data in the database
03-03 14:47:59.484 30647 30647 E PUSH.C.PushApplication: android.permission.READ_PHONE_STATE not requested!!!!
03-03 14:47:59.484 30647 30647 E PUSH.C.PushApplication: android.permission.WRITE_EXTERNAL_STORAGE not requested!!!!
03-03 14:47:59.484 30647 30647 E PUSH.C.PushApplication: android.permission.ACCESS_FINE_LOCATION not requested!!!!
03-03 14:47:59.485 30647 30647 E PUSH.C.PushApplication: android.permission.ACCESS_COARSE_LOCATION not requested!!!!
03-03 14:47:59.485 30647 30647 I Process : Sending signal. PID: 30647 SIG: 9
03-03 14:47:59.532  1018  1052 D DisplayManagerService: Display listener for pid 30647 died.
03-03 14:47:59.533  1018  1216 I ActivityManager: Process com.gionee.cloud.gpe (pid 30647) has died
03-03 14:47:59.533  1018  1216 D ActivityManager: SVC-handleAppDiedLocked: app = ProcessRecord{9aec76e 30647:com.gionee.cloud.gpe/u0a67}, app.pid = 30647
03-03 14:47:59.533  1018  1216 D ActivityManager: cleanUpApplicationRecord -- 30647
03-03 14:47:59.533  1018  1216 D ActivityManager: removeDyingProviderLocked: cpr=ContentProviderRecord{6520c1 u0 com.gionee.cloud.gpe/.provider.NotifyPushProvider} always=false inLaunching=false
03-03 14:47:59.533  1018  1216 D ActivityManager: SVC-mBroadcastQueues: com.android.server.am.BroadcastQueue@200e9c
03-03 14:47:59.533  1018  1216 D ActivityManager: SVC-mBroadcastQueues: com.android.server.am.BroadcastQueue@ac1f0a5
03-03 14:47:59.534  1018  1216 W ActivityManager: Re-adding persistent process ProcessRecord{9aec76e 30647:com.gionee.cloud.gpe/u0a67}
03-03 14:47:59.633 30663 30663 D ActivityThread: installProvider: context.getPackageName()=com.gionee.cloud.gpe
03-03 14:47:59.635 30663 30670 I System  : FinalizerDaemon: finalize objects = 1
03-03 14:47:59.635   263  2314 I MAL-Daemon:  (        ru_syssig_hndler,  437) [RDS-I][ru_syssig_hndler] Send Event: 688 
03-03 14:47:59.635   263  2314 I MAL-Daemon:  (        ru_syssig_hndler,  438) [RDS-I][RDS][RU][ru_syssig_hndler] ru_check_ctx_ptr<0xf5e34460, 0xf5e34460>
03-03 14:47:59.636   263  2314 W MAL-Daemon:  (    mdfx_task_send_event,  636) mdfx_task_send_event(): [ACT] should NOT enter this leagcy API!!
03-03 14:47:59.636   263  2314 I MAL-Daemon:  (    ru_send_event_entity,  369) [RDS-I][RDS][RU][ru_send_event_entity] send event 688 to 602 with ret(0)
03-03 14:47:59.636   263   614 I MAL-Daemon:  (             rds_ru_task,  463) [RDS-I][RU][rds_ru_task] RCV Event: 688 
03-03 14:47:59.636  1465  1465 D wpa_supplicant: wlan0: Control interface command 'SIGNAL_POLL'
03-03 14:47:59.646 30663 30663 D PUSH.C.NotifyPushProvider: Row: 2, notify_push_switch, 1, 0, 0
03-03 14:47:59.646 30663 30663 D PUSH.C.NotifyPushProvider: Row: 3, gn.com.android.update, 0, 0, 1
03-03 14:47:59.646 30663 30663 D PUSH.C.NotifyPushProvider: Row: 4, com.gionee.telepath, 0, 0, 1
03-03 14:47:59.647 30663 30663 D PUSH.C.NotifyPushProvider: Row: 5, com.gionee.gamehall, 0, 0, 1
03-03 14:47:59.647 30663 30663 D PUSH.C.NotifyPushProvider: Row: 6, com.gionee.gcare, 0, 0, 1
03-03 14:47:59.647 30663 30663 D PUSH.C.NotifyPushProvider: Row: 7, com.amigo.keyguard, 0, 0, 1
03-03 14:47:59.647 30663 30663 D PUSH.C.NotifyPushProvider: Row: 8, gn.oversea.onlinewallpaper, 0, 0, 1
03-03 14:47:59.647 30663 30663 D PUSH.C.NotifyPushProvider: removeRows: []
03-03 14:47:59.651 30663 30663 I PUSH.C.TRACE: [main(1)][SQLDatabase.updateTable]
03-03 14:47:59.653 30663 30663 D PUSH.C.SQLDatabase: Table: pushapp, Index: [pushapp_package]
03-03 14:47:59.653 30663 30663 D SQLiteDatabase: beginTransaction()
03-03 14:47:59.654   263   614 D MAL-Daemon:  (     ru_wsl_poll_wpainfo,  658) [RDS-D][RDS][RU][ru_wsl_poll_wpainfo]socket recv pktlen(48) 
03-03 14:47:59.654   263   614 D MAL-Daemon:  (rds_ru_ws_rssi_timer_exp,  771) [RDS-D][RU][rds_ru_ws_rssi_timer_expire_hdlr][RDS] get rssi = -37, snr = 9999 
03-03 14:47:59.655   263   614 I MAL-Daemon:  (  ru_wsl_wifi_status_ind,  753) [RDS-I][RDS][RU][ru_wsl_wifi_status_ind] ru_check_ctx_ptr<0xf5e34460, 0xf5e34460>
03-03 14:47:59.655   263   614 W MAL-Daemon:  (    mdfx_task_send_event,  636) mdfx_task_send_event(): [ACT] should NOT enter this leagcy API!!
03-03 14:47:59.655   263   614 I MAL-Daemon:  (    ru_send_event_entity,  369) [RDS-I][RDS][RU][ru_send_event_entity] send event 604 to 602 with ret(0)
03-03 14:47:59.656   263   614 I MAL-Daemon:  (          ru_get_netstat, 5759) [RDS-I][RU][ru_get_netstat] netstat <thrghpt, pkterrt>, wifi <110, 0%>, mobile <0, 0%>
03-03 14:47:59.656   263   614 I MAL-Daemon:  (    ru_send_event_entity,  369) [RDS-I][RDS][RU][ru_send_event_entity] send event 614 to 1234 with ret(0)
03-03 14:47:59.656  1604  1698 I MFI-Conn:  (     mfia_task_bootstrap,  944) mfia_task_bootstrap(): an event 614 incoming
03-03 14:47:59.656   263   614 I MAL-Daemon:  (             rds_ru_task,  463) [RDS-I][RU][rds_ru_task] RCV Event: 604 
03-03 14:47:59.656   263   614 I MAL-Daemon:  (  rds_ru_wifi_status_ind, 1392) [RDS-I][RU][EVENT_RU_WS_WIFI_STATUS_IND] fgwifi_en:1(no use) i4wifirssi:0xffffffdb i4wifisnr:0x270f
03-03 14:47:59.656   263   614 I MAL-Daemon:  (    ru_send_event_entity,  369) [RDS-I][RDS][RU][ru_send_event_entity] send event 615 to 1234 with ret(0)
03-03 14:47:59.656  1604  1698 I MFI-Conn:  (     mfia_task_bootstrap,  944) mfia_task_bootstrap(): an event 615 incoming
03-03 14:47:59.656   263   614 I MAL-Daemon:  (          rds_ru_rpl_gen, 5318) [RDS-I][RU][rds_ru_rpl_gen][RDS][OP0] TYPE : <0>, UI Policy : <3>, RDS Policy : <3>
03-03 14:47:59.656  1604  1873 I MFI-Conn:  (             rds_urc_hdl,  263) [RDS][rds_urc_hdl] RCV Event: 614 
03-03 14:47:59.656   263   614 I MAL-Daemon:  (      rds_cell_only_orng, 3729) [RDS-I][RU][RDS IMS/MMS][rds_cell_only_orng] 
03-03 14:47:59.656  1604  1873 I MFI-Conn:  (             rds_urc_hdl,  378) [RDS][IF][rds_urc_hdl] data_base update: pkterrt(0) 
03-03 14:47:59.656   263   614 I MAL-Daemon:  (          rds_ru_rpl_gen, 5329) [RDS-I][RU][rds_ru_rpl_gen][RDS][OP0] TYPE : <0>, RAN1 : <254> ,RAN2 : <254>
03-03 14:47:59.656  1604  1873 I MFI-Conn:  (             rds_urc_hdl,  263) [RDS][rds_urc_hdl] RCV Event: 615 
03-03 14:47:59.656   263   614 I MAL-Daemon:  (          rds_ru_rpl_gen, 5318) [RDS-I][RU][rds_ru_rpl_gen][RDS][OP0] TYPE : <1>, UI Policy : <3>, RDS Policy : <3>
03-03 14:47:59.656  1604  1873 I MFI-Conn:  (             rds_urc_hdl,  388) [RDS][IF][rds_urc_hdl] data_base update: i4wifirssi(-37) 
03-03 14:47:59.656   263   614 I MAL-Daemon:  (      rds_cell_only_orng, 3729) [RDS-I][RU][RDS IMS/MMS][rds_cell_only_orng] 
03-03 14:47:59.656   263   614 I MAL-Daemon:  (          rds_ru_rpl_gen, 5329) [RDS-I][RU][rds_ru_rpl_gen][RDS][OP0] TYPE : <1>, RAN1 : <254> ,RAN2 : <254>
03-03 14:47:59.656   263   614 I MAL-Daemon:  (          rds_ru_rpl_gen, 5318) [RDS-I][RU][rds_ru_rpl_gen][RDS][OP0] TYPE : <2>, UI Policy : <3>, RDS Policy : <3>
03-03 14:47:59.656   263   614 I MAL-Daemon:  (      rds_cell_only_orng, 3729) [RDS-I][RU][RDS IMS/MMS][rds_cell_only_orng] 
03-03 14:47:59.656   263   614 I MAL-Daemon:  (          rds_ru_rpl_gen, 5329) [RDS-I][RU][rds_ru_rpl_gen][RDS][OP0] TYPE : <2>, RAN1 : <254> ,RAN2 : <254>
03-03 14:47:59.656   263   614 I MAL-Daemon:  (          rds_ru_rpl_gen, 5318) [RDS-I][RU][rds_ru_rpl_gen][RDS][OP0] TYPE : <3>, UI Policy : <3>, RDS Policy : <3>
03-03 14:47:59.656   263   614 I MAL-Daemon:  (          rds_ru_rpl_gen, 5329) [RDS-I][RU][rds_ru_rpl_gen][RDS][OP0] TYPE : <3>, RAN1 : <255> ,RAN2 : <255>
03-03 14:47:59.656   263   614 I MAL-Daemon:  (          rds_ru_rpl_gen, 5318) [RDS-I][RU][rds_ru_rpl_gen][RDS][OP0] TYPE : <4>, UI Policy : <3>, RDS Policy : <3>
03-03 14:47:59.656   263   614 I MAL-Daemon:  (          rds_ru_rpl_gen, 5329) [RDS-I][RU][rds_ru_rpl_gen][RDS][OP0] TYPE : <4>, RAN1 : <255> ,RAN2 : <255>
03-03 14:47:59.656   263   614 I MAL-Daemon:  (          rds_ru_rpl_gen, 5318) [RDS-I][RU][rds_ru_rpl_gen][RDS][OP0] TYPE : <5>, UI Policy : <3>, RDS Policy : <3>
03-03 14:47:59.656   263   614 I MAL-Daemon:  (          rds_ru_rpl_gen, 5329) [RDS-I][RU][rds_ru_rpl_gen][RDS][OP0] TYPE : <5>, RAN1 : <255> ,RAN2 : <255>
03-03 14:47:59.656   263   614 I MAL-Daemon:  (          rds_ru_rpl_gen, 5329) [RDS-I][RU][rds_ru_rpl_gen][RDS][OP0] TYPE : <6>, RAN1 : <254> ,RAN2 : <254>
03-03 14:47:59.656   263   614 I MAL-Daemon:  (    rds_op_check_feature,  327) [RDS-I][RDS][OP][rds_op_check_feature] operator id(0) check feature<0>, curr_opmsk is <1>, sys_opmsk is <0x0001, 1>
03-03 14:47:59.657   263   614 I MAL-Daemon:  (  rds_ru_ims_vops_update, 5118) [RDS-I][RU][rds_ru_ims_vops_update][RDS IMS]Policy type: 0 IMS VOPS IE is Disabled, update IMS RPL from Ori:(254, 254) New:(254,254)
03-03 14:47:59.657   263   614 I MAL-Daemon:  (  rds_ru_ims_vops_update, 5118) [RDS-I][RU][rds_ru_ims_vops_update][RDS IMS]Policy type: 1 IMS VOPS IE is Disabled, update IMS RPL from Ori:(254, 254) New:(254,254)
03-03 14:47:59.657   263   614 I MAL-Daemon:  (  rds_ru_ims_vops_update, 5118) [RDS-I][RU][rds_ru_ims_vops_update][RDS IMS]Policy type: 2 IMS VOPS IE is Disabled, update IMS RPL from Ori:(254, 254) New:(254,254)
03-03 14:47:59.657   263   614 I MAL-Daemon:  (          rds_ru_rpl_gen, 5353) [RDS-I][RU][rds_ru_rpl_gen][RDS] Current policy: fgimsolte_en<1>, fgwfc_en<0>, erdspolicy<3>, 
03-03 14:47:59.657   263   614 I MAL-Daemon:  (          rds_ru_rpl_gen, 5356) [RDS-I][RU][rds_ru_rpl_gen][RDS] Threshold i4wifirssih<-75>, i4wifirssil<-85>, i4wifirssih_ho<-78>, i4wifirssil_ho<-88>, i4wifisnrh<10>, i4wifisnrl<6>
03-03 14:47:59.657   263   614 I MAL-Daemon:  (          rds_ru_rpl_gen, 5359) [RDS-I][RU][rds_ru_rpl_gen][RDS] Threshold i4ltersrph<-106>, i4ltersrpm<-111>, i4ltersrpl<-116>, i4ltersrqh<5>, i4ltersrqm<3>, i4ltersrql<1>
03-03 14:47:59.657   263   614 I MAL-Daemon:  (          rds_ru_rpl_gen, 5363) [RDS-I][RU][rds_ru_rpl_gen][RDS] Threshold i4utranrscph<-104>, i4utranrscpl<-110>, i4gsmrssih<-94>, i4gsmrssil<-102>
03-03 14:47:59.657   263   614 I MAL-Daemon:  (          rds_ru_rpl_gen, 5368) [RDS-I][RU][rds_ru_rpl_gen][RDS] current rds ru status: i4wifirssi<-37>, i4wifisnr<9999>, i4ltersrp<-106>, i4ltersrq<26>, i4utranrscp<-141>, i4gsmrssi<-141>, u4active_ran<1>
03-03 14:47:59.657   263   614 I MAL-Daemon:  (          rds_ru_rpl_gen, 5371) [RDS-I][RU][rds_ru_rpl_gen][RDS] current wifi backhaul : rtp_plr<0>, rtp_jitter<0>, ping_ind<0>
03-03 14:47:59.657   263   614 I MAL-Daemon:  (          rds_ru_rpl_gen, 5374) [RDS-I][RU][rds_ru_rpl_gen][RDS] Call stat : IR92<0>, IR94<0> 
03-03 14:47:59.657   263   614 I MAL-Daemon:  (          rds_ru_rpl_gen, 5380) [RDS-I][RU][RDS IMS/MMS][rds_ru_rpl_gen] Ori:(254,254)/(255,255) New:(254,254)/(255,255)
03-03 14:47:59.657   263   614 I MAL-Daemon:  (          rds_ru_rpl_gen, 5385) [RDS-I][RU][RDS IMS/MMS WIFI][rds_ru_rpl_gen] Ori:(254,254)/(255,255) New:(254,254)/(255,255)
03-03 14:47:59.657   263   614 I MAL-Daemon:  (          rds_ru_rpl_gen, 5390) [RDS-I][RU][RDS IMS/MMS CELL][rds_ru_rpl_gen] Ori:(254,254)/(255,255) New:(254,254)/(255,255)
03-03 14:47:59.657   263   614 I MAL-Daemon:  (          rds_ru_rpl_gen, 5394) [RDS-I][RU][RDS EMG][rds_ru_rpl_gen] Ori:(254,254) New:(254,254)
03-03 14:47:59.658 30663 30663 D PUSH.C.NotifyPushProvider: whiteList: []
03-03 14:47:59.658 30663 30663 D PUSH.C.NotifyPushProvider: insert: com.gionee.anti.stolen
03-03 14:47:59.700  1029  1040 E MFI-Conn:  (     mfia_task_bootstrap,  587) mfia_task_bootstrap(): retrying to connect to mal-mfi error 13!! ====
03-03 14:47:59.684  1040  1040 W viarild : type=1400 audit(0.0:5065): avc: denied { write } for name="mal-mfi" dev="tmpfs" ino=8797 scontext=u:r:statusd:s0 tcontext=u:object_r:mal_mfi_socket:s0 tclass=sock_file permissive=0
03-03 14:47:59.716 30663 30663 D PUSH.C.NotifyPushProvider: installed: [gn.com.android.update, com.gionee.telepath, com.gionee.gamehall, com.gionee.gcare, com.amigo.keyguard, gn.oversea.onlinewallpaper]
03-03 14:47:59.716 30663 30663 D PUSH.C.NotifyPushProvider: database: [gn.com.android.update, com.gionee.telepath, com.gionee.anti.stolen, com.gionee.gamehall, com.gionee.gcare, com.amigo.keyguard, gn.oversea.onlinewallpaper]
03-03 14:47:59.716 30663 30663 D PUSH.C.NotifyPushProvider: delete: com.gionee.anti.stolen
03-03 14:47:59.716 30663 30663 D SQLiteDatabase: endTransaction()
03-03 14:47:59.723  1018  1712 D ActivityManager: publishContentProviders: from caller=android.app.ApplicationThreadProxy@14ff066 (pid=30663)
03-03 14:47:59.725 30663 30663 V Chameleon: com.gionee.cloud.gpe:com.gionee.cloud.gpe.PushApplication Register Chameleon, restart = true
03-03 14:47:59.726 30663 30663 V Chameleon: context==null?:false
03-03 14:47:59.726 30663 30663 V SettingsInterface: invalidate [system]: current 1 != cached 0
03-03 14:47:59.727  1018  4311 D ActivityManager: getContentProviderImpl: from caller=android.app.ApplicationThreadProxy@b5aacf2 (pid=30663, userId=0) to get content provider settings cpr=ContentProviderRecord{9ff2abc u0 com.android.providers.settings/.SettingsProvider}
03-03 14:47:59.727  1018  4311 D ActivityManager: getContentProviderImpl: updateLruProcessLocked cpr.proc=ProcessRecord{5da5ec4 1018:system/1000}
03-03 14:47:59.728 30663 30663 D ActivityThread: holder:android.app.IActivityManager$ContentProviderHolder@720faef, holder.provider:android.content.ContentProviderProxy@959d9fc
03-03 14:47:59.728 30663 30663 D Chameleon: getDataFromSettings-->allDataStr == null
03-03 14:47:59.729 30663 30663 D Chameleon: init-->getDataFromSettings return false
03-03 14:47:59.729  1018  1216 D ActivityManager: getContentProviderImpl: from caller=android.app.ApplicationThreadProxy@b798f43 (pid=30663, userId=0) to get content provider com.amigo.chameleon.provider cpr=ContentProviderRecord{fbfbc72 u0 com.amigo.chameleon/.provider.ChameleonProvider}
03-03 14:47:59.729  1018  1216 D ActivityManager: getContentProviderImpl: updateLruProcessLocked cpr.proc=ProcessRecord{23a28c3 23163:com.amigo.chameleon/u0a0}
03-03 14:47:59.731 30663 30663 D ActivityThread: holder:android.app.IActivityManager$ContentProviderHolder@5016da, holder.provider:android.content.ContentProviderProxy@fac570b
03-03 14:47:59.735 30663 30663 D Chameleon: No data in the database
03-03 14:47:59.735 30663 30663 E PUSH.C.PushApplication: android.permission.READ_PHONE_STATE not requested!!!!
03-03 14:47:59.736 30663 30663 E PUSH.C.PushApplication: android.permission.WRITE_EXTERNAL_STORAGE not requested!!!!
03-03 14:47:59.736 30663 30663 E PUSH.C.PushApplication: android.permission.ACCESS_FINE_LOCATION not requested!!!!
03-03 14:47:59.737 30663 30663 E PUSH.C.PushApplication: android.permission.ACCESS_COARSE_LOCATION not requested!!!!
03-03 14:47:59.737 30663 30663 I Process : Sending signal. PID: 30663 SIG: 9
03-03 14:47:59.792  1018  1712 I ActivityManager: Process com.gionee.cloud.gpe (pid 30663) has died
03-03 14:47:59.792  1018  1052 D DisplayManagerService: Display listener for pid 30663 died.
03-03 14:47:59.793  1018  1712 D ActivityManager: SVC-handleAppDiedLocked: app = ProcessRecord{9aec76e 30663:com.gionee.cloud.gpe/u0a67}, app.pid = 30663
03-03 14:47:59.793  1018  1712 D ActivityManager: cleanUpApplicationRecord -- 30663
03-03 14:47:59.793  1018  1712 D ActivityManager: removeDyingProviderLocked: cpr=ContentProviderRecord{d3a99c0 u0 com.gionee.cloud.gpe/.provider.NotifyPushProvider} always=false inLaunching=false
03-03 14:47:59.793  1018  1712 D ActivityManager: SVC-mBroadcastQueues: com.android.server.am.BroadcastQueue@200e9c
03-03 14:47:59.793  1018  1712 D ActivityManager: SVC-mBroadcastQueues: com.android.server.am.BroadcastQueue@ac1f0a5
03-03 14:47:59.793  1018  1712 W ActivityManager: Re-adding persistent process ProcessRecord{9aec76e 30663:com.gionee.cloud.gpe/u0a67}
03-03 14:47:59.910 30677 30686 I System  : FinalizerDaemon: finalize objects = 1
03-03 14:47:59.915 30677 30677 D ActivityThread: installProvider: context.getPackageName()=com.gionee.cloud.gpe
03-03 14:47:59.927 30677 30677 D PUSH.C.NotifyPushProvider: Row: 2, notify_push_switch, 1, 0, 0
03-03 14:47:59.927 30677 30677 D PUSH.C.NotifyPushProvider: Row: 3, gn.com.android.update, 0, 0, 1
03-03 14:47:59.927 30677 30677 D PUSH.C.NotifyPushProvider: Row: 4, com.gionee.telepath, 0, 0, 1
03-03 14:47:59.927 30677 30677 D PUSH.C.NotifyPushProvider: Row: 5, com.gionee.gamehall, 0, 0, 1
03-03 14:47:59.927 30677 30677 D PUSH.C.NotifyPushProvider: Row: 6, com.gionee.gcare, 0, 0, 1
03-03 14:47:59.927 30677 30677 D PUSH.C.NotifyPushProvider: Row: 7, com.amigo.keyguard, 0, 0, 1
03-03 14:47:59.928 30677 30677 D PUSH.C.NotifyPushProvider: Row: 8, gn.oversea.onlinewallpaper, 0, 0, 1
03-03 14:47:59.928 30677 30677 D PUSH.C.NotifyPushProvider: removeRows: []
03-03 14:47:59.932 30677 30677 I PUSH.C.TRACE: [main(1)][SQLDatabase.updateTable]
03-03 14:47:59.933 30677 30677 D PUSH.C.SQLDatabase: Table: pushapp, Index: [pushapp_package]
03-03 14:47:59.934 30677 30677 D SQLiteDatabase: beginTransaction()
03-03 14:47:59.935 30677 30677 D PUSH.C.NotifyPushProvider: whiteList: []
03-03 14:47:59.935 30677 30677 D PUSH.C.NotifyPushProvider: insert: com.gionee.anti.stolen
03-03 14:47:59.992 30677 30677 D PUSH.C.NotifyPushProvider: installed: [gn.com.android.update, com.gionee.telepath, com.gionee.gamehall, com.gionee.gcare, com.amigo.keyguard, gn.oversea.onlinewallpaper]
03-03 14:47:59.992 30677 30677 D PUSH.C.NotifyPushProvider: database: [gn.com.android.update, com.gionee.telepath, com.gionee.anti.stolen, com.gionee.gamehall, com.gionee.gcare, com.amigo.keyguard, gn.oversea.onlinewallpaper]
03-03 14:47:59.992 30677 30677 D PUSH.C.NotifyPushProvider: delete: com.gionee.anti.stolen
03-03 14:47:59.993 30677 30677 D SQLiteDatabase: endTransaction()
03-03 14:48:00.000  1018  4311 D ActivityManager: publishContentProviders: from caller=android.app.ApplicationThreadProxy@74c26f9 (pid=30677)
03-03 14:48:00.000  1018  1085 V AlarmManager: Checking for alarms... rtc=1488532680000, elapsed=4787298
03-03 14:48:00.000  1018  1085 V AlarmManager: openLteGateSuccess = false
03-03 14:48:00.000  1018  1085 V AlarmManager: sending alarm Alarm{ce2a63e type 3 when 4787298 android}
03-03 14:48:00.000  1018  1085 V ActivityManager: Broadcast: Intent { act=android.intent.action.TIME_TICK flg=0x50000114 (has extras) } ordered=true userid=-1 callerApp=null
03-03 14:48:00.001  1018  1085 V AmigoAlarmAlign: been wakeup, alignCheck type=3 count=1 when=4787298 pkg=android
03-03 14:48:00.001  1018  1085 V AlarmManager: sending alarm Alarm{ce2a63e type 3 when 4787298 android} success
03-03 14:48:00.001  1018  1085 D PowerManagerService: acquireWakeLockInternal: lock=190844298, flags=0x40000001, tag="*alarm*", ws=WorkSource{1000}, uid=1000, pid=1018
03-03 14:48:00.001  1018  1085 D PowerManagerService: updateUserActivitySummaryLocked: mWakefulness=Asleep, mUserActivitySummary=0x0, nextTimeout=0 (4787299 ms ago)
03-03 14:48:00.001  1018  1085 D DisplayPowerController: requestPowerState: policy=OFF, useProximitySensor=false, screenBrightness=230, screenAutoBrightnessAdjustment=0.0, brightnessSetByUser=true, useAutoBrightness=false, blockScreenOn=false, lowPowerMode=false, boostScreenBrightness=false, dozeScreenBrightness=-1, dozeScreenState=UNKNOWN, waitForNegativeProximity=false
03-03 14:48:00.001  1018  1085 D PowerManagerService: updateDisplayPowerStateLocked: mDisplayReady=true, policy=0, mWakefulness=0, mWakeLockSummary=0x1, mUserActivitySummary=0x0, mBootCompleted=true, mScreenBrightnessBoostInProgress=false
03-03 14:48:00.002  1147  1147 D ActivityThread: BDC-Calling finishReceiver: IIntentReceiver=1616220
03-03 14:48:00.002  1018  1085 D PowerManagerService: Acquiring suspend blocker "PowerManagerService.WakeLocks".
03-03 14:48:00.002  1018  1085 D PowerManagerNotifier: onWakeLockAcquired: flags=1073741825, tag="*alarm*", packageName=android, ownerUid=1000, ownerPid=1018, workSource=WorkSource{1000}
03-03 14:48:00.003  1147  1147 D SettingsInterface:  from settings cache , name = time_12_24 , value = 24
03-03 14:48:00.003  1147  1147 I Clock   : updateClock.
03-03 14:48:00.003  1147  1147 D ActivityThread: BDC-Calling finishReceiver: IIntentReceiver=71cb7d9
03-03 14:48:00.004  1147  1147 D ActivityThread: BDC-Calling finishReceiver: IIntentReceiver=214959e
03-03 14:48:00.004  1018  1018 V AlarmManager: Received TIME_TICK alarm; rescheduling
03-03 14:48:00.005  1018  1018 V AlarmManager: mSupportAlarmGrouping = true  mAmPlus = com.mediatek.amplus.AlarmManagerPlus@6339057
03-03 14:48:00.005  1018  1018 V AlarmManager: APP set(PendingIntent{b54ff6f: PendingIntentRecord{7dec47c android broadcastIntent}}) : type=3 triggerAtTime=4847297 win=0 tElapsed=4847297 maxElapsed=4847297 interval=0 flags=0x1
03-03 14:48:00.005  1018  1018 D SettingsInterface:  from settings cache , name = align_wake , value = null
03-03 14:48:00.005  1018  1018 V AmigoAlarmAlign: repeat alrm calc  when, type=3 count=0 when=4847297 pkg=android
03-03 14:48:00.005  1018  1018 D ActivityThread: BDC-Calling finishReceiver: IIntentReceiver=228c350
03-03 14:48:00.007 30677 30677 V Chameleon: com.gionee.cloud.gpe:com.gionee.cloud.gpe.PushApplication Register Chameleon, restart = true
03-03 14:48:00.007  1147  1147 D KeyguardUpdateMonitor: received broadcast android.intent.action.TIME_TICK
03-03 14:48:00.007  1147  1147 D ActivityThread: BDC-Calling finishReceiver: IIntentReceiver=e8e087f
03-03 14:48:00.007  1147  1147 D KeyguardUpdateMonitor: handleTimeUpdate
03-03 14:48:00.008  1147  1147 D ActivityThread: BDC-Calling finishReceiver: IIntentReceiver=a4a804c
03-03 14:48:00.008  1147  1147 D SettingsInterface:  from settings cache , name = time_12_24 , value = 24
03-03 14:48:00.008  1147  1147 D NaviKeyguard --> : SkylightView -->  --> is24HourFormat-----true,hash=193661902,date Fri Mar 03 14:48:00 GMT+05:30 2017
03-03 14:48:00.010  1147  1147 D ActivityThread: BDC-Calling finishReceiver: IIntentReceiver=b97f895
03-03 14:48:00.011  1147  1147 D NaviKeyguard --> : BatteryStatus -->  --> getBatteryInfo(): Charged
03-03 14:48:00.011  1147  1147 D NaviKeyguard --> : NaviKg_KeyguardPage -->  --> updateBatteryInfo() text=Charged, color=-1
03-03 14:48:00.012 30677 30677 V Chameleon: context==null?:false
03-03 14:48:00.012 30677 30677 V SettingsInterface: invalidate [system]: current 1 != cached 0
03-03 14:48:00.013  1018  1904 D ActivityManager: getContentProviderImpl: from caller=android.app.ApplicationThreadProxy@b5ee84a (pid=30677, userId=0) to get content provider settings cpr=ContentProviderRecord{9ff2abc u0 com.android.providers.settings/.SettingsProvider}
03-03 14:48:00.013  1018  1904 D ActivityManager: getContentProviderImpl: updateLruProcessLocked cpr.proc=ProcessRecord{5da5ec4 1018:system/1000}
03-03 14:48:00.014 30677 30677 D ActivityThread: holder:android.app.IActivityManager$ContentProviderHolder@720faef, holder.provider:android.content.ContentProviderProxy@959d9fc
03-03 14:48:00.015 30677 30677 D Chameleon: getDataFromSettings-->allDataStr == null
03-03 14:48:00.015 30677 30677 D Chameleon: init-->getDataFromSettings return false
03-03 14:48:00.015  1018  4311 D ActivityManager: getContentProviderImpl: from caller=android.app.ApplicationThreadProxy@56ba3bb (pid=30677, userId=0) to get content provider com.amigo.chameleon.provider cpr=ContentProviderRecord{fbfbc72 u0 com.amigo.chameleon/.provider.ChameleonProvider}
03-03 14:48:00.015  1018  4311 D ActivityManager: getContentProviderImpl: updateLruProcessLocked cpr.proc=ProcessRecord{23a28c3 23163:com.amigo.chameleon/u0a0}
03-03 14:48:00.017 30677 30677 D ActivityThread: holder:android.app.IActivityManager$ContentProviderHolder@5016da, holder.provider:android.content.ContentProviderProxy@fac570b
03-03 14:48:00.020 30677 30677 D Chameleon: No data in the database
03-03 14:48:00.021 30677 30677 E PUSH.C.PushApplication: android.permission.READ_PHONE_STATE not requested!!!!
03-03 14:48:00.021 30677 30677 E PUSH.C.PushApplication: android.permission.WRITE_EXTERNAL_STORAGE not requested!!!!
03-03 14:48:00.022 30677 30677 E PUSH.C.PushApplication: android.permission.ACCESS_FINE_LOCATION not requested!!!!
03-03 14:48:00.022 30677 30677 E PUSH.C.PushApplication: android.permission.ACCESS_COARSE_LOCATION not requested!!!!
03-03 14:48:00.022 30677 30677 I Process : Sending signal. PID: 30677 SIG: 9
03-03 14:48:00.029  1147  1147 D ActivityThread: BDC-Calling finishReceiver: IIntentReceiver=5b06daa
03-03 14:48:00.029  1147  1147 D SettingsInterface:  from settings cache , name = time_12_24 , value = 24
03-03 14:48:00.031  1147  1147 D crtestDDD: --->setDateFormatUS, dateStr = Mar.3
03-03 14:48:00.034  1147  1147 D ActivityThread: BDC-Calling finishReceiver: IIntentReceiver=904ad9b
03-03 14:48:00.051  1147  1147 D ActivityThread: BDC-Calling finishReceiver: IIntentReceiver=4c55538
03-03 14:48:00.063  1018  1048 D DisplayManagerService: Display listener for pid 30677 died.
03-03 14:48:00.063  1018  1216 I ActivityManager: Process com.gionee.cloud.gpe (pid 30677) has died
03-03 14:48:00.063  1018  1216 D ActivityManager: SVC-handleAppDiedLocked: app = ProcessRecord{9aec76e 30677:com.gionee.cloud.gpe/u0a67}, app.pid = 30677
03-03 14:48:00.063  1018  1216 D ActivityManager: cleanUpApplicationRecord -- 30677
03-03 14:48:00.063  1018  1216 D ActivityManager: removeDyingProviderLocked: cpr=ContentProviderRecord{859e0d8 u0 com.gionee.cloud.gpe/.provider.NotifyPushProvider} always=false inLaunching=false
03-03 14:48:00.063  1018  1216 D ActivityManager: SVC-mBroadcastQueues: com.android.server.am.BroadcastQueue@200e9c
03-03 14:48:00.063  1018  1216 D ActivityManager: SVC-mBroadcastQueues: com.android.server.am.BroadcastQueue@ac1f0a5
03-03 14:48:00.064  1018  1216 W ActivityManager: Re-adding persistent process ProcessRecord{9aec76e 30677:com.gionee.cloud.gpe/u0a67}
03-03 14:48:00.068  1147  1147 D ActivityThread: BDC-Calling finishReceiver: IIntentReceiver=94c8911
03-03 14:48:00.079  2025  2025 D ActivityThread: BDC-Calling finishReceiver: IIntentReceiver=55c6053
03-03 14:48:00.081  1619  1619 I ClockBubbleTextView: notify refresh view
03-03 14:48:00.081  1619  1619 D SettingsInterface:  from settings cache , name = time_12_24 , value = 24
03-03 14:48:00.081  1018  6022 D BatteryService: mBatteryVoltage=4344, batteryLevel=50
03-03 14:48:00.082  1619  1619 I Launcher: ClockBubbleTextView,mCurrHH=14 mCurrMM=48 mOldHH=14 mOldMM=47
03-03 14:48:00.082  1619  1619 D ActivityThread: BDC-Calling finishReceiver: IIntentReceiver=f27600d
03-03 14:48:00.082  1018  1018 V ActivityManager: Broadcast sticky: Intent { act=android.intent.action.BATTERY_CHANGED flg=0x60000010 (has extras) } ordered=false userid=-1 callerApp=null
03-03 14:48:00.083  1018  1066 D PowerManagerService: updateIsPoweredLocked: wasPowered=true, mIsPowered=true, oldPlugType=2, mPlugType=2, mBatteryLevel=100
03-03 14:48:00.084  1147  1147 D KeyguardUpdateMonitor: received broadcast android.intent.action.BATTERY_CHANGED
03-03 14:48:00.085  1018  1018 D WifiService: onReceive, action:android.intent.action.BATTERY_CHANGED
03-03 14:48:00.085  1018  1098 D WifiController: DeviceActiveState{ when=0 what=155652 arg1=2 target=com.android.internal.util.StateMachine$SmHandler }
03-03 14:48:00.085  1018  1098 D WifiController: StaEnabledState{ when=0 what=155652 arg1=2 target=com.android.internal.util.StateMachine$SmHandler }
03-03 14:48:00.085  1018  1098 D WifiController: DefaultState{ when=0 what=155652 arg1=2 target=com.android.internal.util.StateMachine$SmHandler }
03-03 14:48:00.085  1018  1098 D WifiController: battery changed pluggedType: 2
03-03 14:48:00.085  1018  1098 D WifiController: wifiSleepPolicy:2
03-03 14:48:00.085  1018  1098 D WifiController: wifiSleepPolicy:2
03-03 14:48:00.089  1619  1619 I CalendarBubbleTextView: notify refresh view
03-03 14:48:00.090  1147  1147 D BatteryController: onReceive ACTION_BATTERY_CHANGED, mLevel is 100, mPluggedIn is true, status is 5
03-03 14:48:00.090  1619  1619 D ActivityThread: BDC-Calling finishReceiver: IIntentReceiver=a160bc2
03-03 14:48:00.090  1147  1147 V resetAmigoFont: Field = private boolean android.graphics.Paint.mIsAmigoFontbefore Accessible? false
03-03 14:48:00.090  1147  1147 V resetAmigoFont: Field = private boolean android.graphics.Paint.mIsAmigoFontafter Accessible? true
03-03 14:48:00.090  1147  1147 D KeyguardUpdateMonitor: handleBatteryUpdate
03-03 14:48:00.091  1018  1896 D AmigoServerManagerService: getNodeState NodeType23
03-03 14:48:00.091  1018  1018 D AlarmManager: onSendFinished begin
03-03 14:48:00.091  1018  1018 D PowerManagerService: releaseWakeLockInternal: lock=190844298 [*alarm*], flags=0x0, total_time=90ms
03-03 14:48:00.092  1018  1018 D PowerManagerNotifier: onWakeLockReleased: flags=1073741825, tag="*alarm*", packageName=android, ownerUid=1000, ownerPid=1018, workSource=WorkSource{1000}
03-03 14:48:00.092  1018  1018 D PowerManagerService: updateUserActivitySummaryLocked: mWakefulness=Asleep, mUserActivitySummary=0x0, nextTimeout=0 (4787389 ms ago)
03-03 14:48:00.092  1018  1018 D DisplayPowerController: requestPowerState: policy=OFF, useProximitySensor=false, screenBrightness=230, screenAutoBrightnessAdjustment=0.0, brightnessSetByUser=true, useAutoBrightness=false, blockScreenOn=false, lowPowerMode=false, boostScreenBrightness=false, dozeScreenBrightness=-1, dozeScreenState=UNKNOWN, waitForNegativeProximity=false
03-03 14:48:00.092  1018  1018 D PowerManagerService: updateDisplayPowerStateLocked: mDisplayReady=true, policy=0, mWakefulness=0, mWakeLockSummary=0x0, mUserActivitySummary=0x0, mBootCompleted=true, mScreenBrightnessBoostInProgress=false
03-03 14:48:00.092  1018  1018 D PowerManagerService: Releasing suspend blocker "PowerManagerService.WakeLocks".
03-03 14:48:00.094  1147  1147 D NaviKeyguard --> : AmigoKeyguardUtils -->  --> chargerVoltage: 4636
03-03 14:48:00.094  1147  1147 D crtestSSS: ->handleBatteryUpdate, getChargerVoltage: 4636
03-03 14:48:00.094  1018  1712 D AmigoServerManagerService: getNodeState NodeType23
03-03 14:48:00.095  1147  1147 D NaviKeyguard --> : AmigoKeyguardUtils -->  --> chargerVoltage: 4636
03-03 14:48:00.095  1147  1147 D crtestSSS: ->handleBatteryUpdate, isFastCharger: false
03-03 14:48:00.096  1018  1216 D AmigoServerManagerService: getNodeState NodeType23
03-03 14:48:00.096  1147  1147 D NaviKeyguard --> : AmigoKeyguardUtils -->  --> chargerVoltage: 4636
03-03 14:48:00.096  1147  1147 D KeyguardUpdateMonitor: handleBatteryUpdate batteryUpdateInterestingfalse
03-03 14:48:00.210 30696 30703 I System  : FinalizerDaemon: finalize objects = 1
03-03 14:48:00.215 30696 30696 D ActivityThread: installProvider: context.getPackageName()=com.gionee.cloud.gpe
03-03 14:48:00.227 30696 30696 D PUSH.C.NotifyPushProvider: Row: 2, notify_push_switch, 1, 0, 0
03-03 14:48:00.227 30696 30696 D PUSH.C.NotifyPushProvider: Row: 3, gn.com.android.update, 0, 0, 1
03-03 14:48:00.227 30696 30696 D PUSH.C.NotifyPushProvider: Row: 4, com.gionee.telepath, 0, 0, 1
03-03 14:48:00.227 30696 30696 D PUSH.C.NotifyPushProvider: Row: 5, com.gionee.gamehall, 0, 0, 1
03-03 14:48:00.227 30696 30696 D PUSH.C.NotifyPushProvider: Row: 6, com.gionee.gcare, 0, 0, 1
03-03 14:48:00.227 30696 30696 D PUSH.C.NotifyPushProvider: Row: 7, com.amigo.keyguard, 0, 0, 1
03-03 14:48:00.227 30696 30696 D PUSH.C.NotifyPushProvider: Row: 8, gn.oversea.onlinewallpaper, 0, 0, 1
03-03 14:48:00.227 30696 30696 D PUSH.C.NotifyPushProvider: removeRows: []
03-03 14:48:00.231 30696 30696 I PUSH.C.TRACE: [main(1)][SQLDatabase.updateTable]
03-03 14:48:00.233 30696 30696 D PUSH.C.SQLDatabase: Table: pushapp, Index: [pushapp_package]
03-03 14:48:00.234 30696 30696 D SQLiteDatabase: beginTransaction()
03-03 14:48:00.235 30696 30696 D PUSH.C.NotifyPushProvider: whiteList: []
03-03 14:48:00.235 30696 30696 D PUSH.C.NotifyPushProvider: insert: com.gionee.anti.stolen
03-03 14:48:00.293 30696 30696 D PUSH.C.NotifyPushProvider: installed: [gn.com.android.update, com.gionee.telepath, com.gionee.gamehall, com.gionee.gcare, com.amigo.keyguard, gn.oversea.onlinewallpaper]
03-03 14:48:00.294 30696 30696 D PUSH.C.NotifyPushProvider: database: [gn.com.android.update, com.gionee.telepath, com.gionee.anti.stolen, com.gionee.gamehall, com.gionee.gcare, com.amigo.keyguard, gn.oversea.onlinewallpaper]
03-03 14:48:00.294 30696 30696 D PUSH.C.NotifyPushProvider: delete: com.gionee.anti.stolen
03-03 14:48:00.294 30696 30696 D SQLiteDatabase: endTransaction()
03-03 14:48:00.301  1018  1904 D ActivityManager: publishContentProviders: from caller=android.app.ApplicationThreadProxy@fd6bc31 (pid=30696)
03-03 14:48:00.303 30696 30696 V Chameleon: com.gionee.cloud.gpe:com.gionee.cloud.gpe.PushApplication Register Chameleon, restart = true
03-03 14:48:00.304 30696 30696 V Chameleon: context==null?:false
03-03 14:48:00.304 30696 30696 V SettingsInterface: invalidate [system]: current 1 != cached 0
03-03 14:48:00.305  1018  4311 D ActivityManager: getContentProviderImpl: from caller=android.app.ApplicationThreadProxy@229ea6d (pid=30696, userId=0) to get content provider settings cpr=ContentProviderRecord{9ff2abc u0 com.android.providers.settings/.SettingsProvider}
03-03 14:48:00.305  1018  4311 D ActivityManager: getContentProviderImpl: updateLruProcessLocked cpr.proc=ProcessRecord{5da5ec4 1018:system/1000}
03-03 14:48:00.305 30696 30696 D ActivityThread: holder:android.app.IActivityManager$ContentProviderHolder@720faef, holder.provider:android.content.ContentProviderProxy@959d9fc
03-03 14:48:00.306 30696 30696 D Chameleon: getDataFromSettings-->allDataStr == null
03-03 14:48:00.306 30696 30696 D Chameleon: init-->getDataFromSettings return false
03-03 14:48:00.307  1018  1216 D ActivityManager: getContentProviderImpl: from caller=android.app.ApplicationThreadProxy@e9436a2 (pid=30696, userId=0) to get content provider com.amigo.chameleon.provider cpr=ContentProviderRecord{fbfbc72 u0 com.amigo.chameleon/.provider.ChameleonProvider}
03-03 14:48:00.307  1018  1216 D ActivityManager: getContentProviderImpl: updateLruProcessLocked cpr.proc=ProcessRecord{23a28c3 23163:com.amigo.chameleon/u0a0}
03-03 14:48:00.308 30696 30696 D ActivityThread: holder:android.app.IActivityManager$ContentProviderHolder@5016da, holder.provider:android.content.ContentProviderProxy@fac570b
03-03 14:48:00.312 30696 30696 D Chameleon: No data in the database
03-03 14:48:00.313 30696 30696 E PUSH.C.PushApplication: android.permission.READ_PHONE_STATE not requested!!!!
03-03 14:48:00.313 30696 30696 E PUSH.C.PushApplication: android.permission.WRITE_EXTERNAL_STORAGE not requested!!!!
03-03 14:48:00.313 30696 30696 E PUSH.C.PushApplication: android.permission.ACCESS_FINE_LOCATION not requested!!!!
03-03 14:48:00.314 30696 30696 E PUSH.C.PushApplication: android.permission.ACCESS_COARSE_LOCATION not requested!!!!
03-03 14:48:00.314 30696 30696 I Process : Sending signal. PID: 30696 SIG: 9
03-03 14:48:00.372  1018  1048 D DisplayManagerService: Display listener for pid 30696 died.
03-03 14:48:00.373  1018  1896 I ActivityManager: Process com.gionee.cloud.gpe (pid 30696) has died
03-03 14:48:00.373  1018  1896 D ActivityManager: SVC-handleAppDiedLocked: app = ProcessRecord{9aec76e 30696:com.gionee.cloud.gpe/u0a67}, app.pid = 30696
03-03 14:48:00.373  1018  1896 D ActivityManager: cleanUpApplicationRecord -- 30696
03-03 14:48:00.373  1018  1896 D ActivityManager: removeDyingProviderLocked: cpr=ContentProviderRecord{10ccf33 u0 com.gionee.cloud.gpe/.provider.NotifyPushProvider} always=false inLaunching=false
03-03 14:48:00.373  1018  1896 D ActivityManager: SVC-mBroadcastQueues: com.android.server.am.BroadcastQueue@200e9c
03-03 14:48:00.373  1018  1896 D ActivityManager: SVC-mBroadcastQueues: com.android.server.am.BroadcastQueue@ac1f0a5
03-03 14:48:00.373  1018  1896 W ActivityManager: Re-adding persistent process ProcessRecord{9aec76e 30696:com.gionee.cloud.gpe/u0a67}
03-03 14:48:00.446  2474  2479 I PerfService: PerfServiceNative_getPackName
03-03 14:48:00.446  1018  1216 I libPerfService: perfGetLastBoostPid 6115
03-03 14:48:00.447  1018  1216 D PerfServiceManager: [PerfService] getLastBoostPid 6115 
03-03 14:48:00.447  1018  1216 I libPerfService: perfGetLastBoostPid 6115
03-03 14:48:00.490 30712 30719 I System  : FinalizerDaemon: finalize objects = 1
03-03 14:48:00.496 30712 30712 D ActivityThread: installProvider: context.getPackageName()=com.gionee.cloud.gpe
03-03 14:48:00.508 30712 30712 D PUSH.C.NotifyPushProvider: Row: 2, notify_push_switch, 1, 0, 0
03-03 14:48:00.508 30712 30712 D PUSH.C.NotifyPushProvider: Row: 3, gn.com.android.update, 0, 0, 1
03-03 14:48:00.508 30712 30712 D PUSH.C.NotifyPushProvider: Row: 4, com.gionee.telepath, 0, 0, 1
03-03 14:48:00.508 30712 30712 D PUSH.C.NotifyPushProvider: Row: 5, com.gionee.gamehall, 0, 0, 1
03-03 14:48:00.508 30712 30712 D PUSH.C.NotifyPushProvider: Row: 6, com.gionee.gcare, 0, 0, 1
03-03 14:48:00.509 30712 30712 D PUSH.C.NotifyPushProvider: Row: 7, com.amigo.keyguard, 0, 0, 1
03-03 14:48:00.509 30712 30712 D PUSH.C.NotifyPushProvider: Row: 8, gn.oversea.onlinewallpaper, 0, 0, 1
03-03 14:48:00.509 30712 30712 D PUSH.C.NotifyPushProvider: removeRows: []
03-03 14:48:00.512 30712 30712 I PUSH.C.TRACE: [main(1)][SQLDatabase.updateTable]
03-03 14:48:00.514 30712 30712 D PUSH.C.SQLDatabase: Table: pushapp, Index: [pushapp_package]
03-03 14:48:00.514 30712 30712 D SQLiteDatabase: beginTransaction()
03-03 14:48:00.516 30712 30712 D PUSH.C.NotifyPushProvider: whiteList: []
03-03 14:48:00.516 30712 30712 D PUSH.C.NotifyPushProvider: insert: com.gionee.anti.stolen
03-03 14:48:00.573 30712 30712 D PUSH.C.NotifyPushProvider: installed: [gn.com.android.update, com.gionee.telepath, com.gionee.gamehall, com.gionee.gcare, com.amigo.keyguard, gn.oversea.onlinewallpaper]
03-03 14:48:00.573 30712 30712 D PUSH.C.NotifyPushProvider: database: [gn.com.android.update, com.gionee.telepath, com.gionee.anti.stolen, com.gionee.gamehall, com.gionee.gcare, com.amigo.keyguard, gn.oversea.onlinewallpaper]
03-03 14:48:00.573 30712 30712 D PUSH.C.NotifyPushProvider: delete: com.gionee.anti.stolen
03-03 14:48:00.574 30712 30712 D SQLiteDatabase: endTransaction()
03-03 14:48:00.581  1018  1712 D ActivityManager: publishContentProviders: from caller=android.app.ApplicationThreadProxy@e07f2f0 (pid=30712)
03-03 14:48:00.582 30712 30712 V Chameleon: com.gionee.cloud.gpe:com.gionee.cloud.gpe.PushApplication Register Chameleon, restart = true
03-03 14:48:00.583 30712 30712 V Chameleon: context==null?:false
03-03 14:48:00.584 30712 30712 V SettingsInterface: invalidate [system]: current 1 != cached 0
03-03 14:48:00.584  1018  1052 D ActivityManager: getContentProviderImpl: from caller=android.app.ApplicationThreadProxy@8114e1c (pid=30712, userId=0) to get content provider settings cpr=ContentProviderRecord{9ff2abc u0 com.android.providers.settings/.SettingsProvider}
03-03 14:48:00.585  1018  1052 D ActivityManager: getContentProviderImpl: updateLruProcessLocked cpr.proc=ProcessRecord{5da5ec4 1018:system/1000}
03-03 14:48:00.585 30712 30712 D ActivityThread: holder:android.app.IActivityManager$ContentProviderHolder@720faef, holder.provider:android.content.ContentProviderProxy@959d9fc
03-03 14:48:00.586 30712 30712 D Chameleon: getDataFromSettings-->allDataStr == null
03-03 14:48:00.586 30712 30712 D Chameleon: init-->getDataFromSettings return false
03-03 14:48:00.586  1018  1216 D ActivityManager: getContentProviderImpl: from caller=android.app.ApplicationThreadProxy@ad2fa25 (pid=30712, userId=0) to get content provider com.amigo.chameleon.provider cpr=ContentProviderRecord{fbfbc72 u0 com.amigo.chameleon/.provider.ChameleonProvider}
03-03 14:48:00.587  1018  1216 D ActivityManager: getContentProviderImpl: updateLruProcessLocked cpr.proc=ProcessRecord{23a28c3 23163:com.amigo.chameleon/u0a0}
03-03 14:48:00.588 30712 30712 D ActivityThread: holder:android.app.IActivityManager$ContentProviderHolder@5016da, holder.provider:android.content.ContentProviderProxy@fac570b
03-03 14:48:00.592 30712 30712 D Chameleon: No data in the database
03-03 14:48:00.592 30712 30712 E PUSH.C.PushApplication: android.permission.READ_PHONE_STATE not requested!!!!
03-03 14:48:00.593 30712 30712 E PUSH.C.PushApplication: android.permission.WRITE_EXTERNAL_STORAGE not requested!!!!
03-03 14:48:00.593 30712 30712 E PUSH.C.PushApplication: android.permission.ACCESS_FINE_LOCATION not requested!!!!
03-03 14:48:00.594 30712 30712 E PUSH.C.PushApplication: android.permission.ACCESS_COARSE_LOCATION not requested!!!!
03-03 14:48:00.594 30712 30712 I Process : Sending signal. PID: 30712 SIG: 9
03-03 14:48:00.652  1018  1711 D DisplayManagerService: Display listener for pid 30712 died.
03-03 14:48:00.653  1018  1904 I ActivityManager: Process com.gionee.cloud.gpe (pid 30712) has died
