--------- beginning of system
03-03 14:47:47.482  1018  6022 D DisplayManagerService: Display listener for pid 29937 died.
03-03 14:47:47.482  1018  1893 I ActivityManager: Process com.gionee.cloud.gpe (pid 29937) has died
03-03 14:47:47.483  1018  1893 D ActivityManager: SVC-handleAppDiedLocked: app = ProcessRecord{9aec76e 29937:com.gionee.cloud.gpe/u0a67}, app.pid = 29937
03-03 14:47:47.483  1018  1893 D ActivityManager: cleanUpApplicationRecord -- 29937
03-03 14:47:47.483  1018  1893 D ActivityManager: removeDyingProviderLocked: cpr=ContentProviderRecord{d414332 u0 com.gionee.cloud.gpe/.provider.NotifyPushProvider} always=false inLaunching=false
03-03 14:47:47.483  1018  1893 D ActivityManager: SVC-mBroadcastQueues: com.android.server.am.BroadcastQueue@200e9c
03-03 14:47:47.483  1018  1893 D ActivityManager: SVC-mBroadcastQueues: com.android.server.am.BroadcastQueue@ac1f0a5
03-03 14:47:47.483  1018  1893 W ActivityManager: Re-adding persistent process ProcessRecord{9aec76e 29937:com.gionee.cloud.gpe/u0a67}
03-03 14:47:47.598 29957 29957 D ActivityThread: installProvider: context.getPackageName()=com.gionee.cloud.gpe
03-03 14:47:47.685  1018  1217 D ActivityManager: publishContentProviders: from caller=android.app.ApplicationThreadProxy@1ef0883 (pid=29957)
03-03 14:47:47.688  1018  4311 D ActivityManager: getContentProviderImpl: from caller=android.app.ApplicationThreadProxy@98fa9df (pid=29957, userId=0) to get content provider settings cpr=ContentProviderRecord{9ff2abc u0 com.android.providers.settings/.SettingsProvider}
03-03 14:47:47.688  1018  4311 D ActivityManager: getContentProviderImpl: updateLruProcessLocked cpr.proc=ProcessRecord{5da5ec4 1018:system/1000}
03-03 14:47:47.689 29957 29957 D ActivityThread: holder:android.app.IActivityManager$ContentProviderHolder@720faef, holder.provider:android.content.ContentProviderProxy@959d9fc
03-03 14:47:47.691  1018  1893 D ActivityManager: getContentProviderImpl: from caller=android.app.ApplicationThreadProxy@967762c (pid=29957, userId=0) to get content provider com.amigo.chameleon.provider cpr=ContentProviderRecord{fbfbc72 u0 com.amigo.chameleon/.provider.ChameleonProvider}
03-03 14:47:47.692  1018  1893 D ActivityManager: getContentProviderImpl: updateLruProcessLocked cpr.proc=ProcessRecord{23a28c3 23163:com.amigo.chameleon/u0a0}
03-03 14:47:47.698 29957 29957 D ActivityThread: holder:android.app.IActivityManager$ContentProviderHolder@5016da, holder.provider:android.content.ContentProviderProxy@fac570b
03-03 14:47:47.743  1018  1896 I ActivityManager: Process com.gionee.cloud.gpe (pid 29957) has died
03-03 14:47:47.743  1018  1896 D ActivityManager: SVC-handleAppDiedLocked: app = ProcessRecord{9aec76e 29957:com.gionee.cloud.gpe/u0a67}, app.pid = 29957
03-03 14:47:47.743  1018  1896 D ActivityManager: cleanUpApplicationRecord -- 29957
03-03 14:47:47.743  1018  1896 D ActivityManager: removeDyingProviderLocked: cpr=ContentProviderRecord{916e8f5 u0 com.gionee.cloud.gpe/.provider.NotifyPushProvider} always=false inLaunching=false
03-03 14:47:47.743  1018  1896 D ActivityManager: SVC-mBroadcastQueues: com.android.server.am.BroadcastQueue@200e9c
03-03 14:47:47.743  1018  1896 D ActivityManager: SVC-mBroadcastQueues: com.android.server.am.BroadcastQueue@ac1f0a5
03-03 14:47:47.744  1018  1894 D DisplayManagerService: Display listener for pid 29957 died.
03-03 14:47:47.745  1018  1896 W ActivityManager: Re-adding persistent process ProcessRecord{9aec76e 29957:com.gionee.cloud.gpe/u0a67}
03-03 14:47:47.861 29969 29969 D ActivityThread: installProvider: context.getPackageName()=com.gionee.cloud.gpe
03-03 14:47:47.979  1018  1895 D ActivityManager: publishContentProviders: from caller=android.app.ApplicationThreadProxy@c3a068a (pid=29969)
03-03 14:47:47.984  1018  1049 D ActivityManager: getContentProviderImpl: from caller=android.app.ApplicationThreadProxy@2ba0156 (pid=29969, userId=0) to get content provider settings cpr=ContentProviderRecord{9ff2abc u0 com.android.providers.settings/.SettingsProvider}
03-03 14:47:47.985  1018  1049 D ActivityManager: getContentProviderImpl: updateLruProcessLocked cpr.proc=ProcessRecord{5da5ec4 1018:system/1000}
03-03 14:47:47.986 29969 29969 D ActivityThread: holder:android.app.IActivityManager$ContentProviderHolder@720faef, holder.provider:android.content.ContentProviderProxy@959d9fc
03-03 14:47:47.988  1018  1896 D ActivityManager: getContentProviderImpl: from caller=android.app.ApplicationThreadProxy@41ef5d7 (pid=29969, userId=0) to get content provider com.amigo.chameleon.provider cpr=ContentProviderRecord{fbfbc72 u0 com.amigo.chameleon/.provider.ChameleonProvider}
03-03 14:47:47.988  1018  1896 D ActivityManager: getContentProviderImpl: updateLruProcessLocked cpr.proc=ProcessRecord{23a28c3 23163:com.amigo.chameleon/u0a0}
03-03 14:47:47.991 29969 29969 D ActivityThread: holder:android.app.IActivityManager$ContentProviderHolder@5016da, holder.provider:android.content.ContentProviderProxy@fac570b
03-03 14:47:48.062  1018  1217 D DisplayManagerService: Display listener for pid 29969 died.
03-03 14:47:48.062  1018  1894 I ActivityManager: Process com.gionee.cloud.gpe (pid 29969) has died
03-03 14:47:48.063  1018  1894 D ActivityManager: SVC-handleAppDiedLocked: app = ProcessRecord{9aec76e 29969:com.gionee.cloud.gpe/u0a67}, app.pid = 29969
03-03 14:47:48.063  1018  1894 D ActivityManager: cleanUpApplicationRecord -- 29969
03-03 14:47:48.063  1018  1894 D ActivityManager: removeDyingProviderLocked: cpr=ContentProviderRecord{b605ec4 u0 com.gionee.cloud.gpe/.provider.NotifyPushProvider} always=false inLaunching=false
03-03 14:47:48.063  1018  1894 D ActivityManager: SVC-mBroadcastQueues: com.android.server.am.BroadcastQueue@200e9c
03-03 14:47:48.063  1018  1894 D ActivityManager: SVC-mBroadcastQueues: com.android.server.am.BroadcastQueue@ac1f0a5
03-03 14:47:48.063  1018  1894 W ActivityManager: Re-adding persistent process ProcessRecord{9aec76e 29969:com.gionee.cloud.gpe/u0a67}
03-03 14:47:48.178 29989 29989 D ActivityThread: installProvider: context.getPackageName()=com.gionee.cloud.gpe
03-03 14:47:48.261  1018  1895 D ActivityManager: publishContentProviders: from caller=android.app.ApplicationThreadProxy@48041ad (pid=29989)
03-03 14:47:48.264  1018  1049 D ActivityManager: getContentProviderImpl: from caller=android.app.ApplicationThreadProxy@38c4ba9 (pid=29989, userId=0) to get content provider settings cpr=ContentProviderRecord{9ff2abc u0 com.android.providers.settings/.SettingsProvider}
03-03 14:47:48.264  1018  1049 D ActivityManager: getContentProviderImpl: updateLruProcessLocked cpr.proc=ProcessRecord{5da5ec4 1018:system/1000}
03-03 14:47:48.265 29989 29989 D ActivityThread: holder:android.app.IActivityManager$ContentProviderHolder@720faef, holder.provider:android.content.ContentProviderProxy@959d9fc
03-03 14:47:48.266  1018  1894 D ActivityManager: getContentProviderImpl: from caller=android.app.ApplicationThreadProxy@f7fe52e (pid=29989, userId=0) to get content provider com.amigo.chameleon.provider cpr=ContentProviderRecord{fbfbc72 u0 com.amigo.chameleon/.provider.ChameleonProvider}
03-03 14:47:48.266  1018  1894 D ActivityManager: getContentProviderImpl: updateLruProcessLocked cpr.proc=ProcessRecord{23a28c3 23163:com.amigo.chameleon/u0a0}
03-03 14:47:48.268 29989 29989 D ActivityThread: holder:android.app.IActivityManager$ContentProviderHolder@5016da, holder.provider:android.content.ContentProviderProxy@fac570b
03-03 14:47:48.322  1018  1217 D DisplayManagerService: Display listener for pid 29989 died.
03-03 14:47:48.322  1018  1048 I ActivityManager: Process com.gionee.cloud.gpe (pid 29989) has died
03-03 14:47:48.323  1018  1048 D ActivityManager: SVC-handleAppDiedLocked: app = ProcessRecord{9aec76e 29989:com.gionee.cloud.gpe/u0a67}, app.pid = 29989
03-03 14:47:48.323  1018  1048 D ActivityManager: cleanUpApplicationRecord -- 29989
03-03 14:47:48.323  1018  1048 D ActivityManager: removeDyingProviderLocked: cpr=ContentProviderRecord{dcc8cf u0 com.gionee.cloud.gpe/.provider.NotifyPushProvider} always=false inLaunching=false
03-03 14:47:48.323  1018  1048 D ActivityManager: SVC-mBroadcastQueues: com.android.server.am.BroadcastQueue@200e9c
03-03 14:47:48.323  1018  1048 D ActivityManager: SVC-mBroadcastQueues: com.android.server.am.BroadcastQueue@ac1f0a5
03-03 14:47:48.323  1018  1048 W ActivityManager: Re-adding persistent process ProcessRecord{9aec76e 29989:com.gionee.cloud.gpe/u0a67}
03-03 14:47:48.450 30001 30001 D ActivityThread: installProvider: context.getPackageName()=com.gionee.cloud.gpe
03-03 14:47:48.534  1018  6022 D ActivityManager: publishContentProviders: from caller=android.app.ApplicationThreadProxy@24ac25c (pid=30001)
03-03 14:47:48.537  1018  1893 D ActivityManager: getContentProviderImpl: from caller=android.app.ApplicationThreadProxy@9efa848 (pid=30001, userId=0) to get content provider settings cpr=ContentProviderRecord{9ff2abc u0 com.android.providers.settings/.SettingsProvider}
03-03 14:47:48.537  1018  1893 D ActivityManager: getContentProviderImpl: updateLruProcessLocked cpr.proc=ProcessRecord{5da5ec4 1018:system/1000}
03-03 14:47:48.537 30001 30001 D ActivityThread: holder:android.app.IActivityManager$ContentProviderHolder@720faef, holder.provider:android.content.ContentProviderProxy@959d9fc
03-03 14:47:48.538  1018  1894 D ActivityManager: getContentProviderImpl: from caller=android.app.ApplicationThreadProxy@c6e1 (pid=30001, userId=0) to get content provider com.amigo.chameleon.provider cpr=ContentProviderRecord{fbfbc72 u0 com.amigo.chameleon/.provider.ChameleonProvider}
03-03 14:47:48.539  1018  1894 D ActivityManager: getContentProviderImpl: updateLruProcessLocked cpr.proc=ProcessRecord{23a28c3 23163:com.amigo.chameleon/u0a0}
03-03 14:47:48.540 30001 30001 D ActivityThread: holder:android.app.IActivityManager$ContentProviderHolder@5016da, holder.provider:android.content.ContentProviderProxy@fac570b
03-03 14:47:48.592  1018  1217 D DisplayManagerService: Display listener for pid 30001 died.
03-03 14:47:48.592  1018  4311 I ActivityManager: Process com.gionee.cloud.gpe (pid 30001) has died
03-03 14:47:48.593  1018  4311 D ActivityManager: SVC-handleAppDiedLocked: app = ProcessRecord{9aec76e 30001:com.gionee.cloud.gpe/u0a67}, app.pid = 30001
03-03 14:47:48.593  1018  4311 D ActivityManager: cleanUpApplicationRecord -- 30001
03-03 14:47:48.593  1018  4311 D ActivityManager: removeDyingProviderLocked: cpr=ContentProviderRecord{ff36c06 u0 com.gionee.cloud.gpe/.provider.NotifyPushProvider} always=false inLaunching=false
03-03 14:47:48.593  1018  4311 D ActivityManager: SVC-mBroadcastQueues: com.android.server.am.BroadcastQueue@200e9c
03-03 14:47:48.593  1018  4311 D ActivityManager: SVC-mBroadcastQueues: com.android.server.am.BroadcastQueue@ac1f0a5
03-03 14:47:48.593  1018  4311 W ActivityManager: Re-adding persistent process ProcessRecord{9aec76e 30001:com.gionee.cloud.gpe/u0a67}
03-03 14:47:48.708 30021 30021 D ActivityThread: installProvider: context.getPackageName()=com.gionee.cloud.gpe
03-03 14:47:48.793  1018  1895 D ActivityManager: publishContentProviders: from caller=android.app.ApplicationThreadProxy@83302c7 (pid=30021)
03-03 14:47:48.796  1018  1049 D ActivityManager: getContentProviderImpl: from caller=android.app.ApplicationThreadProxy@2d30463 (pid=30021, userId=0) to get content provider settings cpr=ContentProviderRecord{9ff2abc u0 com.android.providers.settings/.SettingsProvider}
03-03 14:47:48.797  1018  1049 D ActivityManager: getContentProviderImpl: updateLruProcessLocked cpr.proc=ProcessRecord{5da5ec4 1018:system/1000}
03-03 14:47:48.798 30021 30021 D ActivityThread: holder:android.app.IActivityManager$ContentProviderHolder@720faef, holder.provider:android.content.ContentProviderProxy@959d9fc
03-03 14:47:48.799  1018  4311 D ActivityManager: getContentProviderImpl: from caller=android.app.ApplicationThreadProxy@6c13860 (pid=30021, userId=0) to get content provider com.amigo.chameleon.provider cpr=ContentProviderRecord{fbfbc72 u0 com.amigo.chameleon/.provider.ChameleonProvider}
03-03 14:47:48.799  1018  4311 D ActivityManager: getContentProviderImpl: updateLruProcessLocked cpr.proc=ProcessRecord{23a28c3 23163:com.amigo.chameleon/u0a0}
03-03 14:47:48.803 30021 30021 D ActivityThread: holder:android.app.IActivityManager$ContentProviderHolder@5016da, holder.provider:android.content.ContentProviderProxy@fac570b
03-03 14:47:48.852  1018  1894 I ActivityManager: Process com.gionee.cloud.gpe (pid 30021) has died
03-03 14:47:48.853  1018  1894 D ActivityManager: SVC-handleAppDiedLocked: app = ProcessRecord{9aec76e 30021:com.gionee.cloud.gpe/u0a67}, app.pid = 30021
03-03 14:47:48.853  1018  1894 D ActivityManager: cleanUpApplicationRecord -- 30021
03-03 14:47:48.853  1018  1894 D ActivityManager: removeDyingProviderLocked: cpr=ContentProviderRecord{9b27119 u0 com.gionee.cloud.gpe/.provider.NotifyPushProvider} always=false inLaunching=false
03-03 14:47:48.853  1018  1894 D ActivityManager: SVC-mBroadcastQueues: com.android.server.am.BroadcastQueue@200e9c
03-03 14:47:48.853  1018  1894 D ActivityManager: SVC-mBroadcastQueues: com.android.server.am.BroadcastQueue@ac1f0a5
03-03 14:47:48.853  1018  1048 D DisplayManagerService: Display listener for pid 30021 died.
03-03 14:47:48.854  1018  1894 W ActivityManager: Re-adding persistent process ProcessRecord{9aec76e 30021:com.gionee.cloud.gpe/u0a67}
03-03 14:47:48.942 30033 30033 D ActivityThread: installProvider: context.getPackageName()=com.gionee.cloud.gpe
03-03 14:47:49.062  1018  1893 D ActivityManager: publishContentProviders: from caller=android.app.ApplicationThreadProxy@1c5f5de (pid=30033)
03-03 14:47:49.066  1018  1049 D ActivityManager: getContentProviderImpl: from caller=android.app.ApplicationThreadProxy@b791ea (pid=30033, userId=0) to get content provider settings cpr=ContentProviderRecord{9ff2abc u0 com.android.providers.settings/.SettingsProvider}
03-03 14:47:49.067  1018  1049 D ActivityManager: getContentProviderImpl: updateLruProcessLocked cpr.proc=ProcessRecord{5da5ec4 1018:system/1000}
03-03 14:47:49.068 30033 30033 D ActivityThread: holder:android.app.IActivityManager$ContentProviderHolder@720faef, holder.provider:android.content.ContentProviderProxy@959d9fc
03-03 14:47:49.070  1018  1894 D ActivityManager: getContentProviderImpl: from caller=android.app.ApplicationThreadProxy@19a9cdb (pid=30033, userId=0) to get content provider com.amigo.chameleon.provider cpr=ContentProviderRecord{fbfbc72 u0 com.amigo.chameleon/.provider.ChameleonProvider}
03-03 14:47:49.070  1018  1894 D ActivityManager: getContentProviderImpl: updateLruProcessLocked cpr.proc=ProcessRecord{23a28c3 23163:com.amigo.chameleon/u0a0}
03-03 14:47:49.073 30033 30033 D ActivityThread: holder:android.app.IActivityManager$ContentProviderHolder@5016da, holder.provider:android.content.ContentProviderProxy@fac570b
03-03 14:47:49.163  1018  1048 I ActivityManager: Process com.gionee.cloud.gpe (pid 30033) has died
03-03 14:47:49.163  1018  1048 D ActivityManager: SVC-handleAppDiedLocked: app = ProcessRecord{9aec76e 30033:com.gionee.cloud.gpe/u0a67}, app.pid = 30033
03-03 14:47:49.163  1018  1048 D ActivityManager: cleanUpApplicationRecord -- 30033
03-03 14:47:49.163  1018  1048 D ActivityManager: removeDyingProviderLocked: cpr=ContentProviderRecord{701b378 u0 com.gionee.cloud.gpe/.provider.NotifyPushProvider} always=false inLaunching=false
03-03 14:47:49.163  1018  1048 D ActivityManager: SVC-mBroadcastQueues: com.android.server.am.BroadcastQueue@200e9c
03-03 14:47:49.163  1018  1048 D ActivityManager: SVC-mBroadcastQueues: com.android.server.am.BroadcastQueue@ac1f0a5
03-03 14:47:49.163  1018  1217 D DisplayManagerService: Display listener for pid 30033 died.
03-03 14:47:49.164  1018  1048 W ActivityManager: Re-adding persistent process ProcessRecord{9aec76e 30033:com.gionee.cloud.gpe/u0a67}
03-03 14:47:49.279 30054 30054 D ActivityThread: installProvider: context.getPackageName()=com.gionee.cloud.gpe
03-03 14:47:49.362  1018  1895 D ActivityManager: publishContentProviders: from caller=android.app.ApplicationThreadProxy@7382a51 (pid=30054)
03-03 14:47:49.365  1018  6022 D ActivityManager: getContentProviderImpl: from caller=android.app.ApplicationThreadProxy@a041a8d (pid=30054, userId=0) to get content provider settings cpr=ContentProviderRecord{9ff2abc u0 com.android.providers.settings/.SettingsProvider}
03-03 14:47:49.366  1018  6022 D ActivityManager: getContentProviderImpl: updateLruProcessLocked cpr.proc=ProcessRecord{5da5ec4 1018:system/1000}
03-03 14:47:49.366 30054 30054 D ActivityThread: holder:android.app.IActivityManager$ContentProviderHolder@720faef, holder.provider:android.content.ContentProviderProxy@959d9fc
03-03 14:47:49.367  1018  1048 D ActivityManager: getContentProviderImpl: from caller=android.app.ApplicationThreadProxy@9e47442 (pid=30054, userId=0) to get content provider com.amigo.chameleon.provider cpr=ContentProviderRecord{fbfbc72 u0 com.amigo.chameleon/.provider.ChameleonProvider}
03-03 14:47:49.367  1018  1048 D ActivityManager: getContentProviderImpl: updateLruProcessLocked cpr.proc=ProcessRecord{23a28c3 23163:com.amigo.chameleon/u0a0}
03-03 14:47:49.369 30054 30054 D ActivityThread: holder:android.app.IActivityManager$ContentProviderHolder@5016da, holder.provider:android.content.ContentProviderProxy@fac570b
03-03 14:47:49.432  1018  6022 D DisplayManagerService: Display listener for pid 30054 died.
03-03 14:47:49.432  1018  1216 I ActivityManager: Process com.gionee.cloud.gpe (pid 30054) has died
03-03 14:47:49.433  1018  1216 D ActivityManager: SVC-handleAppDiedLocked: app = ProcessRecord{9aec76e 30054:com.gionee.cloud.gpe/u0a67}, app.pid = 30054
03-03 14:47:49.433  1018  1216 D ActivityManager: cleanUpApplicationRecord -- 30054
03-03 14:47:49.433  1018  1216 D ActivityManager: removeDyingProviderLocked: cpr=ContentProviderRecord{ebdcc53 u0 com.gionee.cloud.gpe/.provider.NotifyPushProvider} always=false inLaunching=false
03-03 14:47:49.433  1018  1216 D ActivityManager: SVC-mBroadcastQueues: com.android.server.am.BroadcastQueue@200e9c
03-03 14:47:49.433  1018  1216 D ActivityManager: SVC-mBroadcastQueues: com.android.server.am.BroadcastQueue@ac1f0a5
03-03 14:47:49.433  1018  1216 W ActivityManager: Re-adding persistent process ProcessRecord{9aec76e 30054:com.gionee.cloud.gpe/u0a67}
03-03 14:47:49.560 30066 30066 D ActivityThread: installProvider: context.getPackageName()=com.gionee.cloud.gpe
03-03 14:47:49.643  1018  1217 D ActivityManager: publishContentProviders: from caller=android.app.ApplicationThreadProxy@6437990 (pid=30066)
03-03 14:47:49.646  1018  1049 D ActivityManager: getContentProviderImpl: from caller=android.app.ApplicationThreadProxy@38e9ebc (pid=30066, userId=0) to get content provider settings cpr=ContentProviderRecord{9ff2abc u0 com.android.providers.settings/.SettingsProvider}
03-03 14:47:49.647  1018  1049 D ActivityManager: getContentProviderImpl: updateLruProcessLocked cpr.proc=ProcessRecord{5da5ec4 1018:system/1000}
03-03 14:47:49.647 30066 30066 D ActivityThread: holder:android.app.IActivityManager$ContentProviderHolder@720faef, holder.provider:android.content.ContentProviderProxy@959d9fc
03-03 14:47:49.648  1018  1216 D ActivityManager: getContentProviderImpl: from caller=android.app.ApplicationThreadProxy@97f0e45 (pid=30066, userId=0) to get content provider com.amigo.chameleon.provider cpr=ContentProviderRecord{fbfbc72 u0 com.amigo.chameleon/.provider.ChameleonProvider}
03-03 14:47:49.648  1018  1216 D ActivityManager: getContentProviderImpl: updateLruProcessLocked cpr.proc=ProcessRecord{23a28c3 23163:com.amigo.chameleon/u0a0}
03-03 14:47:49.650 30066 30066 D ActivityThread: holder:android.app.IActivityManager$ContentProviderHolder@5016da, holder.provider:android.content.ContentProviderProxy@fac570b
03-03 14:47:49.722  1018  1895 D DisplayManagerService: Display listener for pid 30066 died.
03-03 14:47:49.722  1018  1893 I ActivityManager: Process com.gionee.cloud.gpe (pid 30066) has died
03-03 14:47:49.723  1018  1893 D ActivityManager: SVC-handleAppDiedLocked: app = ProcessRecord{9aec76e 30066:com.gionee.cloud.gpe/u0a67}, app.pid = 30066
03-03 14:47:49.723  1018  1893 D ActivityManager: cleanUpApplicationRecord -- 30066
03-03 14:47:49.723  1018  1893 D ActivityManager: removeDyingProviderLocked: cpr=ContentProviderRecord{fd0499a u0 com.gionee.cloud.gpe/.provider.NotifyPushProvider} always=false inLaunching=false
03-03 14:47:49.723  1018  1893 D ActivityManager: SVC-mBroadcastQueues: com.android.server.am.BroadcastQueue@200e9c
03-03 14:47:49.723  1018  1893 D ActivityManager: SVC-mBroadcastQueues: com.android.server.am.BroadcastQueue@ac1f0a5
03-03 14:47:49.723  1018  1893 W ActivityManager: Re-adding persistent process ProcessRecord{9aec76e 30066:com.gionee.cloud.gpe/u0a67}
03-03 14:47:49.849 30086 30086 D ActivityThread: installProvider: context.getPackageName()=com.gionee.cloud.gpe
03-03 14:47:49.944  1018  1217 D ActivityManager: publishContentProviders: from caller=android.app.ApplicationThreadProxy@93872cb (pid=30086)
03-03 14:47:49.948  1018  1048 D ActivityManager: getContentProviderImpl: from caller=android.app.ApplicationThreadProxy@ed970a7 (pid=30086, userId=0) to get content provider settings cpr=ContentProviderRecord{9ff2abc u0 com.android.providers.settings/.SettingsProvider}
03-03 14:47:49.948  1018  1048 D ActivityManager: getContentProviderImpl: updateLruProcessLocked cpr.proc=ProcessRecord{5da5ec4 1018:system/1000}
03-03 14:47:49.950 30086 30086 D ActivityThread: holder:android.app.IActivityManager$ContentProviderHolder@720faef, holder.provider:android.content.ContentProviderProxy@959d9fc
03-03 14:47:49.952  1018  1893 D ActivityManager: getContentProviderImpl: from caller=android.app.ApplicationThreadProxy@b120954 (pid=30086, userId=0) to get content provider com.amigo.chameleon.provider cpr=ContentProviderRecord{fbfbc72 u0 com.amigo.chameleon/.provider.ChameleonProvider}
03-03 14:47:49.952  1018  1893 D ActivityManager: getContentProviderImpl: updateLruProcessLocked cpr.proc=ProcessRecord{23a28c3 23163:com.amigo.chameleon/u0a0}
03-03 14:47:49.955 30086 30086 D ActivityThread: holder:android.app.IActivityManager$ContentProviderHolder@5016da, holder.provider:android.content.ContentProviderProxy@fac570b
03-03 14:47:50.002  1018  1052 I ActivityManager: Process com.gionee.cloud.gpe (pid 30086) has died
03-03 14:47:50.003  1018  1052 D ActivityManager: SVC-handleAppDiedLocked: app = ProcessRecord{9aec76e 30086:com.gionee.cloud.gpe/u0a67}, app.pid = 30086
03-03 14:47:50.003  1018  1052 D ActivityManager: cleanUpApplicationRecord -- 30086
03-03 14:47:50.003  1018  1052 D ActivityManager: removeDyingProviderLocked: cpr=ContentProviderRecord{7dc0fd u0 com.gionee.cloud.gpe/.provider.NotifyPushProvider} always=false inLaunching=false
03-03 14:47:50.003  1018  1052 D ActivityManager: SVC-mBroadcastQueues: com.android.server.am.BroadcastQueue@200e9c
03-03 14:47:50.003  1018  1052 D ActivityManager: SVC-mBroadcastQueues: com.android.server.am.BroadcastQueue@ac1f0a5
03-03 14:47:50.003  1018  1049 D DisplayManagerService: Display listener for pid 30086 died.
03-03 14:47:50.005  1018  1052 W ActivityManager: Re-adding persistent process ProcessRecord{9aec76e 30086:com.gionee.cloud.gpe/u0a67}
03-03 14:47:50.114 30098 30098 D ActivityThread: installProvider: context.getPackageName()=com.gionee.cloud.gpe
03-03 14:47:50.217  1018  6022 D ActivityManager: publishContentProviders: from caller=android.app.ApplicationThreadProxy@70671f2 (pid=30098)
03-03 14:47:50.220  1018  1052 D ActivityManager: getContentProviderImpl: from caller=android.app.ApplicationThreadProxy@805bb3e (pid=30098, userId=0) to get content provider settings cpr=ContentProviderRecord{9ff2abc u0 com.android.providers.settings/.SettingsProvider}
03-03 14:47:50.220  1018  1052 D ActivityManager: getContentProviderImpl: updateLruProcessLocked cpr.proc=ProcessRecord{5da5ec4 1018:system/1000}
03-03 14:47:50.221 30098 30098 D ActivityThread: holder:android.app.IActivityManager$ContentProviderHolder@720faef, holder.provider:android.content.ContentProviderProxy@959d9fc
03-03 14:47:50.222  1018  1894 D ActivityManager: getContentProviderImpl: from caller=android.app.ApplicationThreadProxy@971cd9f (pid=30098, userId=0) to get content provider com.amigo.chameleon.provider cpr=ContentProviderRecord{fbfbc72 u0 com.amigo.chameleon/.provider.ChameleonProvider}
03-03 14:47:50.222  1018  1894 D ActivityManager: getContentProviderImpl: updateLruProcessLocked cpr.proc=ProcessRecord{23a28c3 23163:com.amigo.chameleon/u0a0}
03-03 14:47:50.224 30098 30098 D ActivityThread: holder:android.app.IActivityManager$ContentProviderHolder@5016da, holder.provider:android.content.ContentProviderProxy@fac570b
03-03 14:47:50.262  1018  1217 I ActivityManager: Process com.gionee.cloud.gpe (pid 30098) has died
03-03 14:47:50.263  1018  1217 D ActivityManager: SVC-handleAppDiedLocked: app = ProcessRecord{9aec76e 30098:com.gionee.cloud.gpe/u0a67}, app.pid = 30098
03-03 14:47:50.263  1018  1217 D ActivityManager: cleanUpApplicationRecord -- 30098
03-03 14:47:50.263  1018  1217 D ActivityManager: removeDyingProviderLocked: cpr=ContentProviderRecord{a152eec u0 com.gionee.cloud.gpe/.provider.NotifyPushProvider} always=false inLaunching=false
03-03 14:47:50.263  1018  1217 D ActivityManager: SVC-mBroadcastQueues: com.android.server.am.BroadcastQueue@200e9c
03-03 14:47:50.263  1018  1217 D ActivityManager: SVC-mBroadcastQueues: com.android.server.am.BroadcastQueue@ac1f0a5
03-03 14:47:50.263  1018  4311 D DisplayManagerService: Display listener for pid 30098 died.
03-03 14:47:50.264  1018  1217 W ActivityManager: Re-adding persistent process ProcessRecord{9aec76e 30098:com.gionee.cloud.gpe/u0a67}
03-03 14:47:50.393 30116 30116 D ActivityThread: installProvider: context.getPackageName()=com.gionee.cloud.gpe
03-03 14:47:50.486  1018  1893 D ActivityManager: publishContentProviders: from caller=android.app.ApplicationThreadProxy@5d912b5 (pid=30116)
03-03 14:47:50.490  1018  1052 D ActivityManager: getContentProviderImpl: from caller=android.app.ApplicationThreadProxy@552531 (pid=30116, userId=0) to get content provider settings cpr=ContentProviderRecord{9ff2abc u0 com.android.providers.settings/.SettingsProvider}
03-03 14:47:50.490  1018  1052 D ActivityManager: getContentProviderImpl: updateLruProcessLocked cpr.proc=ProcessRecord{5da5ec4 1018:system/1000}
03-03 14:47:50.491 30116 30116 D ActivityThread: holder:android.app.IActivityManager$ContentProviderHolder@720faef, holder.provider:android.content.ContentProviderProxy@959d9fc
03-03 14:47:50.492  1018  1894 D ActivityManager: getContentProviderImpl: from caller=android.app.ApplicationThreadProxy@a7bf416 (pid=30116, userId=0) to get content provider com.amigo.chameleon.provider cpr=ContentProviderRecord{fbfbc72 u0 com.amigo.chameleon/.provider.ChameleonProvider}
03-03 14:47:50.493  1018  1894 D ActivityManager: getContentProviderImpl: updateLruProcessLocked cpr.proc=ProcessRecord{23a28c3 23163:com.amigo.chameleon/u0a0}
03-03 14:47:50.495 30116 30116 D ActivityThread: holder:android.app.IActivityManager$ContentProviderHolder@5016da, holder.provider:android.content.ContentProviderProxy@fac570b
03-03 14:47:50.552  1018  4311 D DisplayManagerService: Display listener for pid 30116 died.
03-03 14:47:50.552  1018  1216 I ActivityManager: Process com.gionee.cloud.gpe (pid 30116) has died
03-03 14:47:50.553  1018  1216 D ActivityManager: SVC-handleAppDiedLocked: app = ProcessRecord{9aec76e 30116:com.gionee.cloud.gpe/u0a67}, app.pid = 30116
03-03 14:47:50.553  1018  1216 D ActivityManager: cleanUpApplicationRecord -- 30116
03-03 14:47:50.553  1018  1216 D ActivityManager: removeDyingProviderLocked: cpr=ContentProviderRecord{a29d197 u0 com.gionee.cloud.gpe/.provider.NotifyPushProvider} always=false inLaunching=false
03-03 14:47:50.553  1018  1216 D ActivityManager: SVC-mBroadcastQueues: com.android.server.am.BroadcastQueue@200e9c
03-03 14:47:50.553  1018  1216 D ActivityManager: SVC-mBroadcastQueues: com.android.server.am.BroadcastQueue@ac1f0a5
03-03 14:47:50.553  1018  1216 W ActivityManager: Re-adding persistent process ProcessRecord{9aec76e 30116:com.gionee.cloud.gpe/u0a67}
03-03 14:47:50.673 30131 30131 D ActivityThread: installProvider: context.getPackageName()=com.gionee.cloud.gpe
03-03 14:47:50.760  1018  6022 D ActivityManager: publishContentProviders: from caller=android.app.ApplicationThreadProxy@3746f84 (pid=30131)
03-03 14:47:50.763  1018  1217 D ActivityManager: getContentProviderImpl: from caller=android.app.ApplicationThreadProxy@98afff0 (pid=30131, userId=0) to get content provider settings cpr=ContentProviderRecord{9ff2abc u0 com.android.providers.settings/.SettingsProvider}
03-03 14:47:50.763  1018  1217 D ActivityManager: getContentProviderImpl: updateLruProcessLocked cpr.proc=ProcessRecord{5da5ec4 1018:system/1000}
03-03 14:47:50.764 30131 30131 D ActivityThread: holder:android.app.IActivityManager$ContentProviderHolder@720faef, holder.provider:android.content.ContentProviderProxy@959d9fc
03-03 14:47:50.765  1018  1216 D ActivityManager: getContentProviderImpl: from caller=android.app.ApplicationThreadProxy@dca4969 (pid=30131, userId=0) to get content provider com.amigo.chameleon.provider cpr=ContentProviderRecord{fbfbc72 u0 com.amigo.chameleon/.provider.ChameleonProvider}
03-03 14:47:50.765  1018  1216 D ActivityManager: getContentProviderImpl: updateLruProcessLocked cpr.proc=ProcessRecord{23a28c3 23163:com.amigo.chameleon/u0a0}
03-03 14:47:50.767 30131 30131 D ActivityThread: holder:android.app.IActivityManager$ContentProviderHolder@5016da, holder.provider:android.content.ContentProviderProxy@fac570b
03-03 14:47:50.832  1018  1217 D DisplayManagerService: Display listener for pid 30131 died.
03-03 14:47:50.832  1018  4311 I ActivityManager: Process com.gionee.cloud.gpe (pid 30131) has died
03-03 14:47:50.833  1018  4311 D ActivityManager: SVC-handleAppDiedLocked: app = ProcessRecord{9aec76e 30131:com.gionee.cloud.gpe/u0a67}, app.pid = 30131
03-03 14:47:50.833  1018  4311 D ActivityManager: cleanUpApplicationRecord -- 30131
03-03 14:47:50.833  1018  4311 D ActivityManager: removeDyingProviderLocked: cpr=ContentProviderRecord{1b56fee u0 com.gionee.cloud.gpe/.provider.NotifyPushProvider} always=false inLaunching=false
03-03 14:47:50.833  1018  4311 D ActivityManager: SVC-mBroadcastQueues: com.android.server.am.BroadcastQueue@200e9c
03-03 14:47:50.833  1018  4311 D ActivityManager: SVC-mBroadcastQueues: com.android.server.am.BroadcastQueue@ac1f0a5
03-03 14:47:50.833  1018  4311 W ActivityManager: Re-adding persistent process ProcessRecord{9aec76e 30131:com.gionee.cloud.gpe/u0a67}
03-03 14:47:50.958 30149 30149 D ActivityThread: installProvider: context.getPackageName()=com.gionee.cloud.gpe
03-03 14:47:51.042  1018  6022 D ActivityManager: publishContentProviders: from caller=android.app.ApplicationThreadProxy@26f5c8f (pid=30149)
03-03 14:47:51.045  1018  1894 D ActivityManager: getContentProviderImpl: from caller=android.app.ApplicationThreadProxy@c0f32ab (pid=30149, userId=0) to get content provider settings cpr=ContentProviderRecord{9ff2abc u0 com.android.providers.settings/.SettingsProvider}
03-03 14:47:51.045  1018  1894 D ActivityManager: getContentProviderImpl: updateLruProcessLocked cpr.proc=ProcessRecord{5da5ec4 1018:system/1000}
03-03 14:47:51.046 30149 30149 D ActivityThread: holder:android.app.IActivityManager$ContentProviderHolder@720faef, holder.provider:android.content.ContentProviderProxy@959d9fc
03-03 14:47:51.047  1018  4311 D ActivityManager: getContentProviderImpl: from caller=android.app.ApplicationThreadProxy@f2add08 (pid=30149, userId=0) to get content provider com.amigo.chameleon.provider cpr=ContentProviderRecord{fbfbc72 u0 com.amigo.chameleon/.provider.ChameleonProvider}
03-03 14:47:51.048  1018  4311 D ActivityManager: getContentProviderImpl: updateLruProcessLocked cpr.proc=ProcessRecord{23a28c3 23163:com.amigo.chameleon/u0a0}
03-03 14:47:51.049 30149 30149 D ActivityThread: holder:android.app.IActivityManager$ContentProviderHolder@5016da, holder.provider:android.content.ContentProviderProxy@fac570b
03-03 14:47:51.112  1018  6022 D DisplayManagerService: Display listener for pid 30149 died.
03-03 14:47:51.112  1018  1217 I ActivityManager: Process com.gionee.cloud.gpe (pid 30149) has died
03-03 14:47:51.113  1018  1217 D ActivityManager: SVC-handleAppDiedLocked: app = ProcessRecord{9aec76e 30149:com.gionee.cloud.gpe/u0a67}, app.pid = 30149
03-03 14:47:51.113  1018  1217 D ActivityManager: cleanUpApplicationRecord -- 30149
03-03 14:47:51.113  1018  1217 D ActivityManager: removeDyingProviderLocked: cpr=ContentProviderRecord{c8bca1 u0 com.gionee.cloud.gpe/.provider.NotifyPushProvider} always=false inLaunching=false
03-03 14:47:51.113  1018  1217 D ActivityManager: SVC-mBroadcastQueues: com.android.server.am.BroadcastQueue@200e9c
03-03 14:47:51.113  1018  1217 D ActivityManager: SVC-mBroadcastQueues: com.android.server.am.BroadcastQueue@ac1f0a5
03-03 14:47:51.113  1018  1217 W ActivityManager: Re-adding persistent process ProcessRecord{9aec76e 30149:com.gionee.cloud.gpe/u0a67}
03-03 14:47:51.212 30163 30163 D ActivityThread: installProvider: context.getPackageName()=com.gionee.cloud.gpe
03-03 14:47:51.298  1018  1216 D ActivityManager: publishContentProviders: from caller=android.app.ApplicationThreadProxy@4778ec6 (pid=30163)
03-03 14:47:51.302  1018  1052 D ActivityManager: getContentProviderImpl: from caller=android.app.ApplicationThreadProxy@ecdd152 (pid=30163, userId=0) to get content provider settings cpr=ContentProviderRecord{9ff2abc u0 com.android.providers.settings/.SettingsProvider}
03-03 14:47:51.302  1018  1052 D ActivityManager: getContentProviderImpl: updateLruProcessLocked cpr.proc=ProcessRecord{5da5ec4 1018:system/1000}
03-03 14:47:51.303 30163 30163 D ActivityThread: holder:android.app.IActivityManager$ContentProviderHolder@720faef, holder.provider:android.content.ContentProviderProxy@959d9fc
03-03 14:47:51.304  1018  1217 D ActivityManager: getContentProviderImpl: from caller=android.app.ApplicationThreadProxy@ad54c23 (pid=30163, userId=0) to get content provider com.amigo.chameleon.provider cpr=ContentProviderRecord{fbfbc72 u0 com.amigo.chameleon/.provider.ChameleonProvider}
03-03 14:47:51.304  1018  1217 D ActivityManager: getContentProviderImpl: updateLruProcessLocked cpr.proc=ProcessRecord{23a28c3 23163:com.amigo.chameleon/u0a0}
03-03 14:47:51.306 30163 30163 D ActivityThread: holder:android.app.IActivityManager$ContentProviderHolder@5016da, holder.provider:android.content.ContentProviderProxy@fac570b
03-03 14:47:51.352  1018  6022 I ActivityManager: Process com.gionee.cloud.gpe (pid 30163) has died
03-03 14:47:51.353  1018  6022 D ActivityManager: SVC-handleAppDiedLocked: app = ProcessRecord{9aec76e 30163:com.gionee.cloud.gpe/u0a67}, app.pid = 30163
03-03 14:47:51.353  1018  6022 D ActivityManager: cleanUpApplicationRecord -- 30163
03-03 14:47:51.353  1018  6022 D ActivityManager: removeDyingProviderLocked: cpr=ContentProviderRecord{164520 u0 com.gionee.cloud.gpe/.provider.NotifyPushProvider} always=false inLaunching=false
03-03 14:47:51.353  1018  6022 D ActivityManager: SVC-mBroadcastQueues: com.android.server.am.BroadcastQueue@200e9c
03-03 14:47:51.353  1018  6022 D ActivityManager: SVC-mBroadcastQueues: com.android.server.am.BroadcastQueue@ac1f0a5
03-03 14:47:51.353  1018  1048 D DisplayManagerService: Display listener for pid 30163 died.
03-03 14:47:51.354  1018  6022 W ActivityManager: Re-adding persistent process ProcessRecord{9aec76e 30163:com.gionee.cloud.gpe/u0a67}
03-03 14:47:51.451 30179 30179 D ActivityThread: installProvider: context.getPackageName()=com.gionee.cloud.gpe
03-03 14:47:51.551  1018  1893 D ActivityManager: publishContentProviders: from caller=android.app.ApplicationThreadProxy@94b5ed9 (pid=30179)
03-03 14:47:51.554  1018  1216 D ActivityManager: getContentProviderImpl: from caller=android.app.ApplicationThreadProxy@f8a0f95 (pid=30179, userId=0) to get content provider settings cpr=ContentProviderRecord{9ff2abc u0 com.android.providers.settings/.SettingsProvider}
03-03 14:47:51.554  1018  1216 D ActivityManager: getContentProviderImpl: updateLruProcessLocked cpr.proc=ProcessRecord{5da5ec4 1018:system/1000}
03-03 14:47:51.555 30179 30179 D ActivityThread: holder:android.app.IActivityManager$ContentProviderHolder@720faef, holder.provider:android.content.ContentProviderProxy@959d9fc
03-03 14:47:51.556  1018  1896 D ActivityManager: getContentProviderImpl: from caller=android.app.ApplicationThreadProxy@c638aa (pid=30179, userId=0) to get content provider com.amigo.chameleon.provider cpr=ContentProviderRecord{fbfbc72 u0 com.amigo.chameleon/.provider.ChameleonProvider}
03-03 14:47:51.556  1018  1896 D ActivityManager: getContentProviderImpl: updateLruProcessLocked cpr.proc=ProcessRecord{23a28c3 23163:com.amigo.chameleon/u0a0}
03-03 14:47:51.558 30179 30179 D ActivityThread: holder:android.app.IActivityManager$ContentProviderHolder@5016da, holder.provider:android.content.ContentProviderProxy@fac570b
03-03 14:47:51.632  1018  1052 D DisplayManagerService: Display listener for pid 30179 died.
03-03 14:47:51.632  1018  1894 I ActivityManager: Process com.gionee.cloud.gpe (pid 30179) has died
03-03 14:47:51.633  1018  1894 D ActivityManager: SVC-handleAppDiedLocked: app = ProcessRecord{9aec76e 30179:com.gionee.cloud.gpe/u0a67}, app.pid = 30179
03-03 14:47:51.633  1018  1894 D ActivityManager: cleanUpApplicationRecord -- 30179
03-03 14:47:51.633  1018  1894 D ActivityManager: removeDyingProviderLocked: cpr=ContentProviderRecord{7261c9b u0 com.gionee.cloud.gpe/.provider.NotifyPushProvider} always=false inLaunching=false
03-03 14:47:51.633  1018  1894 D ActivityManager: SVC-mBroadcastQueues: com.android.server.am.BroadcastQueue@200e9c
03-03 14:47:51.633  1018  1894 D ActivityManager: SVC-mBroadcastQueues: com.android.server.am.BroadcastQueue@ac1f0a5
03-03 14:47:51.633  1018  1894 W ActivityManager: Re-adding persistent process ProcessRecord{9aec76e 30179:com.gionee.cloud.gpe/u0a67}
03-03 14:47:51.768 30196 30196 D ActivityThread: installProvider: context.getPackageName()=com.gionee.cloud.gpe
03-03 14:47:51.852  1018  1216 D ActivityManager: publishContentProviders: from caller=android.app.ApplicationThreadProxy@2d39838 (pid=30196)
03-03 14:47:51.855  1018  1893 D ActivityManager: getContentProviderImpl: from caller=android.app.ApplicationThreadProxy@45ffe4 (pid=30196, userId=0) to get content provider settings cpr=ContentProviderRecord{9ff2abc u0 com.android.providers.settings/.SettingsProvider}
03-03 14:47:51.855  1018  1893 D ActivityManager: getContentProviderImpl: updateLruProcessLocked cpr.proc=ProcessRecord{5da5ec4 1018:system/1000}
03-03 14:47:51.856 30196 30196 D ActivityThread: holder:android.app.IActivityManager$ContentProviderHolder@720faef, holder.provider:android.content.ContentProviderProxy@959d9fc
03-03 14:47:51.857  1018  1894 D ActivityManager: getContentProviderImpl: from caller=android.app.ApplicationThreadProxy@1d9c4d (pid=30196, userId=0) to get content provider com.amigo.chameleon.provider cpr=ContentProviderRecord{fbfbc72 u0 com.amigo.chameleon/.provider.ChameleonProvider}
03-03 14:47:51.857  1018  1894 D ActivityManager: getContentProviderImpl: updateLruProcessLocked cpr.proc=ProcessRecord{23a28c3 23163:com.amigo.chameleon/u0a0}
03-03 14:47:51.859 30196 30196 D ActivityThread: holder:android.app.IActivityManager$ContentProviderHolder@5016da, holder.provider:android.content.ContentProviderProxy@fac570b
03-03 14:47:51.912  1018  6022 D DisplayManagerService: Display listener for pid 30196 died.
03-03 14:47:51.912  1018  1048 I ActivityManager: Process com.gionee.cloud.gpe (pid 30196) has died
03-03 14:47:51.913  1018  1048 D ActivityManager: SVC-handleAppDiedLocked: app = ProcessRecord{9aec76e 30196:com.gionee.cloud.gpe/u0a67}, app.pid = 30196
03-03 14:47:51.913  1018  1048 D ActivityManager: cleanUpApplicationRecord -- 30196
03-03 14:47:51.913  1018  1048 D ActivityManager: removeDyingProviderLocked: cpr=ContentProviderRecord{2c93302 u0 com.gionee.cloud.gpe/.provider.NotifyPushProvider} always=false inLaunching=false
03-03 14:47:51.913  1018  1048 D ActivityManager: SVC-mBroadcastQueues: com.android.server.am.BroadcastQueue@200e9c
03-03 14:47:51.913  1018  1048 D ActivityManager: SVC-mBroadcastQueues: com.android.server.am.BroadcastQueue@ac1f0a5
03-03 14:47:51.913  1018  1048 W ActivityManager: Re-adding persistent process ProcessRecord{9aec76e 30196:com.gionee.cloud.gpe/u0a67}
03-03 14:47:52.029 30212 30212 D ActivityThread: installProvider: context.getPackageName()=com.gionee.cloud.gpe
03-03 14:47:52.113  1018  1052 D ActivityManager: publishContentProviders: from caller=android.app.ApplicationThreadProxy@2c18413 (pid=30212)
03-03 14:47:52.116  1018  6022 D ActivityManager: getContentProviderImpl: from caller=android.app.ApplicationThreadProxy@8364e6f (pid=30212, userId=0) to get content provider settings cpr=ContentProviderRecord{9ff2abc u0 com.android.providers.settings/.SettingsProvider}
03-03 14:47:52.116  1018  6022 D ActivityManager: getContentProviderImpl: updateLruProcessLocked cpr.proc=ProcessRecord{5da5ec4 1018:system/1000}
03-03 14:47:52.117 30212 30212 D ActivityThread: holder:android.app.IActivityManager$ContentProviderHolder@720faef, holder.provider:android.content.ContentProviderProxy@959d9fc
03-03 14:47:52.118  1018  1048 D ActivityManager: getContentProviderImpl: from caller=android.app.ApplicationThreadProxy@3df677c (pid=30212, userId=0) to get content provider com.amigo.chameleon.provider cpr=ContentProviderRecord{fbfbc72 u0 com.amigo.chameleon/.provider.ChameleonProvider}
03-03 14:47:52.118  1018  1048 D ActivityManager: getContentProviderImpl: updateLruProcessLocked cpr.proc=ProcessRecord{23a28c3 23163:com.amigo.chameleon/u0a0}
03-03 14:47:52.120 30212 30212 D ActivityThread: holder:android.app.IActivityManager$ContentProviderHolder@5016da, holder.provider:android.content.ContentProviderProxy@fac570b
03-03 14:47:52.172  1018  1052 D DisplayManagerService: Display listener for pid 30212 died.
03-03 14:47:52.172  1018  1895 I ActivityManager: Process com.gionee.cloud.gpe (pid 30212) has died
03-03 14:47:52.173  1018  1895 D ActivityManager: SVC-handleAppDiedLocked: app = ProcessRecord{9aec76e 30212:com.gionee.cloud.gpe/u0a67}, app.pid = 30212
03-03 14:47:52.173  1018  1895 D ActivityManager: cleanUpApplicationRecord -- 30212
03-03 14:47:52.173  1018  1895 D ActivityManager: removeDyingProviderLocked: cpr=ContentProviderRecord{d8f0805 u0 com.gionee.cloud.gpe/.provider.NotifyPushProvider} always=false inLaunching=false
03-03 14:47:52.173  1018  1895 D ActivityManager: SVC-mBroadcastQueues: com.android.server.am.BroadcastQueue@200e9c
03-03 14:47:52.173  1018  1895 D ActivityManager: SVC-mBroadcastQueues: com.android.server.am.BroadcastQueue@ac1f0a5
03-03 14:47:52.173  1018  1895 W ActivityManager: Re-adding persistent process ProcessRecord{9aec76e 30212:com.gionee.cloud.gpe/u0a67}
03-03 14:47:52.299 30228 30228 D ActivityThread: installProvider: context.getPackageName()=com.gionee.cloud.gpe
03-03 14:47:52.396  1018  6022 D ActivityManager: publishContentProviders: from caller=android.app.ApplicationThreadProxy@336205a (pid=30228)
03-03 14:47:52.401  1018  1052 D ActivityManager: getContentProviderImpl: from caller=android.app.ApplicationThreadProxy@525e826 (pid=30228, userId=0) to get content provider settings cpr=ContentProviderRecord{9ff2abc u0 com.android.providers.settings/.SettingsProvider}
03-03 14:47:52.401  1018  1052 D ActivityManager: getContentProviderImpl: updateLruProcessLocked cpr.proc=ProcessRecord{5da5ec4 1018:system/1000}
03-03 14:47:52.403 30228 30228 D ActivityThread: holder:android.app.IActivityManager$ContentProviderHolder@720faef, holder.provider:android.content.ContentProviderProxy@959d9fc
03-03 14:47:52.405  1018  1895 D ActivityManager: getContentProviderImpl: from caller=android.app.ApplicationThreadProxy@1439c67 (pid=30228, userId=0) to get content provider com.amigo.chameleon.provider cpr=ContentProviderRecord{fbfbc72 u0 com.amigo.chameleon/.provider.ChameleonProvider}
03-03 14:47:52.405  1018  1895 D ActivityManager: getContentProviderImpl: updateLruProcessLocked cpr.proc=ProcessRecord{23a28c3 23163:com.amigo.chameleon/u0a0}
03-03 14:47:52.408 30228 30228 D ActivityThread: holder:android.app.IActivityManager$ContentProviderHolder@5016da, holder.provider:android.content.ContentProviderProxy@fac570b
03-03 14:47:52.462  1018  1217 I ActivityManager: Process com.gionee.cloud.gpe (pid 30228) has died
03-03 14:47:52.463  1018  1217 D ActivityManager: SVC-handleAppDiedLocked: app = ProcessRecord{9aec76e 30228:com.gionee.cloud.gpe/u0a67}, app.pid = 30228
03-03 14:47:52.463  1018  1217 D ActivityManager: cleanUpApplicationRecord -- 30228
03-03 14:47:52.463  1018  1217 D ActivityManager: removeDyingProviderLocked: cpr=ContentProviderRecord{21b2a14 u0 com.gionee.cloud.gpe/.provider.NotifyPushProvider} always=false inLaunching=false
03-03 14:47:52.463  1018  1217 D ActivityManager: SVC-mBroadcastQueues: com.android.server.am.BroadcastQueue@200e9c
03-03 14:47:52.463  1018  1217 D ActivityManager: SVC-mBroadcastQueues: com.android.server.am.BroadcastQueue@ac1f0a5
03-03 14:47:52.463  1018  1216 D DisplayManagerService: Display listener for pid 30228 died.
03-03 14:47:52.464  1018  1217 W ActivityManager: Re-adding persistent process ProcessRecord{9aec76e 30228:com.gionee.cloud.gpe/u0a67}
03-03 14:47:52.482  1018  1065 W ProcessCpuTracker: Skipping unknown process pid 30228
03-03 14:47:52.569 30244 30244 D ActivityThread: installProvider: context.getPackageName()=com.gionee.cloud.gpe
03-03 14:47:52.657  1018  1052 D ActivityManager: publishContentProviders: from caller=android.app.ApplicationThreadProxy@bdb32bd (pid=30244)
03-03 14:47:52.661  1018  1895 D ActivityManager: getContentProviderImpl: from caller=android.app.ApplicationThreadProxy@48d3db9 (pid=30244, userId=0) to get content provider settings cpr=ContentProviderRecord{9ff2abc u0 com.android.providers.settings/.SettingsProvider}
03-03 14:47:52.661  1018  1895 D ActivityManager: getContentProviderImpl: updateLruProcessLocked cpr.proc=ProcessRecord{5da5ec4 1018:system/1000}
03-03 14:47:52.661 30244 30244 D ActivityThread: holder:android.app.IActivityManager$ContentProviderHolder@720faef, holder.provider:android.content.ContentProviderProxy@959d9fc
03-03 14:47:52.663  1018  1217 D ActivityManager: getContentProviderImpl: from caller=android.app.ApplicationThreadProxy@f07d5fe (pid=30244, userId=0) to get content provider com.amigo.chameleon.provider cpr=ContentProviderRecord{fbfbc72 u0 com.amigo.chameleon/.provider.ChameleonProvider}
03-03 14:47:52.663  1018  1217 D ActivityManager: getContentProviderImpl: updateLruProcessLocked cpr.proc=ProcessRecord{23a28c3 23163:com.amigo.chameleon/u0a0}
03-03 14:47:52.665 30244 30244 D ActivityThread: holder:android.app.IActivityManager$ContentProviderHolder@5016da, holder.provider:android.content.ContentProviderProxy@fac570b
03-03 14:47:52.732  1018  1216 I ActivityManager: Process com.gionee.cloud.gpe (pid 30244) has died
03-03 14:47:52.732  1018  1895 D DisplayManagerService: Display listener for pid 30244 died.
03-03 14:47:52.733  1018  1216 D ActivityManager: SVC-handleAppDiedLocked: app = ProcessRecord{9aec76e 30244:com.gionee.cloud.gpe/u0a67}, app.pid = 30244
03-03 14:47:52.733  1018  1216 D ActivityManager: cleanUpApplicationRecord -- 30244
03-03 14:47:52.733  1018  1216 D ActivityManager: removeDyingProviderLocked: cpr=ContentProviderRecord{9fdb15f u0 com.gionee.cloud.gpe/.provider.NotifyPushProvider} always=false inLaunching=false
03-03 14:47:52.733  1018  1216 D ActivityManager: SVC-mBroadcastQueues: com.android.server.am.BroadcastQueue@200e9c
03-03 14:47:52.733  1018  1216 D ActivityManager: SVC-mBroadcastQueues: com.android.server.am.BroadcastQueue@ac1f0a5
03-03 14:47:52.733  1018  1216 W ActivityManager: Re-adding persistent process ProcessRecord{9aec76e 30244:com.gionee.cloud.gpe/u0a67}
03-03 14:47:52.849 30260 30260 D ActivityThread: installProvider: context.getPackageName()=com.gionee.cloud.gpe
03-03 14:47:52.935  1018  6022 D ActivityManager: publishContentProviders: from caller=android.app.ApplicationThreadProxy@b89a7ac (pid=30260)
03-03 14:47:52.938  1018  1052 D ActivityManager: getContentProviderImpl: from caller=android.app.ApplicationThreadProxy@abf9298 (pid=30260, userId=0) to get content provider settings cpr=ContentProviderRecord{9ff2abc u0 com.android.providers.settings/.SettingsProvider}
03-03 14:47:52.938  1018  1052 D ActivityManager: getContentProviderImpl: updateLruProcessLocked cpr.proc=ProcessRecord{5da5ec4 1018:system/1000}
03-03 14:47:52.939 30260 30260 D ActivityThread: holder:android.app.IActivityManager$ContentProviderHolder@720faef, holder.provider:android.content.ContentProviderProxy@959d9fc
03-03 14:47:52.940  1018  1216 D ActivityManager: getContentProviderImpl: from caller=android.app.ApplicationThreadProxy@bcbeaf1 (pid=30260, userId=0) to get content provider com.amigo.chameleon.provider cpr=ContentProviderRecord{fbfbc72 u0 com.amigo.chameleon/.provider.ChameleonProvider}
03-03 14:47:52.940  1018  1216 D ActivityManager: getContentProviderImpl: updateLruProcessLocked cpr.proc=ProcessRecord{23a28c3 23163:com.amigo.chameleon/u0a0}
03-03 14:47:52.942 30260 30260 D ActivityThread: holder:android.app.IActivityManager$ContentProviderHolder@5016da, holder.provider:android.content.ContentProviderProxy@fac570b
03-03 14:47:53.002  1018  1895 D DisplayManagerService: Display listener for pid 30260 died.
03-03 14:47:53.002  1018  4311 I ActivityManager: Process com.gionee.cloud.gpe (pid 30260) has died
03-03 14:47:53.003  1018  4311 D ActivityManager: SVC-handleAppDiedLocked: app = ProcessRecord{9aec76e 30260:com.gionee.cloud.gpe/u0a67}, app.pid = 30260
03-03 14:47:53.003  1018  4311 D ActivityManager: cleanUpApplicationRecord -- 30260
